Archive member included to satisfy reference by file (symbol)

c:/st/stm32cubeide_1.7.0/stm32cubeide/plugins/com.st.stm32cube.ide.mcu.externaltools.gnu-tools-for-stm32.9-2020-q2-update.win32_2.0.0.202105311346/tools/bin/../lib/gcc/arm-none-eabi/9.3.1/../../../../arm-none-eabi/lib/thumb/v7e-m+fp/hard\libc_nano.a(lib_a-errno.o)
                              ./Core/Src/syscalls.o (__errno)
c:/st/stm32cubeide_1.7.0/stm32cubeide/plugins/com.st.stm32cube.ide.mcu.externaltools.gnu-tools-for-stm32.9-2020-q2-update.win32_2.0.0.202105311346/tools/bin/../lib/gcc/arm-none-eabi/9.3.1/../../../../arm-none-eabi/lib/thumb/v7e-m+fp/hard\libc_nano.a(lib_a-exit.o)
                              c:/st/stm32cubeide_1.7.0/stm32cubeide/plugins/com.st.stm32cube.ide.mcu.externaltools.gnu-tools-for-stm32.9-2020-q2-update.win32_2.0.0.202105311346/tools/bin/../lib/gcc/arm-none-eabi/9.3.1/../../../../arm-none-eabi/lib/thumb/v7e-m+fp/hard/crt0.o (exit)
c:/st/stm32cubeide_1.7.0/stm32cubeide/plugins/com.st.stm32cube.ide.mcu.externaltools.gnu-tools-for-stm32.9-2020-q2-update.win32_2.0.0.202105311346/tools/bin/../lib/gcc/arm-none-eabi/9.3.1/../../../../arm-none-eabi/lib/thumb/v7e-m+fp/hard\libc_nano.a(lib_a-impure.o)
                              c:/st/stm32cubeide_1.7.0/stm32cubeide/plugins/com.st.stm32cube.ide.mcu.externaltools.gnu-tools-for-stm32.9-2020-q2-update.win32_2.0.0.202105311346/tools/bin/../lib/gcc/arm-none-eabi/9.3.1/../../../../arm-none-eabi/lib/thumb/v7e-m+fp/hard\libc_nano.a(lib_a-exit.o) (_global_impure_ptr)
c:/st/stm32cubeide_1.7.0/stm32cubeide/plugins/com.st.stm32cube.ide.mcu.externaltools.gnu-tools-for-stm32.9-2020-q2-update.win32_2.0.0.202105311346/tools/bin/../lib/gcc/arm-none-eabi/9.3.1/../../../../arm-none-eabi/lib/thumb/v7e-m+fp/hard\libc_nano.a(lib_a-init.o)
                              c:/st/stm32cubeide_1.7.0/stm32cubeide/plugins/com.st.stm32cube.ide.mcu.externaltools.gnu-tools-for-stm32.9-2020-q2-update.win32_2.0.0.202105311346/tools/bin/../lib/gcc/arm-none-eabi/9.3.1/../../../../arm-none-eabi/lib/thumb/v7e-m+fp/hard/crt0.o (__libc_init_array)
c:/st/stm32cubeide_1.7.0/stm32cubeide/plugins/com.st.stm32cube.ide.mcu.externaltools.gnu-tools-for-stm32.9-2020-q2-update.win32_2.0.0.202105311346/tools/bin/../lib/gcc/arm-none-eabi/9.3.1/../../../../arm-none-eabi/lib/thumb/v7e-m+fp/hard\libc_nano.a(lib_a-memset.o)
                              c:/st/stm32cubeide_1.7.0/stm32cubeide/plugins/com.st.stm32cube.ide.mcu.externaltools.gnu-tools-for-stm32.9-2020-q2-update.win32_2.0.0.202105311346/tools/bin/../lib/gcc/arm-none-eabi/9.3.1/../../../../arm-none-eabi/lib/thumb/v7e-m+fp/hard/crt0.o (memset)
c:/st/stm32cubeide_1.7.0/stm32cubeide/plugins/com.st.stm32cube.ide.mcu.externaltools.gnu-tools-for-stm32.9-2020-q2-update.win32_2.0.0.202105311346/tools/bin/../lib/gcc/arm-none-eabi/9.3.1/thumb/v7e-m+fp/hard\libgcc.a(_aeabi_uldivmod.o)
                              ./Drivers/STM32F4xx_HAL_Driver/Src/stm32f4xx_hal_rcc.o (__aeabi_uldivmod)
c:/st/stm32cubeide_1.7.0/stm32cubeide/plugins/com.st.stm32cube.ide.mcu.externaltools.gnu-tools-for-stm32.9-2020-q2-update.win32_2.0.0.202105311346/tools/bin/../lib/gcc/arm-none-eabi/9.3.1/thumb/v7e-m+fp/hard\libgcc.a(_udivmoddi4.o)
                              c:/st/stm32cubeide_1.7.0/stm32cubeide/plugins/com.st.stm32cube.ide.mcu.externaltools.gnu-tools-for-stm32.9-2020-q2-update.win32_2.0.0.202105311346/tools/bin/../lib/gcc/arm-none-eabi/9.3.1/thumb/v7e-m+fp/hard\libgcc.a(_aeabi_uldivmod.o) (__udivmoddi4)
c:/st/stm32cubeide_1.7.0/stm32cubeide/plugins/com.st.stm32cube.ide.mcu.externaltools.gnu-tools-for-stm32.9-2020-q2-update.win32_2.0.0.202105311346/tools/bin/../lib/gcc/arm-none-eabi/9.3.1/thumb/v7e-m+fp/hard\libgcc.a(_dvmd_tls.o)
                              c:/st/stm32cubeide_1.7.0/stm32cubeide/plugins/com.st.stm32cube.ide.mcu.externaltools.gnu-tools-for-stm32.9-2020-q2-update.win32_2.0.0.202105311346/tools/bin/../lib/gcc/arm-none-eabi/9.3.1/thumb/v7e-m+fp/hard\libgcc.a(_aeabi_uldivmod.o) (__aeabi_ldiv0)

Allocating common symbols
Common symbol       size              file

hspi2               0x58              ./Core/Src/main.o
htim8               0x48              ./Core/Src/main.o
hi2c2               0x54              ./Core/Src/main.o
hdma_dcmi           0x60              ./Core/Src/main.o
uwTick              0x4               ./Drivers/STM32F4xx_HAL_Driver/Src/stm32f4xx_hal.o
pFlash              0x20              ./Drivers/STM32F4xx_HAL_Driver/Src/stm32f4xx_hal_flash.o
hsram1              0x50              ./Core/Src/main.o
htim3               0x48              ./Core/Src/main.o
hdcmi               0x40              ./Core/Src/main.o
buf                 0x4b00            ./Core/Src/main.o
htim2               0x48              ./Core/Src/main.o

Discarded input sections

[...]
Memory Configuration

Name             Origin             Length             Attributes
CCMRAM           0x0000000010000000 0x0000000000010000 xrw
RAM              0x0000000020000000 0x0000000000020000 xrw
FLASH            0x0000000008000000 0x0000000000080000 xr
*default*        0x0000000000000000 0xffffffffffffffff

Linker script and memory map

LOAD c:/st/stm32cubeide_1.7.0/stm32cubeide/plugins/com.st.stm32cube.ide.mcu.externaltools.gnu-tools-for-stm32.9-2020-q2-update.win32_2.0.0.202105311346/tools/bin/../lib/gcc/arm-none-eabi/9.3.1/thumb/v7e-m+fp/hard/crti.o
LOAD c:/st/stm32cubeide_1.7.0/stm32cubeide/plugins/com.st.stm32cube.ide.mcu.externaltools.gnu-tools-for-stm32.9-2020-q2-update.win32_2.0.0.202105311346/tools/bin/../lib/gcc/arm-none-eabi/9.3.1/thumb/v7e-m+fp/hard/crtbegin.o
LOAD c:/st/stm32cubeide_1.7.0/stm32cubeide/plugins/com.st.stm32cube.ide.mcu.externaltools.gnu-tools-for-stm32.9-2020-q2-update.win32_2.0.0.202105311346/tools/bin/../lib/gcc/arm-none-eabi/9.3.1/../../../../arm-none-eabi/lib/thumb/v7e-m+fp/hard/crt0.o
LOAD ./Core/Modules/camera/OV7670.o
LOAD ./Core/Modules/fpga_communication/fpga_comm.o
LOAD ./Core/Modules/lcd/fonts.o
LOAD ./Core/Modules/lcd/ili9341.o
LOAD ./Core/Modules/sensor/hc_sr04.o
LOAD ./Core/Src/main.o
LOAD ./Core/Src/stm32f4xx_hal_msp.o
LOAD ./Core/Src/stm32f4xx_it.o
LOAD ./Core/Src/syscalls.o
LOAD ./Core/Src/sysmem.o
LOAD ./Core/Src/system_stm32f4xx.o
LOAD ./Core/Startup/startup_stm32f407vetx.o
LOAD ./Drivers/STM32F4xx_HAL_Driver/Src/stm32f4xx_hal.o
LOAD ./Drivers/STM32F4xx_HAL_Driver/Src/stm32f4xx_hal_cortex.o
LOAD ./Drivers/STM32F4xx_HAL_Driver/Src/stm32f4xx_hal_dcmi.o
LOAD ./Drivers/STM32F4xx_HAL_Driver/Src/stm32f4xx_hal_dcmi_ex.o
LOAD ./Drivers/STM32F4xx_HAL_Driver/Src/stm32f4xx_hal_dma.o
LOAD ./Drivers/STM32F4xx_HAL_Driver/Src/stm32f4xx_hal_dma_ex.o
LOAD ./Drivers/STM32F4xx_HAL_Driver/Src/stm32f4xx_hal_exti.o
LOAD ./Drivers/STM32F4xx_HAL_Driver/Src/stm32f4xx_hal_flash.o
LOAD ./Drivers/STM32F4xx_HAL_Driver/Src/stm32f4xx_hal_flash_ex.o
LOAD ./Drivers/STM32F4xx_HAL_Driver/Src/stm32f4xx_hal_flash_ramfunc.o
LOAD ./Drivers/STM32F4xx_HAL_Driver/Src/stm32f4xx_hal_gpio.o
LOAD ./Drivers/STM32F4xx_HAL_Driver/Src/stm32f4xx_hal_i2c.o
LOAD ./Drivers/STM32F4xx_HAL_Driver/Src/stm32f4xx_hal_i2c_ex.o
LOAD ./Drivers/STM32F4xx_HAL_Driver/Src/stm32f4xx_hal_pwr.o
LOAD ./Drivers/STM32F4xx_HAL_Driver/Src/stm32f4xx_hal_pwr_ex.o
LOAD ./Drivers/STM32F4xx_HAL_Driver/Src/stm32f4xx_hal_rcc.o
LOAD ./Drivers/STM32F4xx_HAL_Driver/Src/stm32f4xx_hal_rcc_ex.o
LOAD ./Drivers/STM32F4xx_HAL_Driver/Src/stm32f4xx_hal_spi.o
LOAD ./Drivers/STM32F4xx_HAL_Driver/Src/stm32f4xx_hal_sram.o
LOAD ./Drivers/STM32F4xx_HAL_Driver/Src/stm32f4xx_hal_tim.o
LOAD ./Drivers/STM32F4xx_HAL_Driver/Src/stm32f4xx_hal_tim_ex.o
LOAD ./Drivers/STM32F4xx_HAL_Driver/Src/stm32f4xx_ll_fsmc.o
START GROUP
LOAD c:/st/stm32cubeide_1.7.0/stm32cubeide/plugins/com.st.stm32cube.ide.mcu.externaltools.gnu-tools-for-stm32.9-2020-q2-update.win32_2.0.0.202105311346/tools/bin/../lib/gcc/arm-none-eabi/9.3.1/../../../../arm-none-eabi/lib/thumb/v7e-m+fp/hard\libc_nano.a
LOAD c:/st/stm32cubeide_1.7.0/stm32cubeide/plugins/com.st.stm32cube.ide.mcu.externaltools.gnu-tools-for-stm32.9-2020-q2-update.win32_2.0.0.202105311346/tools/bin/../lib/gcc/arm-none-eabi/9.3.1/../../../../arm-none-eabi/lib/thumb/v7e-m+fp/hard\libm.a
END GROUP
START GROUP
LOAD c:/st/stm32cubeide_1.7.0/stm32cubeide/plugins/com.st.stm32cube.ide.mcu.externaltools.gnu-tools-for-stm32.9-2020-q2-update.win32_2.0.0.202105311346/tools/bin/../lib/gcc/arm-none-eabi/9.3.1/thumb/v7e-m+fp/hard\libgcc.a
LOAD c:/st/stm32cubeide_1.7.0/stm32cubeide/plugins/com.st.stm32cube.ide.mcu.externaltools.gnu-tools-for-stm32.9-2020-q2-update.win32_2.0.0.202105311346/tools/bin/../lib/gcc/arm-none-eabi/9.3.1/../../../../arm-none-eabi/lib/thumb/v7e-m+fp/hard\libc_nano.a
END GROUP
START GROUP
LOAD c:/st/stm32cubeide_1.7.0/stm32cubeide/plugins/com.st.stm32cube.ide.mcu.externaltools.gnu-tools-for-stm32.9-2020-q2-update.win32_2.0.0.202105311346/tools/bin/../lib/gcc/arm-none-eabi/9.3.1/thumb/v7e-m+fp/hard\libgcc.a
LOAD c:/st/stm32cubeide_1.7.0/stm32cubeide/plugins/com.st.stm32cube.ide.mcu.externaltools.gnu-tools-for-stm32.9-2020-q2-update.win32_2.0.0.202105311346/tools/bin/../lib/gcc/arm-none-eabi/9.3.1/../../../../arm-none-eabi/lib/thumb/v7e-m+fp/hard\libc_nano.a
LOAD c:/st/stm32cubeide_1.7.0/stm32cubeide/plugins/com.st.stm32cube.ide.mcu.externaltools.gnu-tools-for-stm32.9-2020-q2-update.win32_2.0.0.202105311346/tools/bin/../lib/gcc/arm-none-eabi/9.3.1/../../../../arm-none-eabi/lib/thumb/v7e-m+fp/hard\libnosys.a
END GROUP
START GROUP
LOAD c:/st/stm32cubeide_1.7.0/stm32cubeide/plugins/com.st.stm32cube.ide.mcu.externaltools.gnu-tools-for-stm32.9-2020-q2-update.win32_2.0.0.202105311346/tools/bin/../lib/gcc/arm-none-eabi/9.3.1/thumb/v7e-m+fp/hard\libgcc.a
LOAD c:/st/stm32cubeide_1.7.0/stm32cubeide/plugins/com.st.stm32cube.ide.mcu.externaltools.gnu-tools-for-stm32.9-2020-q2-update.win32_2.0.0.202105311346/tools/bin/../lib/gcc/arm-none-eabi/9.3.1/../../../../arm-none-eabi/lib/thumb/v7e-m+fp/hard\libc_nano.a
LOAD c:/st/stm32cubeide_1.7.0/stm32cubeide/plugins/com.st.stm32cube.ide.mcu.externaltools.gnu-tools-for-stm32.9-2020-q2-update.win32_2.0.0.202105311346/tools/bin/../lib/gcc/arm-none-eabi/9.3.1/../../../../arm-none-eabi/lib/thumb/v7e-m+fp/hard\libnosys.a
END GROUP
LOAD c:/st/stm32cubeide_1.7.0/stm32cubeide/plugins/com.st.stm32cube.ide.mcu.externaltools.gnu-tools-for-stm32.9-2020-q2-update.win32_2.0.0.202105311346/tools/bin/../lib/gcc/arm-none-eabi/9.3.1/thumb/v7e-m+fp/hard/crtend.o
LOAD c:/st/stm32cubeide_1.7.0/stm32cubeide/plugins/com.st.stm32cube.ide.mcu.externaltools.gnu-tools-for-stm32.9-2020-q2-update.win32_2.0.0.202105311346/tools/bin/../lib/gcc/arm-none-eabi/9.3.1/thumb/v7e-m+fp/hard/crtn.o
                0x0000000020020000                _estack = (ORIGIN (RAM) + LENGTH (RAM))
                0x0000000000000200                _Min_Heap_Size = 0x200
                0x0000000000000400                _Min_Stack_Size = 0x400

.isr_vector     0x0000000008000000      0x188
                0x0000000008000000                . = ALIGN (0x4)
 *(.isr_vector)
 .isr_vector    0x0000000008000000      0x188 ./Core/Startup/startup_stm32f407vetx.o
                0x0000000008000000                g_pfnVectors
                0x0000000008000188                . = ALIGN (0x4)

.text           0x0000000008000188     0x89b0
                0x0000000008000188                . = ALIGN (0x4)
 *(.text)
 .text          0x0000000008000188       0x40 c:/st/stm32cubeide_1.7.0/stm32cubeide/plugins/com.st.stm32cube.ide.mcu.externaltools.gnu-tools-for-stm32.9-2020-q2-update.win32_2.0.0.202105311346/tools/bin/../lib/gcc/arm-none-eabi/9.3.1/thumb/v7e-m+fp/hard/crtbegin.o
 .text          0x00000000080001c8       0x30 c:/st/stm32cubeide_1.7.0/stm32cubeide/plugins/com.st.stm32cube.ide.mcu.externaltools.gnu-tools-for-stm32.9-2020-q2-update.win32_2.0.0.202105311346/tools/bin/../lib/gcc/arm-none-eabi/9.3.1/thumb/v7e-m+fp/hard\libgcc.a(_aeabi_uldivmod.o)
                0x00000000080001c8                __aeabi_uldivmod
 .text          0x00000000080001f8      0x2c4 c:/st/stm32cubeide_1.7.0/stm32cubeide/plugins/com.st.stm32cube.ide.mcu.externaltools.gnu-tools-for-stm32.9-2020-q2-update.win32_2.0.0.202105311346/tools/bin/../lib/gcc/arm-none-eabi/9.3.1/thumb/v7e-m+fp/hard\libgcc.a(_udivmoddi4.o)
                0x00000000080001f8                __udivmoddi4
 .text          0x00000000080004bc        0x4 c:/st/stm32cubeide_1.7.0/stm32cubeide/plugins/com.st.stm32cube.ide.mcu.externaltools.gnu-tools-for-stm32.9-2020-q2-update.win32_2.0.0.202105311346/tools/bin/../lib/gcc/arm-none-eabi/9.3.1/thumb/v7e-m+fp/hard\libgcc.a(_dvmd_tls.o)
                0x00000000080004bc                __aeabi_idiv0
                0x00000000080004bc                __aeabi_ldiv0
 *(.text*)
 .text.ov7670_init
                0x00000000080004c0       0x74 ./Core/Modules/camera/OV7670.o
                0x00000000080004c0                ov7670_init
 .text.ov7670_config
                0x0000000008000534       0x58 ./Core/Modules/camera/OV7670.o
                0x0000000008000534                ov7670_config
 .text.ov7670_startCap
                0x000000000800058c       0x58 ./Core/Modules/camera/OV7670.o
                0x000000000800058c                ov7670_startCap
 .text.ov7670_stopCap
                0x00000000080005e4       0x18 ./Core/Modules/camera/OV7670.o
                0x00000000080005e4                ov7670_stopCap
 .text.HAL_DCMI_FrameEventCallback
                0x00000000080005fc       0x64 ./Core/Modules/camera/OV7670.o
                0x00000000080005fc                HAL_DCMI_FrameEventCallback
 .text.ov7670_write
                0x0000000008000660       0x48 ./Core/Modules/camera/OV7670.o
 .text.FPGA_Send_Image
                0x00000000080006a8       0x48 ./Core/Modules/fpga_communication/fpga_comm.o
                0x00000000080006a8                FPGA_Send_Image
 .text.lcd_ILI_init
                0x00000000080006f0      0x1bc ./Core/Modules/lcd/ili9341.o
                0x00000000080006f0                lcd_ILI_init
 .text.lcd_ILI_set_write_area
                0x00000000080008ac       0x98 ./Core/Modules/lcd/ili9341.o
                0x00000000080008ac                lcd_ILI_set_write_area
 .text.lcd_ILI_set_read_area
                0x0000000008000944       0x9c ./Core/Modules/lcd/ili9341.o
                0x0000000008000944                lcd_ILI_set_read_area
 .text.lcd_ILI_draw_rect
                0x00000000080009e0       0x7c ./Core/Modules/lcd/ili9341.o
                0x00000000080009e0                lcd_ILI_draw_rect
 .text.lcd_ILI_get_draw_addr
                0x0000000008000a5c       0x1c ./Core/Modules/lcd/ili9341.o
                0x0000000008000a5c                lcd_ILI_get_draw_addr
 .text.lcd_ILI_get_subframe_Grey
                0x0000000008000a78      0x11e ./Core/Modules/lcd/ili9341.o
                0x0000000008000a78                lcd_ILI_get_subframe_Grey
 *fill*         0x0000000008000b96        0x2 
 .text.lcd_ILI_display_frame_Grey
                0x0000000008000b98       0xd0 ./Core/Modules/lcd/ili9341.o
                0x0000000008000b98                lcd_ILI_display_frame_Grey
 .text.write_cmd
                0x0000000008000c68       0x1e ./Core/Modules/lcd/ili9341.o
 *fill*         0x0000000008000c86        0x2 
 .text.write_data
                0x0000000008000c88       0x20 ./Core/Modules/lcd/ili9341.o
 .text.read_data
                0x0000000008000ca8       0x20 ./Core/Modules/lcd/ili9341.o
 .text.HAL_TIM_IC_CaptureCallback
                0x0000000008000cc8      0x314 ./Core/Modules/sensor/hc_sr04.o
                0x0000000008000cc8                HAL_TIM_IC_CaptureCallback
 .text.delay    0x0000000008000fdc       0x34 ./Core/Modules/sensor/hc_sr04.o
                0x0000000008000fdc                delay
 .text.HCSR04_GetDis
                0x0000000008001010       0xa8 ./Core/Modules/sensor/hc_sr04.o
                0x0000000008001010                HCSR04_GetDis
 .text.fsm_hcsr04_reading
                0x00000000080010b8       0x44 ./Core/Modules/sensor/hc_sr04.o
                0x00000000080010b8                fsm_hcsr04_reading
 .text.is_object_arrived
                0x00000000080010fc       0x3c ./Core/Modules/sensor/hc_sr04.o
                0x00000000080010fc                is_object_arrived
 .text.main     0x0000000008001138      0x118 ./Core/Src/main.o
                0x0000000008001138                main
 .text.SystemClock_Config
                0x0000000008001250       0xdc ./Core/Src/main.o
                0x0000000008001250                SystemClock_Config
 .text.MX_DCMI_Init
                0x000000000800132c       0x50 ./Core/Src/main.o
 .text.MX_I2C2_Init
                0x000000000800137c       0x5c ./Core/Src/main.o
 .text.MX_SPI2_Init
                0x00000000080013d8       0x6c ./Core/Src/main.o
 .text.MX_TIM2_Init
                0x0000000008001444       0x98 ./Core/Src/main.o
 .text.MX_TIM3_Init
                0x00000000080014dc       0x9c ./Core/Src/main.o
 .text.MX_TIM8_Init
                0x0000000008001578       0xac ./Core/Src/main.o
 .text.MX_DMA_Init
                0x0000000008001624       0x40 ./Core/Src/main.o
 .text.MX_GPIO_Init
                0x0000000008001664      0x1b8 ./Core/Src/main.o
 .text.MX_FSMC_Init
                0x000000000800181c       0xf4 ./Core/Src/main.o
 .text.HAL_TIM_PeriodElapsedCallback
                0x0000000008001910       0x54 ./Core/Src/main.o
                0x0000000008001910                HAL_TIM_PeriodElapsedCallback
 .text.Error_Handler
                0x0000000008001964        0xa ./Core/Src/main.o
                0x0000000008001964                Error_Handler
 *fill*         0x000000000800196e        0x2 
 .text.HAL_MspInit
                0x0000000008001970       0x50 ./Core/Src/stm32f4xx_hal_msp.o
                0x0000000008001970                HAL_MspInit
 .text.HAL_DCMI_MspInit
                0x00000000080019c0      0x18c ./Core/Src/stm32f4xx_hal_msp.o
                0x00000000080019c0                HAL_DCMI_MspInit
 .text.HAL_I2C_MspInit
                0x0000000008001b4c       0xb0 ./Core/Src/stm32f4xx_hal_msp.o
                0x0000000008001b4c                HAL_I2C_MspInit
 .text.HAL_SPI_MspInit
                0x0000000008001bfc       0xd0 ./Core/Src/stm32f4xx_hal_msp.o
                0x0000000008001bfc                HAL_SPI_MspInit
 .text.HAL_TIM_Base_MspInit
                0x0000000008001ccc       0x88 ./Core/Src/stm32f4xx_hal_msp.o
                0x0000000008001ccc                HAL_TIM_Base_MspInit
 .text.HAL_TIM_IC_MspInit
                0x0000000008001d54       0xa0 ./Core/Src/stm32f4xx_hal_msp.o
                0x0000000008001d54                HAL_TIM_IC_MspInit
 .text.HAL_FSMC_MspInit
                0x0000000008001df4       0x98 ./Core/Src/stm32f4xx_hal_msp.o
 .text.HAL_SRAM_MspInit
                0x0000000008001e8c       0x14 ./Core/Src/stm32f4xx_hal_msp.o
                0x0000000008001e8c                HAL_SRAM_MspInit
 .text.NMI_Handler
                0x0000000008001ea0        0x6 ./Core/Src/stm32f4xx_it.o
                0x0000000008001ea0                NMI_Handler
 .text.HardFault_Handler
                0x0000000008001ea6        0x6 ./Core/Src/stm32f4xx_it.o
                0x0000000008001ea6                HardFault_Handler
 .text.MemManage_Handler
                0x0000000008001eac        0x6 ./Core/Src/stm32f4xx_it.o
                0x0000000008001eac                MemManage_Handler
 .text.BusFault_Handler
                0x0000000008001eb2        0x6 ./Core/Src/stm32f4xx_it.o
                0x0000000008001eb2                BusFault_Handler
 .text.UsageFault_Handler
                0x0000000008001eb8        0x6 ./Core/Src/stm32f4xx_it.o
                0x0000000008001eb8                UsageFault_Handler
 .text.SVC_Handler
                0x0000000008001ebe        0xe ./Core/Src/stm32f4xx_it.o
                0x0000000008001ebe                SVC_Handler
 .text.DebugMon_Handler
                0x0000000008001ecc        0xe ./Core/Src/stm32f4xx_it.o
                0x0000000008001ecc                DebugMon_Handler
 .text.PendSV_Handler
                0x0000000008001eda        0xe ./Core/Src/stm32f4xx_it.o
                0x0000000008001eda                PendSV_Handler
 .text.SysTick_Handler
                0x0000000008001ee8        0xc ./Core/Src/stm32f4xx_it.o
                0x0000000008001ee8                SysTick_Handler
 .text.TIM2_IRQHandler
                0x0000000008001ef4       0x14 ./Core/Src/stm32f4xx_it.o
                0x0000000008001ef4                TIM2_IRQHandler
 .text.TIM3_IRQHandler
                0x0000000008001f08       0x14 ./Core/Src/stm32f4xx_it.o
                0x0000000008001f08                TIM3_IRQHandler
 .text.I2C2_EV_IRQHandler
                0x0000000008001f1c       0x14 ./Core/Src/stm32f4xx_it.o
                0x0000000008001f1c                I2C2_EV_IRQHandler
 .text.I2C2_ER_IRQHandler
                0x0000000008001f30       0x14 ./Core/Src/stm32f4xx_it.o
                0x0000000008001f30                I2C2_ER_IRQHandler
 .text.TIM8_CC_IRQHandler
                0x0000000008001f44       0x14 ./Core/Src/stm32f4xx_it.o
                0x0000000008001f44                TIM8_CC_IRQHandler
 .text.DMA2_Stream1_IRQHandler
                0x0000000008001f58       0x14 ./Core/Src/stm32f4xx_it.o
                0x0000000008001f58                DMA2_Stream1_IRQHandler
 .text.DCMI_IRQHandler
                0x0000000008001f6c       0x14 ./Core/Src/stm32f4xx_it.o
                0x0000000008001f6c                DCMI_IRQHandler
 .text.SystemInit
                0x0000000008001f80       0x24 ./Core/Src/system_stm32f4xx.o
                0x0000000008001f80                SystemInit
 .text.Reset_Handler
                0x0000000008001fa4       0x50 ./Core/Startup/startup_stm32f407vetx.o
                0x0000000008001fa4                Reset_Handler
 .text.Default_Handler
                0x0000000008001ff4        0x2 ./Core/Startup/startup_stm32f407vetx.o
                0x0000000008001ff4                RTC_Alarm_IRQHandler
                0x0000000008001ff4                HASH_RNG_IRQHandler
                0x0000000008001ff4                EXTI2_IRQHandler
                0x0000000008001ff4                TIM1_CC_IRQHandler
                0x0000000008001ff4                DMA2_Stream5_IRQHandler
                0x0000000008001ff4                DMA1_Stream5_IRQHandler
                0x0000000008001ff4                PVD_IRQHandler
                0x0000000008001ff4                SDIO_IRQHandler
                0x0000000008001ff4                TAMP_STAMP_IRQHandler
                0x0000000008001ff4                CAN2_RX1_IRQHandler
                0x0000000008001ff4                EXTI3_IRQHandler
                0x0000000008001ff4                TIM8_TRG_COM_TIM14_IRQHandler
                0x0000000008001ff4                TIM1_UP_TIM10_IRQHandler
                0x0000000008001ff4                TIM8_UP_TIM13_IRQHandler
                0x0000000008001ff4                I2C3_ER_IRQHandler
                0x0000000008001ff4                EXTI0_IRQHandler
                0x0000000008001ff4                DMA1_Stream2_IRQHandler
                0x0000000008001ff4                CAN1_RX0_IRQHandler
                0x0000000008001ff4                FPU_IRQHandler
                0x0000000008001ff4                OTG_HS_WKUP_IRQHandler
                0x0000000008001ff4                CAN2_SCE_IRQHandler
                0x0000000008001ff4                DMA2_Stream2_IRQHandler
                0x0000000008001ff4                SPI1_IRQHandler
                0x0000000008001ff4                TIM6_DAC_IRQHandler
                0x0000000008001ff4                TIM1_BRK_TIM9_IRQHandler
                0x0000000008001ff4                CAN2_RX0_IRQHandler
                0x0000000008001ff4                DMA2_Stream3_IRQHandler
                0x0000000008001ff4                USART6_IRQHandler
                0x0000000008001ff4                USART3_IRQHandler
                0x0000000008001ff4                CAN1_RX1_IRQHandler
                0x0000000008001ff4                UART5_IRQHandler
                0x0000000008001ff4                DMA2_Stream0_IRQHandler
                0x0000000008001ff4                TIM4_IRQHandler
                0x0000000008001ff4                I2C1_EV_IRQHandler
                0x0000000008001ff4                DMA1_Stream6_IRQHandler
                0x0000000008001ff4                DMA1_Stream1_IRQHandler
                0x0000000008001ff4                UART4_IRQHandler
                0x0000000008001ff4                RCC_IRQHandler
                0x0000000008001ff4                TIM8_BRK_TIM12_IRQHandler
                0x0000000008001ff4                Default_Handler
                0x0000000008001ff4                EXTI15_10_IRQHandler
                0x0000000008001ff4                ADC_IRQHandler
                0x0000000008001ff4                DMA1_Stream7_IRQHandler
                0x0000000008001ff4                TIM7_IRQHandler
                0x0000000008001ff4                CAN2_TX_IRQHandler
                0x0000000008001ff4                TIM5_IRQHandler
                0x0000000008001ff4                DMA2_Stream7_IRQHandler
                0x0000000008001ff4                I2C3_EV_IRQHandler
                0x0000000008001ff4                EXTI9_5_IRQHandler
                0x0000000008001ff4                RTC_WKUP_IRQHandler
                0x0000000008001ff4                ETH_WKUP_IRQHandler
                0x0000000008001ff4                SPI2_IRQHandler
                0x0000000008001ff4                OTG_HS_EP1_IN_IRQHandler
                0x0000000008001ff4                DMA1_Stream0_IRQHandler
                0x0000000008001ff4                CAN1_TX_IRQHandler
                0x0000000008001ff4                EXTI4_IRQHandler
                0x0000000008001ff4                FSMC_IRQHandler
                0x0000000008001ff4                ETH_IRQHandler
                0x0000000008001ff4                OTG_HS_EP1_OUT_IRQHandler
                0x0000000008001ff4                WWDG_IRQHandler
                0x0000000008001ff4                OTG_FS_WKUP_IRQHandler
                0x0000000008001ff4                TIM1_TRG_COM_TIM11_IRQHandler
                0x0000000008001ff4                OTG_HS_IRQHandler
                0x0000000008001ff4                EXTI1_IRQHandler
                0x0000000008001ff4                USART2_IRQHandler
                0x0000000008001ff4                CAN1_SCE_IRQHandler
                0x0000000008001ff4                FLASH_IRQHandler
                0x0000000008001ff4                DMA2_Stream4_IRQHandler
                0x0000000008001ff4                USART1_IRQHandler
                0x0000000008001ff4                OTG_FS_IRQHandler
                0x0000000008001ff4                SPI3_IRQHandler
                0x0000000008001ff4                DMA1_Stream4_IRQHandler
                0x0000000008001ff4                I2C1_ER_IRQHandler
                0x0000000008001ff4                DMA2_Stream6_IRQHandler
                0x0000000008001ff4                DMA1_Stream3_IRQHandler
 *fill*         0x0000000008001ff6        0x2 
 .text.HAL_Init
                0x0000000008001ff8       0x44 ./Drivers/STM32F4xx_HAL_Driver/Src/stm32f4xx_hal.o
                0x0000000008001ff8                HAL_Init
 .text.HAL_InitTick
                0x000000000800203c       0x60 ./Drivers/STM32F4xx_HAL_Driver/Src/stm32f4xx_hal.o
                0x000000000800203c                HAL_InitTick
 .text.HAL_IncTick
                0x000000000800209c       0x28 ./Drivers/STM32F4xx_HAL_Driver/Src/stm32f4xx_hal.o
                0x000000000800209c                HAL_IncTick
 .text.HAL_GetTick
                0x00000000080020c4       0x18 ./Drivers/STM32F4xx_HAL_Driver/Src/stm32f4xx_hal.o
                0x00000000080020c4                HAL_GetTick
 .text.HAL_Delay
                0x00000000080020dc       0x48 ./Drivers/STM32F4xx_HAL_Driver/Src/stm32f4xx_hal.o
                0x00000000080020dc                HAL_Delay
 .text.__NVIC_SetPriorityGrouping
                0x0000000008002124       0x48 ./Drivers/STM32F4xx_HAL_Driver/Src/stm32f4xx_hal_cortex.o
 .text.__NVIC_GetPriorityGrouping
                0x000000000800216c       0x1c ./Drivers/STM32F4xx_HAL_Driver/Src/stm32f4xx_hal_cortex.o
 .text.__NVIC_EnableIRQ
                0x0000000008002188       0x3c ./Drivers/STM32F4xx_HAL_Driver/Src/stm32f4xx_hal_cortex.o
 .text.__NVIC_SetPriority
                0x00000000080021c4       0x54 ./Drivers/STM32F4xx_HAL_Driver/Src/stm32f4xx_hal_cortex.o
 .text.NVIC_EncodePriority
                0x0000000008002218       0x66 ./Drivers/STM32F4xx_HAL_Driver/Src/stm32f4xx_hal_cortex.o
 *fill*         0x000000000800227e        0x2 
 .text.SysTick_Config
                0x0000000008002280       0x44 ./Drivers/STM32F4xx_HAL_Driver/Src/stm32f4xx_hal_cortex.o
 .text.HAL_NVIC_SetPriorityGrouping
                0x00000000080022c4       0x16 ./Drivers/STM32F4xx_HAL_Driver/Src/stm32f4xx_hal_cortex.o
                0x00000000080022c4                HAL_NVIC_SetPriorityGrouping
 .text.HAL_NVIC_SetPriority
                0x00000000080022da       0x38 ./Drivers/STM32F4xx_HAL_Driver/Src/stm32f4xx_hal_cortex.o
                0x00000000080022da                HAL_NVIC_SetPriority
 .text.HAL_NVIC_EnableIRQ
                0x0000000008002312       0x1c ./Drivers/STM32F4xx_HAL_Driver/Src/stm32f4xx_hal_cortex.o
                0x0000000008002312                HAL_NVIC_EnableIRQ
 .text.HAL_SYSTICK_Config
                0x000000000800232e       0x18 ./Drivers/STM32F4xx_HAL_Driver/Src/stm32f4xx_hal_cortex.o
                0x000000000800232e                HAL_SYSTICK_Config
 *fill*         0x0000000008002346        0x2 
 .text.HAL_DCMI_Start_DMA
                0x0000000008002348      0x140 ./Drivers/STM32F4xx_HAL_Driver/Src/stm32f4xx_hal_dcmi.o
                0x0000000008002348                HAL_DCMI_Start_DMA
 .text.HAL_DCMI_Stop
                0x0000000008002488       0xb8 ./Drivers/STM32F4xx_HAL_Driver/Src/stm32f4xx_hal_dcmi.o
                0x0000000008002488                HAL_DCMI_Stop
 .text.HAL_DCMI_IRQHandler
                0x0000000008002540       0xfc ./Drivers/STM32F4xx_HAL_Driver/Src/stm32f4xx_hal_dcmi.o
                0x0000000008002540                HAL_DCMI_IRQHandler
 .text.HAL_DCMI_ErrorCallback
                0x000000000800263c       0x14 ./Drivers/STM32F4xx_HAL_Driver/Src/stm32f4xx_hal_dcmi.o
                0x000000000800263c                HAL_DCMI_ErrorCallback
 .text.HAL_DCMI_LineEventCallback
                0x0000000008002650       0x14 ./Drivers/STM32F4xx_HAL_Driver/Src/stm32f4xx_hal_dcmi.o
                0x0000000008002650                HAL_DCMI_LineEventCallback
 .text.HAL_DCMI_VsyncEventCallback
                0x0000000008002664       0x14 ./Drivers/STM32F4xx_HAL_Driver/Src/stm32f4xx_hal_dcmi.o
                0x0000000008002664                HAL_DCMI_VsyncEventCallback
 .text.DCMI_DMAXferCplt
                0x0000000008002678      0x12a ./Drivers/STM32F4xx_HAL_Driver/Src/stm32f4xx_hal_dcmi.o
 .text.DCMI_DMAError
                0x00000000080027a2       0x2e ./Drivers/STM32F4xx_HAL_Driver/Src/stm32f4xx_hal_dcmi.o
 .text.HAL_DCMI_Init
                0x00000000080027d0       0xda ./Drivers/STM32F4xx_HAL_Driver/Src/stm32f4xx_hal_dcmi_ex.o
                0x00000000080027d0                HAL_DCMI_Init
 *fill*         0x00000000080028aa        0x2 
 .text.HAL_DMA_Init
                0x00000000080028ac      0x15c ./Drivers/STM32F4xx_HAL_Driver/Src/stm32f4xx_hal_dma.o
                0x00000000080028ac                HAL_DMA_Init
 .text.HAL_DMA_Start_IT
                0x0000000008002a08       0xb0 ./Drivers/STM32F4xx_HAL_Driver/Src/stm32f4xx_hal_dma.o
                0x0000000008002a08                HAL_DMA_Start_IT
 .text.HAL_DMA_Abort
                0x0000000008002ab8       0xe0 ./Drivers/STM32F4xx_HAL_Driver/Src/stm32f4xx_hal_dma.o
                0x0000000008002ab8                HAL_DMA_Abort
 .text.HAL_DMA_Abort_IT
                0x0000000008002b98       0x44 ./Drivers/STM32F4xx_HAL_Driver/Src/stm32f4xx_hal_dma.o
                0x0000000008002b98                HAL_DMA_Abort_IT
 .text.HAL_DMA_IRQHandler
                0x0000000008002bdc      0x314 ./Drivers/STM32F4xx_HAL_Driver/Src/stm32f4xx_hal_dma.o
                0x0000000008002bdc                HAL_DMA_IRQHandler
 .text.HAL_DMA_GetState
                0x0000000008002ef0       0x1c ./Drivers/STM32F4xx_HAL_Driver/Src/stm32f4xx_hal_dma.o
                0x0000000008002ef0                HAL_DMA_GetState
 .text.DMA_SetConfig
                0x0000000008002f0c       0x5c ./Drivers/STM32F4xx_HAL_Driver/Src/stm32f4xx_hal_dma.o
 .text.DMA_CalcBaseAndBitshift
                0x0000000008002f68       0x6c ./Drivers/STM32F4xx_HAL_Driver/Src/stm32f4xx_hal_dma.o
 .text.DMA_CheckFifoParam
                0x0000000008002fd4       0xf8 ./Drivers/STM32F4xx_HAL_Driver/Src/stm32f4xx_hal_dma.o
 .text.HAL_DMAEx_MultiBufferStart_IT
                0x00000000080030cc     0x1290 ./Drivers/STM32F4xx_HAL_Driver/Src/stm32f4xx_hal_dma_ex.o
                0x00000000080030cc                HAL_DMAEx_MultiBufferStart_IT
 .text.HAL_DMAEx_ChangeMemory
                0x000000000800435c       0x34 ./Drivers/STM32F4xx_HAL_Driver/Src/stm32f4xx_hal_dma_ex.o
                0x000000000800435c                HAL_DMAEx_ChangeMemory
 .text.DMA_MultiBufferSetConfig
                0x0000000008004390       0x4c ./Drivers/STM32F4xx_HAL_Driver/Src/stm32f4xx_hal_dma_ex.o
 .text.HAL_GPIO_Init
                0x00000000080043dc      0x338 ./Drivers/STM32F4xx_HAL_Driver/Src/stm32f4xx_hal_gpio.o
                0x00000000080043dc                HAL_GPIO_Init
 .text.HAL_GPIO_ReadPin
                0x0000000008004714       0x30 ./Drivers/STM32F4xx_HAL_Driver/Src/stm32f4xx_hal_gpio.o
                0x0000000008004714                HAL_GPIO_ReadPin
 .text.HAL_GPIO_WritePin
                0x0000000008004744       0x32 ./Drivers/STM32F4xx_HAL_Driver/Src/stm32f4xx_hal_gpio.o
                0x0000000008004744                HAL_GPIO_WritePin
 *fill*         0x0000000008004776        0x2 
 .text.HAL_I2C_Init
                0x0000000008004778      0x288 ./Drivers/STM32F4xx_HAL_Driver/Src/stm32f4xx_hal_i2c.o
                0x0000000008004778                HAL_I2C_Init
 .text.HAL_I2C_Master_Transmit
                0x0000000008004a00      0x1fc ./Drivers/STM32F4xx_HAL_Driver/Src/stm32f4xx_hal_i2c.o
                0x0000000008004a00                HAL_I2C_Master_Transmit
 .text.HAL_I2C_EV_IRQHandler
                0x0000000008004bfc      0x2e2 ./Drivers/STM32F4xx_HAL_Driver/Src/stm32f4xx_hal_i2c.o
                0x0000000008004bfc                HAL_I2C_EV_IRQHandler
 .text.HAL_I2C_ER_IRQHandler
                0x0000000008004ede      0x14e ./Drivers/STM32F4xx_HAL_Driver/Src/stm32f4xx_hal_i2c.o
                0x0000000008004ede                HAL_I2C_ER_IRQHandler
 .text.HAL_I2C_MasterTxCpltCallback
                0x000000000800502c       0x14 ./Drivers/STM32F4xx_HAL_Driver/Src/stm32f4xx_hal_i2c.o
                0x000000000800502c                HAL_I2C_MasterTxCpltCallback
 .text.HAL_I2C_MasterRxCpltCallback
                0x0000000008005040       0x14 ./Drivers/STM32F4xx_HAL_Driver/Src/stm32f4xx_hal_i2c.o
                0x0000000008005040                HAL_I2C_MasterRxCpltCallback
 .text.HAL_I2C_SlaveTxCpltCallback
                0x0000000008005054       0x14 ./Drivers/STM32F4xx_HAL_Driver/Src/stm32f4xx_hal_i2c.o
                0x0000000008005054                HAL_I2C_SlaveTxCpltCallback
 .text.HAL_I2C_SlaveRxCpltCallback
                0x0000000008005068       0x14 ./Drivers/STM32F4xx_HAL_Driver/Src/stm32f4xx_hal_i2c.o
                0x0000000008005068                HAL_I2C_SlaveRxCpltCallback
 .text.HAL_I2C_AddrCallback
                0x000000000800507c       0x1c ./Drivers/STM32F4xx_HAL_Driver/Src/stm32f4xx_hal_i2c.o
                0x000000000800507c                HAL_I2C_AddrCallback
 .text.HAL_I2C_ListenCpltCallback
                0x0000000008005098       0x14 ./Drivers/STM32F4xx_HAL_Driver/Src/stm32f4xx_hal_i2c.o
                0x0000000008005098                HAL_I2C_ListenCpltCallback
 .text.HAL_I2C_MemTxCpltCallback
                0x00000000080050ac       0x14 ./Drivers/STM32F4xx_HAL_Driver/Src/stm32f4xx_hal_i2c.o
                0x00000000080050ac                HAL_I2C_MemTxCpltCallback
 .text.HAL_I2C_MemRxCpltCallback
                0x00000000080050c0       0x14 ./Drivers/STM32F4xx_HAL_Driver/Src/stm32f4xx_hal_i2c.o
                0x00000000080050c0                HAL_I2C_MemRxCpltCallback
 .text.HAL_I2C_ErrorCallback
                0x00000000080050d4       0x14 ./Drivers/STM32F4xx_HAL_Driver/Src/stm32f4xx_hal_i2c.o
                0x00000000080050d4                HAL_I2C_ErrorCallback
 .text.HAL_I2C_AbortCpltCallback
                0x00000000080050e8       0x14 ./Drivers/STM32F4xx_HAL_Driver/Src/stm32f4xx_hal_i2c.o
                0x00000000080050e8                HAL_I2C_AbortCpltCallback
 .text.I2C_MasterTransmit_TXE
                0x00000000080050fc      0x138 ./Drivers/STM32F4xx_HAL_Driver/Src/stm32f4xx_hal_i2c.o
 .text.I2C_MasterTransmit_BTF
                0x0000000008005234       0xec ./Drivers/STM32F4xx_HAL_Driver/Src/stm32f4xx_hal_i2c.o
 .text.I2C_MemoryTransmit_TXE_BTF
                0x0000000008005320      0x128 ./Drivers/STM32F4xx_HAL_Driver/Src/stm32f4xx_hal_i2c.o
 .text.I2C_MasterReceive_RXNE
                0x0000000008005448      0x162 ./Drivers/STM32F4xx_HAL_Driver/Src/stm32f4xx_hal_i2c.o
 .text.I2C_MasterReceive_BTF
                0x00000000080055aa      0x1d4 ./Drivers/STM32F4xx_HAL_Driver/Src/stm32f4xx_hal_i2c.o
 .text.I2C_Master_SB
                0x000000000800577e      0x10c ./Drivers/STM32F4xx_HAL_Driver/Src/stm32f4xx_hal_i2c.o
 .text.I2C_Master_ADD10
                0x000000000800588a       0x54 ./Drivers/STM32F4xx_HAL_Driver/Src/stm32f4xx_hal_i2c.o
 .text.I2C_Master_ADDR
                0x00000000080058de      0x322 ./Drivers/STM32F4xx_HAL_Driver/Src/stm32f4xx_hal_i2c.o
 .text.I2C_SlaveTransmit_TXE
                0x0000000008005c00       0x7a ./Drivers/STM32F4xx_HAL_Driver/Src/stm32f4xx_hal_i2c.o
 .text.I2C_SlaveTransmit_BTF
                0x0000000008005c7a       0x42 ./Drivers/STM32F4xx_HAL_Driver/Src/stm32f4xx_hal_i2c.o
 .text.I2C_SlaveReceive_RXNE
                0x0000000008005cbc       0x7c ./Drivers/STM32F4xx_HAL_Driver/Src/stm32f4xx_hal_i2c.o
 .text.I2C_SlaveReceive_BTF
                0x0000000008005d38       0x44 ./Drivers/STM32F4xx_HAL_Driver/Src/stm32f4xx_hal_i2c.o
 .text.I2C_Slave_ADDR
                0x0000000008005d7c       0x94 ./Drivers/STM32F4xx_HAL_Driver/Src/stm32f4xx_hal_i2c.o
 .text.I2C_Slave_STOPF
                0x0000000008005e10      0x260 ./Drivers/STM32F4xx_HAL_Driver/Src/stm32f4xx_hal_i2c.o
 .text.I2C_Slave_AF
                0x0000000008006070       0xe0 ./Drivers/STM32F4xx_HAL_Driver/Src/stm32f4xx_hal_i2c.o
 .text.I2C_ITError
                0x0000000008006150      0x264 ./Drivers/STM32F4xx_HAL_Driver/Src/stm32f4xx_hal_i2c.o
 .text.I2C_MasterRequestWrite
                0x00000000080063b4      0x104 ./Drivers/STM32F4xx_HAL_Driver/Src/stm32f4xx_hal_i2c.o
 .text.I2C_DMAAbort
                0x00000000080064b8      0x150 ./Drivers/STM32F4xx_HAL_Driver/Src/stm32f4xx_hal_i2c.o
 .text.I2C_WaitOnFlagUntilTimeout
                0x0000000008006608       0xae ./Drivers/STM32F4xx_HAL_Driver/Src/stm32f4xx_hal_i2c.o
 .text.I2C_WaitOnMasterAddressFlagUntilTimeout
                0x00000000080066b6       0xfe ./Drivers/STM32F4xx_HAL_Driver/Src/stm32f4xx_hal_i2c.o
 .text.I2C_WaitOnTXEFlagUntilTimeout
                0x00000000080067b4       0x82 ./Drivers/STM32F4xx_HAL_Driver/Src/stm32f4xx_hal_i2c.o
 .text.I2C_WaitOnBTFFlagUntilTimeout
                0x0000000008006836       0x82 ./Drivers/STM32F4xx_HAL_Driver/Src/stm32f4xx_hal_i2c.o
 .text.I2C_WaitOnSTOPRequestThroughIT
                0x00000000080068b8       0x64 ./Drivers/STM32F4xx_HAL_Driver/Src/stm32f4xx_hal_i2c.o
 .text.I2C_IsAcknowledgeFailed
                0x000000000800691c       0x5e ./Drivers/STM32F4xx_HAL_Driver/Src/stm32f4xx_hal_i2c.o
 .text.I2C_ConvertOtherXferOptions
                0x000000000800697a       0x36 ./Drivers/STM32F4xx_HAL_Driver/Src/stm32f4xx_hal_i2c.o
 .text.HAL_RCC_OscConfig
                0x00000000080069b0      0x4f0 ./Drivers/STM32F4xx_HAL_Driver/Src/stm32f4xx_hal_rcc.o
                0x00000000080069b0                HAL_RCC_OscConfig
 .text.HAL_RCC_ClockConfig
                0x0000000008006ea0      0x1cc ./Drivers/STM32F4xx_HAL_Driver/Src/stm32f4xx_hal_rcc.o
                0x0000000008006ea0                HAL_RCC_ClockConfig
 .text.HAL_RCC_MCOConfig
                0x000000000800706c       0xd0 ./Drivers/STM32F4xx_HAL_Driver/Src/stm32f4xx_hal_rcc.o
                0x000000000800706c                HAL_RCC_MCOConfig
 .text.HAL_RCC_GetSysClockFreq
                0x000000000800713c      0x1c4 ./Drivers/STM32F4xx_HAL_Driver/Src/stm32f4xx_hal_rcc.o
                0x000000000800713c                HAL_RCC_GetSysClockFreq
 .text.HAL_RCC_GetHCLKFreq
                0x0000000008007300       0x18 ./Drivers/STM32F4xx_HAL_Driver/Src/stm32f4xx_hal_rcc.o
                0x0000000008007300                HAL_RCC_GetHCLKFreq
 .text.HAL_RCC_GetPCLK1Freq
                0x0000000008007318       0x28 ./Drivers/STM32F4xx_HAL_Driver/Src/stm32f4xx_hal_rcc.o
                0x0000000008007318                HAL_RCC_GetPCLK1Freq
 .text.HAL_SPI_Init
                0x0000000008007340      0x112 ./Drivers/STM32F4xx_HAL_Driver/Src/stm32f4xx_hal_spi.o
                0x0000000008007340                HAL_SPI_Init
 .text.HAL_SPI_Transmit
                0x0000000008007452      0x278 ./Drivers/STM32F4xx_HAL_Driver/Src/stm32f4xx_hal_spi.o
                0x0000000008007452                HAL_SPI_Transmit
 *fill*         0x00000000080076ca        0x2 
 .text.SPI_WaitFlagStateUntilTimeout
                0x00000000080076cc      0x110 ./Drivers/STM32F4xx_HAL_Driver/Src/stm32f4xx_hal_spi.o
 .text.SPI_EndRxTxTransaction
                0x00000000080077dc       0x84 ./Drivers/STM32F4xx_HAL_Driver/Src/stm32f4xx_hal_spi.o
 .text.HAL_SRAM_Init
                0x0000000008007860       0x88 ./Drivers/STM32F4xx_HAL_Driver/Src/stm32f4xx_hal_sram.o
                0x0000000008007860                HAL_SRAM_Init
 .text.HAL_TIM_Base_Init
                0x00000000080078e8       0x9e ./Drivers/STM32F4xx_HAL_Driver/Src/stm32f4xx_hal_tim.o
                0x00000000080078e8                HAL_TIM_Base_Init
 *fill*         0x0000000008007986        0x2 
 .text.HAL_TIM_Base_Start_IT
                0x0000000008007988       0xe0 ./Drivers/STM32F4xx_HAL_Driver/Src/stm32f4xx_hal_tim.o
                0x0000000008007988                HAL_TIM_Base_Start_IT
 .text.HAL_TIM_IC_Init
                0x0000000008007a68       0x9e ./Drivers/STM32F4xx_HAL_Driver/Src/stm32f4xx_hal_tim.o
                0x0000000008007a68                HAL_TIM_IC_Init
 *fill*         0x0000000008007b06        0x2 
 .text.HAL_TIM_IC_Start_IT
                0x0000000008007b08      0x250 ./Drivers/STM32F4xx_HAL_Driver/Src/stm32f4xx_hal_tim.o
                0x0000000008007b08                HAL_TIM_IC_Start_IT
 .text.HAL_TIM_IRQHandler
                0x0000000008007d58      0x210 ./Drivers/STM32F4xx_HAL_Driver/Src/stm32f4xx_hal_tim.o
                0x0000000008007d58                HAL_TIM_IRQHandler
 .text.HAL_TIM_IC_ConfigChannel
                0x0000000008007f68      0x138 ./Drivers/STM32F4xx_HAL_Driver/Src/stm32f4xx_hal_tim.o
                0x0000000008007f68                HAL_TIM_IC_ConfigChannel
 .text.HAL_TIM_ConfigClockSource
                0x00000000080080a0      0x18e ./Drivers/STM32F4xx_HAL_Driver/Src/stm32f4xx_hal_tim.o
                0x00000000080080a0                HAL_TIM_ConfigClockSource
 *fill*         0x000000000800822e        0x2 
 .text.HAL_TIM_ReadCapturedValue
                0x0000000008008230       0x88 ./Drivers/STM32F4xx_HAL_Driver/Src/stm32f4xx_hal_tim.o
                0x0000000008008230                HAL_TIM_ReadCapturedValue
 .text.HAL_TIM_OC_DelayElapsedCallback
                0x00000000080082b8       0x14 ./Drivers/STM32F4xx_HAL_Driver/Src/stm32f4xx_hal_tim.o
                0x00000000080082b8                HAL_TIM_OC_DelayElapsedCallback
 .text.HAL_TIM_PWM_PulseFinishedCallback
                0x00000000080082cc       0x14 ./Drivers/STM32F4xx_HAL_Driver/Src/stm32f4xx_hal_tim.o
                0x00000000080082cc                HAL_TIM_PWM_PulseFinishedCallback
 .text.HAL_TIM_TriggerCallback
                0x00000000080082e0       0x14 ./Drivers/STM32F4xx_HAL_Driver/Src/stm32f4xx_hal_tim.o
                0x00000000080082e0                HAL_TIM_TriggerCallback
 .text.TIM_Base_SetConfig
                0x00000000080082f4      0x140 ./Drivers/STM32F4xx_HAL_Driver/Src/stm32f4xx_hal_tim.o
                0x00000000080082f4                TIM_Base_SetConfig
 .text.TIM_TI1_SetConfig
                0x0000000008008434       0xe8 ./Drivers/STM32F4xx_HAL_Driver/Src/stm32f4xx_hal_tim.o
                0x0000000008008434                TIM_TI1_SetConfig
 .text.TIM_TI1_ConfigInputStage
                0x000000000800851c       0x5e ./Drivers/STM32F4xx_HAL_Driver/Src/stm32f4xx_hal_tim.o
 .text.TIM_TI2_SetConfig
                0x000000000800857a       0x7a ./Drivers/STM32F4xx_HAL_Driver/Src/stm32f4xx_hal_tim.o
 .text.TIM_TI2_ConfigInputStage
                0x00000000080085f4       0x60 ./Drivers/STM32F4xx_HAL_Driver/Src/stm32f4xx_hal_tim.o
 .text.TIM_TI3_SetConfig
                0x0000000008008654       0x78 ./Drivers/STM32F4xx_HAL_Driver/Src/stm32f4xx_hal_tim.o
 .text.TIM_TI4_SetConfig
                0x00000000080086cc       0x7a ./Drivers/STM32F4xx_HAL_Driver/Src/stm32f4xx_hal_tim.o
 .text.TIM_ITRx_SetConfig
                0x0000000008008746       0x36 ./Drivers/STM32F4xx_HAL_Driver/Src/stm32f4xx_hal_tim.o
 .text.TIM_ETR_SetConfig
                0x000000000800877c       0x40 ./Drivers/STM32F4xx_HAL_Driver/Src/stm32f4xx_hal_tim.o
                0x000000000800877c                TIM_ETR_SetConfig
 .text.TIM_CCxChannelCmd
                0x00000000080087bc       0x4a ./Drivers/STM32F4xx_HAL_Driver/Src/stm32f4xx_hal_tim.o
                0x00000000080087bc                TIM_CCxChannelCmd
 *fill*         0x0000000008008806        0x2 
 .text.HAL_TIMEx_MasterConfigSynchronization
                0x0000000008008808       0xf8 ./Drivers/STM32F4xx_HAL_Driver/Src/stm32f4xx_hal_tim_ex.o
                0x0000000008008808                HAL_TIMEx_MasterConfigSynchronization
 .text.HAL_TIMEx_CommutCallback
                0x0000000008008900       0x14 ./Drivers/STM32F4xx_HAL_Driver/Src/stm32f4xx_hal_tim_ex.o
                0x0000000008008900                HAL_TIMEx_CommutCallback
 .text.HAL_TIMEx_BreakCallback
                0x0000000008008914       0x14 ./Drivers/STM32F4xx_HAL_Driver/Src/stm32f4xx_hal_tim_ex.o
                0x0000000008008914                HAL_TIMEx_BreakCallback
 .text.FSMC_NORSRAM_Init
                0x0000000008008928       0xa4 ./Drivers/STM32F4xx_HAL_Driver/Src/stm32f4xx_ll_fsmc.o
                0x0000000008008928                FSMC_NORSRAM_Init
 .text.FSMC_NORSRAM_Timing_Init
                0x00000000080089cc       0x7a ./Drivers/STM32F4xx_HAL_Driver/Src/stm32f4xx_ll_fsmc.o
                0x00000000080089cc                FSMC_NORSRAM_Timing_Init
 *fill*         0x0000000008008a46        0x2 
 .text.FSMC_NORSRAM_Extended_Timing_Init
                0x0000000008008a48       0x80 ./Drivers/STM32F4xx_HAL_Driver/Src/stm32f4xx_ll_fsmc.o
                0x0000000008008a48                FSMC_NORSRAM_Extended_Timing_Init
 .text.__libc_init_array
                0x0000000008008ac8       0x48 c:/st/stm32cubeide_1.7.0/stm32cubeide/plugins/com.st.stm32cube.ide.mcu.externaltools.gnu-tools-for-stm32.9-2020-q2-update.win32_2.0.0.202105311346/tools/bin/../lib/gcc/arm-none-eabi/9.3.1/../../../../arm-none-eabi/lib/thumb/v7e-m+fp/hard\libc_nano.a(lib_a-init.o)
                0x0000000008008ac8                __libc_init_array
 .text.memset   0x0000000008008b10       0x10 c:/st/stm32cubeide_1.7.0/stm32cubeide/plugins/com.st.stm32cube.ide.mcu.externaltools.gnu-tools-for-stm32.9-2020-q2-update.win32_2.0.0.202105311346/tools/bin/../lib/gcc/arm-none-eabi/9.3.1/../../../../arm-none-eabi/lib/thumb/v7e-m+fp/hard\libc_nano.a(lib_a-memset.o)
                0x0000000008008b10                memset
 *(.glue_7)
 .glue_7        0x0000000008008b20        0x0 linker stubs
 *(.glue_7t)
 .glue_7t       0x0000000008008b20        0x0 linker stubs
 *(.eh_frame)
 .eh_frame      0x0000000008008b20        0x0 c:/st/stm32cubeide_1.7.0/stm32cubeide/plugins/com.st.stm32cube.ide.mcu.externaltools.gnu-tools-for-stm32.9-2020-q2-update.win32_2.0.0.202105311346/tools/bin/../lib/gcc/arm-none-eabi/9.3.1/thumb/v7e-m+fp/hard/crtbegin.o
 *(.init)
 .init          0x0000000008008b20        0x4 c:/st/stm32cubeide_1.7.0/stm32cubeide/plugins/com.st.stm32cube.ide.mcu.externaltools.gnu-tools-for-stm32.9-2020-q2-update.win32_2.0.0.202105311346/tools/bin/../lib/gcc/arm-none-eabi/9.3.1/thumb/v7e-m+fp/hard/crti.o
                0x0000000008008b20                _init
 .init          0x0000000008008b24        0x8 c:/st/stm32cubeide_1.7.0/stm32cubeide/plugins/com.st.stm32cube.ide.mcu.externaltools.gnu-tools-for-stm32.9-2020-q2-update.win32_2.0.0.202105311346/tools/bin/../lib/gcc/arm-none-eabi/9.3.1/thumb/v7e-m+fp/hard/crtn.o
 *(.fini)
 .fini          0x0000000008008b2c        0x4 c:/st/stm32cubeide_1.7.0/stm32cubeide/plugins/com.st.stm32cube.ide.mcu.externaltools.gnu-tools-for-stm32.9-2020-q2-update.win32_2.0.0.202105311346/tools/bin/../lib/gcc/arm-none-eabi/9.3.1/thumb/v7e-m+fp/hard/crti.o
                0x0000000008008b2c                _fini
 .fini          0x0000000008008b30        0x8 c:/st/stm32cubeide_1.7.0/stm32cubeide/plugins/com.st.stm32cube.ide.mcu.externaltools.gnu-tools-for-stm32.9-2020-q2-update.win32_2.0.0.202105311346/tools/bin/../lib/gcc/arm-none-eabi/9.3.1/thumb/v7e-m+fp/hard/crtn.o
                0x0000000008008b38                . = ALIGN (0x4)
                0x0000000008008b38                _etext = .

.vfp11_veneer   0x0000000008008b38        0x0
 .vfp11_veneer  0x0000000008008b38        0x0 linker stubs

.v4_bx          0x0000000008008b38        0x0
 .v4_bx         0x0000000008008b38        0x0 linker stubs

.iplt           0x0000000008008b38        0x0
 .iplt          0x0000000008008b38        0x0 c:/st/stm32cubeide_1.7.0/stm32cubeide/plugins/com.st.stm32cube.ide.mcu.externaltools.gnu-tools-for-stm32.9-2020-q2-update.win32_2.0.0.202105311346/tools/bin/../lib/gcc/arm-none-eabi/9.3.1/thumb/v7e-m+fp/hard/crtbegin.o

.rodata         0x0000000008008b38       0x7c
                0x0000000008008b38                . = ALIGN (0x4)
 *(.rodata)
 *(.rodata*)
 .rodata.OV7670_reg
                0x0000000008008b38       0x5c ./Core/Modules/camera/OV7670.o
                0x0000000008008b38                OV7670_reg
 .rodata.AHBPrescTable
                0x0000000008008b94       0x10 ./Core/Src/system_stm32f4xx.o
                0x0000000008008b94                AHBPrescTable
 .rodata.APBPrescTable
                0x0000000008008ba4        0x8 ./Core/Src/system_stm32f4xx.o
                0x0000000008008ba4                APBPrescTable
 .rodata.flagBitshiftOffset.8801
                0x0000000008008bac        0x8 ./Drivers/STM32F4xx_HAL_Driver/Src/stm32f4xx_hal_dma.o
                0x0000000008008bb4                . = ALIGN (0x4)

.ARM.extab      0x0000000008008bb4        0x0
                0x0000000008008bb4                . = ALIGN (0x4)
 *(.ARM.extab* .gnu.linkonce.armextab.*)
                0x0000000008008bb4                . = ALIGN (0x4)

.ARM            0x0000000008008bb4        0x8
                0x0000000008008bb4                . = ALIGN (0x4)
                0x0000000008008bb4                __exidx_start = .
 *(.ARM.exidx*)
 .ARM.exidx     0x0000000008008bb4        0x8 c:/st/stm32cubeide_1.7.0/stm32cubeide/plugins/com.st.stm32cube.ide.mcu.externaltools.gnu-tools-for-stm32.9-2020-q2-update.win32_2.0.0.202105311346/tools/bin/../lib/gcc/arm-none-eabi/9.3.1/thumb/v7e-m+fp/hard\libgcc.a(_udivmoddi4.o)
                0x0000000008008bbc                __exidx_end = .
                0x0000000008008bbc                . = ALIGN (0x4)

.rel.dyn        0x0000000008008bbc        0x0
 .rel.iplt      0x0000000008008bbc        0x0 c:/st/stm32cubeide_1.7.0/stm32cubeide/plugins/com.st.stm32cube.ide.mcu.externaltools.gnu-tools-for-stm32.9-2020-q2-update.win32_2.0.0.202105311346/tools/bin/../lib/gcc/arm-none-eabi/9.3.1/thumb/v7e-m+fp/hard/crtbegin.o

.preinit_array  0x0000000008008bbc        0x0
                0x0000000008008bbc                . = ALIGN (0x4)
                0x0000000008008bbc                PROVIDE (__preinit_array_start = .)
 *(.preinit_array*)
                0x0000000008008bbc                PROVIDE (__preinit_array_end = .)
                0x0000000008008bbc                . = ALIGN (0x4)

.init_array     0x0000000008008bbc        0x4
                0x0000000008008bbc                . = ALIGN (0x4)
                0x0000000008008bbc                PROVIDE (__init_array_start = .)
 *(SORT_BY_NAME(.init_array.*))
 *(.init_array*)
 .init_array    0x0000000008008bbc        0x4 c:/st/stm32cubeide_1.7.0/stm32cubeide/plugins/com.st.stm32cube.ide.mcu.externaltools.gnu-tools-for-stm32.9-2020-q2-update.win32_2.0.0.202105311346/tools/bin/../lib/gcc/arm-none-eabi/9.3.1/thumb/v7e-m+fp/hard/crtbegin.o
                0x0000000008008bc0                PROVIDE (__init_array_end = .)
                0x0000000008008bc0                . = ALIGN (0x4)

.fini_array     0x0000000008008bc0        0x4
                0x0000000008008bc0                . = ALIGN (0x4)
                [!provide]                        PROVIDE (__fini_array_start = .)
 *(SORT_BY_NAME(.fini_array.*))
 *(.fini_array*)
 .fini_array    0x0000000008008bc0        0x4 c:/st/stm32cubeide_1.7.0/stm32cubeide/plugins/com.st.stm32cube.ide.mcu.externaltools.gnu-tools-for-stm32.9-2020-q2-update.win32_2.0.0.202105311346/tools/bin/../lib/gcc/arm-none-eabi/9.3.1/thumb/v7e-m+fp/hard/crtbegin.o
                [!provide]                        PROVIDE (__fini_array_end = .)
                0x0000000008008bc4                . = ALIGN (0x4)
                0x0000000008008bc4                _sidata = LOADADDR (.data)

.data           0x0000000020000000       0x30 load address 0x0000000008008bc4
                0x0000000020000000                . = ALIGN (0x4)
                0x0000000020000000                _sdata = .
 *(.data)
 *(.data*)
 .data.sensors  0x0000000020000000       0x24 ./Core/Modules/sensor/hc_sr04.o
                0x0000000020000000                sensors
 .data.SystemCoreClock
                0x0000000020000024        0x4 ./Core/Src/system_stm32f4xx.o
                0x0000000020000024                SystemCoreClock
 .data.uwTickPrio
                0x0000000020000028        0x4 ./Drivers/STM32F4xx_HAL_Driver/Src/stm32f4xx_hal.o
                0x0000000020000028                uwTickPrio
 .data.uwTickFreq
                0x000000002000002c        0x1 ./Drivers/STM32F4xx_HAL_Driver/Src/stm32f4xx_hal.o
                0x000000002000002c                uwTickFreq
 *(.RamFunc)
 *(.RamFunc*)
                0x0000000020000030                . = ALIGN (0x4)
 *fill*         0x000000002000002d        0x3 
                0x0000000020000030                _edata = .
                0x0000000008008bf4                _siccmram = LOADADDR (.ccmram)

.igot.plt       0x0000000020000030        0x0 load address 0x0000000008008bf4
 .igot.plt      0x0000000020000030        0x0 c:/st/stm32cubeide_1.7.0/stm32cubeide/plugins/com.st.stm32cube.ide.mcu.externaltools.gnu-tools-for-stm32.9-2020-q2-update.win32_2.0.0.202105311346/tools/bin/../lib/gcc/arm-none-eabi/9.3.1/thumb/v7e-m+fp/hard/crtbegin.o

.ccmram         0x0000000010000000        0x0 load address 0x0000000008008bf4
                0x0000000010000000                . = ALIGN (0x4)
                0x0000000010000000                _sccmram = .
 *(.ccmram)
 *(.ccmram*)
                0x0000000010000000                . = ALIGN (0x4)
                0x0000000010000000                _eccmram = .
                0x0000000010000000                . = ALIGN (0x4)

.bss            0x0000000020000030     0x4dc4
                0x0000000020000030                _sbss = .
                0x0000000020000030                __bss_start__ = _sbss
 *(.bss)
 .bss           0x0000000020000030       0x1c c:/st/stm32cubeide_1.7.0/stm32cubeide/plugins/com.st.stm32cube.ide.mcu.externaltools.gnu-tools-for-stm32.9-2020-q2-update.win32_2.0.0.202105311346/tools/bin/../lib/gcc/arm-none-eabi/9.3.1/thumb/v7e-m+fp/hard/crtbegin.o
 *(.bss*)
 .bss.sp_hdcmi  0x000000002000004c        0x4 ./Core/Modules/camera/OV7670.o
 .bss.sp_hdma_dcmi
                0x0000000020000050        0x4 ./Core/Modules/camera/OV7670.o
 .bss.sp_hi2c   0x0000000020000054        0x4 ./Core/Modules/camera/OV7670.o
 .bss.s_destAddressForContiuousMode
                0x0000000020000058        0x4 ./Core/Modules/camera/OV7670.o
 .bss.s_currentH
                0x000000002000005c        0x4 ./Core/Modules/camera/OV7670.o
 .bss.s_currentV
                0x0000000020000060        0x4 ./Core/Modules/camera/OV7670.o
 .bss.obj_state
                0x0000000020000064        0x1 ./Core/Modules/sensor/hc_sr04.o
 .bss.last_obj_state
                0x0000000020000065        0x1 ./Core/Modules/sensor/hc_sr04.o
 .bss.last_distance
                0x0000000020000066        0x1 ./Core/Modules/sensor/hc_sr04.o
 *fill*         0x0000000020000067        0x1 
 .bss.frame_captured
                0x0000000020000068        0x4 ./Core/Src/main.o
                0x0000000020000068                frame_captured
 .bss.cam_busy  0x000000002000006c        0x4 ./Core/Src/main.o
                0x000000002000006c                cam_busy
 .bss.count     0x0000000020000070        0x4 ./Core/Src/main.o
 .bss.dis       0x0000000020000074        0x4 ./Core/Src/main.o
                0x0000000020000074                dis
 .bss.FSMC_Initialized
                0x0000000020000078        0x4 ./Core/Src/stm32f4xx_hal_msp.o
 *(COMMON)
 COMMON         0x000000002000007c     0x4d74 ./Core/Src/main.o
                0x000000002000007c                hspi2
                0x00000000200000d4                htim8
                0x000000002000011c                hi2c2
                0x0000000020000170                hdma_dcmi
                0x00000000200001d0                hsram1
                0x0000000020000220                htim3
                0x0000000020000268                hdcmi
                0x00000000200002a8                buf
                0x0000000020004da8                htim2
 COMMON         0x0000000020004df0        0x4 ./Drivers/STM32F4xx_HAL_Driver/Src/stm32f4xx_hal.o
                0x0000000020004df0                uwTick
                0x0000000020004df4                . = ALIGN (0x4)
                0x0000000020004df4                _ebss = .
                0x0000000020004df4                __bss_end__ = _ebss

._user_heap_stack
                0x0000000020004df4      0x604
                0x0000000020004df8                . = ALIGN (0x8)
 *fill*         0x0000000020004df4        0x4 
                [!provide]                        PROVIDE (end = .)
                0x0000000020004df8                PROVIDE (_end = .)
                0x0000000020004ff8                . = (. + _Min_Heap_Size)
 *fill*         0x0000000020004df8      0x200 
                0x00000000200053f8                . = (. + _Min_Stack_Size)
 *fill*         0x0000000020004ff8      0x400 
                0x00000000200053f8                . = ALIGN (0x8)

/DISCARD/
 libc.a(*)
 libm.a(*)
 libgcc.a(*)

.ARM.attributes
                0x0000000000000000       0x30
 *(.ARM.attributes)
 .ARM.attributes
                0x0000000000000000       0x1e c:/st/stm32cubeide_1.7.0/stm32cubeide/plugins/com.st.stm32cube.ide.mcu.externaltools.gnu-tools-for-stm32.9-2020-q2-update.win32_2.0.0.202105311346/tools/bin/../lib/gcc/arm-none-eabi/9.3.1/thumb/v7e-m+fp/hard/crti.o
 .ARM.attributes
                0x000000000000001e       0x34 c:/st/stm32cubeide_1.7.0/stm32cubeide/plugins/com.st.stm32cube.ide.mcu.externaltools.gnu-tools-for-stm32.9-2020-q2-update.win32_2.0.0.202105311346/tools/bin/../lib/gcc/arm-none-eabi/9.3.1/thumb/v7e-m+fp/hard/crtbegin.o
 .ARM.attributes
                0x0000000000000052       0x34 ./Core/Modules/camera/OV7670.o
 .ARM.attributes
                0x0000000000000086       0x34 ./Core/Modules/fpga_communication/fpga_comm.o
 .ARM.attributes
                0x00000000000000ba       0x34 ./Core/Modules/lcd/ili9341.o
 .ARM.attributes
                0x00000000000000ee       0x34 ./Core/Modules/sensor/hc_sr04.o
 .ARM.attributes
                0x0000000000000122       0x34 ./Core/Src/main.o
 .ARM.attributes
                0x0000000000000156       0x34 ./Core/Src/stm32f4xx_hal_msp.o
 .ARM.attributes
                0x000000000000018a       0x34 ./Core/Src/stm32f4xx_it.o
 .ARM.attributes
                0x00000000000001be       0x34 ./Core/Src/system_stm32f4xx.o
 .ARM.attributes
                0x00000000000001f2       0x21 ./Core/Startup/startup_stm32f407vetx.o
 .ARM.attributes
                0x0000000000000213       0x34 ./Drivers/STM32F4xx_HAL_Driver/Src/stm32f4xx_hal.o
 .ARM.attributes
                0x0000000000000247       0x34 ./Drivers/STM32F4xx_HAL_Driver/Src/stm32f4xx_hal_cortex.o
 .ARM.attributes
                0x000000000000027b       0x34 ./Drivers/STM32F4xx_HAL_Driver/Src/stm32f4xx_hal_dcmi.o
 .ARM.attributes
                0x00000000000002af       0x34 ./Drivers/STM32F4xx_HAL_Driver/Src/stm32f4xx_hal_dcmi_ex.o
 .ARM.attributes
                0x00000000000002e3       0x34 ./Drivers/STM32F4xx_HAL_Driver/Src/stm32f4xx_hal_dma.o
 .ARM.attributes
                0x0000000000000317       0x34 ./Drivers/STM32F4xx_HAL_Driver/Src/stm32f4xx_hal_dma_ex.o
 .ARM.attributes
                0x000000000000034b       0x34 ./Drivers/STM32F4xx_HAL_Driver/Src/stm32f4xx_hal_gpio.o
 .ARM.attributes
                0x000000000000037f       0x34 ./Drivers/STM32F4xx_HAL_Driver/Src/stm32f4xx_hal_i2c.o
 .ARM.attributes
                0x00000000000003b3       0x34 ./Drivers/STM32F4xx_HAL_Driver/Src/stm32f4xx_hal_rcc.o
 .ARM.attributes
                0x00000000000003e7       0x34 ./Drivers/STM32F4xx_HAL_Driver/Src/stm32f4xx_hal_spi.o
 .ARM.attributes
                0x000000000000041b       0x34 ./Drivers/STM32F4xx_HAL_Driver/Src/stm32f4xx_hal_sram.o
 .ARM.attributes
                0x000000000000044f       0x34 ./Drivers/STM32F4xx_HAL_Driver/Src/stm32f4xx_hal_tim.o
 .ARM.attributes
                0x0000000000000483       0x34 ./Drivers/STM32F4xx_HAL_Driver/Src/stm32f4xx_hal_tim_ex.o
 .ARM.attributes
                0x00000000000004b7       0x34 ./Drivers/STM32F4xx_HAL_Driver/Src/stm32f4xx_ll_fsmc.o
 .ARM.attributes
                0x00000000000004eb       0x34 c:/st/stm32cubeide_1.7.0/stm32cubeide/plugins/com.st.stm32cube.ide.mcu.externaltools.gnu-tools-for-stm32.9-2020-q2-update.win32_2.0.0.202105311346/tools/bin/../lib/gcc/arm-none-eabi/9.3.1/../../../../arm-none-eabi/lib/thumb/v7e-m+fp/hard\libc_nano.a(lib_a-init.o)
 .ARM.attributes
                0x000000000000051f       0x34 c:/st/stm32cubeide_1.7.0/stm32cubeide/plugins/com.st.stm32cube.ide.mcu.externaltools.gnu-tools-for-stm32.9-2020-q2-update.win32_2.0.0.202105311346/tools/bin/../lib/gcc/arm-none-eabi/9.3.1/../../../../arm-none-eabi/lib/thumb/v7e-m+fp/hard\libc_nano.a(lib_a-memset.o)
 .ARM.attributes
                0x0000000000000553       0x1e c:/st/stm32cubeide_1.7.0/stm32cubeide/plugins/com.st.stm32cube.ide.mcu.externaltools.gnu-tools-for-stm32.9-2020-q2-update.win32_2.0.0.202105311346/tools/bin/../lib/gcc/arm-none-eabi/9.3.1/thumb/v7e-m+fp/hard\libgcc.a(_aeabi_uldivmod.o)
 .ARM.attributes
                0x0000000000000571       0x34 c:/st/stm32cubeide_1.7.0/stm32cubeide/plugins/com.st.stm32cube.ide.mcu.externaltools.gnu-tools-for-stm32.9-2020-q2-update.win32_2.0.0.202105311346/tools/bin/../lib/gcc/arm-none-eabi/9.3.1/thumb/v7e-m+fp/hard\libgcc.a(_udivmoddi4.o)
 .ARM.attributes
                0x00000000000005a5       0x1e c:/st/stm32cubeide_1.7.0/stm32cubeide/plugins/com.st.stm32cube.ide.mcu.externaltools.gnu-tools-for-stm32.9-2020-q2-update.win32_2.0.0.202105311346/tools/bin/../lib/gcc/arm-none-eabi/9.3.1/thumb/v7e-m+fp/hard\libgcc.a(_dvmd_tls.o)
 .ARM.attributes
                0x00000000000005c3       0x1e c:/st/stm32cubeide_1.7.0/stm32cubeide/plugins/com.st.stm32cube.ide.mcu.externaltools.gnu-tools-for-stm32.9-2020-q2-update.win32_2.0.0.202105311346/tools/bin/../lib/gcc/arm-none-eabi/9.3.1/thumb/v7e-m+fp/hard/crtn.o
OUTPUT(CAMERA_OV7670_F407VE.elf elf32-littlearm)
LOAD linker stubs
LOAD c:/st/stm32cubeide_1.7.0/stm32cubeide/plugins/com.st.stm32cube.ide.mcu.externaltools.gnu-tools-for-stm32.9-2020-q2-update.win32_2.0.0.202105311346/tools/bin/../lib/gcc/arm-none-eabi/9.3.1/../../../../arm-none-eabi/lib/thumb/v7e-m+fp/hard\libc.a
LOAD c:/st/stm32cubeide_1.7.0/stm32cubeide/plugins/com.st.stm32cube.ide.mcu.externaltools.gnu-tools-for-stm32.9-2020-q2-update.win32_2.0.0.202105311346/tools/bin/../lib/gcc/arm-none-eabi/9.3.1/../../../../arm-none-eabi/lib/thumb/v7e-m+fp/hard\libm.a
LOAD c:/st/stm32cubeide_1.7.0/stm32cubeide/plugins/com.st.stm32cube.ide.mcu.externaltools.gnu-tools-for-stm32.9-2020-q2-update.win32_2.0.0.202105311346/tools/bin/../lib/gcc/arm-none-eabi/9.3.1/thumb/v7e-m+fp/hard\libgcc.a

.debug_info     0x0000000000000000    0x1a5f8
 .debug_info    0x0000000000000000     0x1920 ./Core/Modules/camera/OV7670.o
 .debug_info    0x0000000000001920     0x147a ./Core/Modules/fpga_communication/fpga_comm.o
 .debug_info    0x0000000000002d9a     0x1959 ./Core/Modules/lcd/ili9341.o
 .debug_info    0x00000000000046f3     0x1368 ./Core/Modules/sensor/hc_sr04.o
 .debug_info    0x0000000000005a5b     0x2654 ./Core/Src/main.o
 .debug_info    0x00000000000080af     0x23fa ./Core/Src/stm32f4xx_hal_msp.o
 .debug_info    0x000000000000a4a9     0x17fe ./Core/Src/stm32f4xx_it.o
 .debug_info    0x000000000000bca7      0x5a4 ./Core/Src/system_stm32f4xx.o
 .debug_info    0x000000000000c24b       0x22 ./Core/Startup/startup_stm32f407vetx.o
 .debug_info    0x000000000000c26d      0x9b2 ./Drivers/STM32F4xx_HAL_Driver/Src/stm32f4xx_hal.o
 .debug_info    0x000000000000cc1f      0xed7 ./Drivers/STM32F4xx_HAL_Driver/Src/stm32f4xx_hal_cortex.o
 .debug_info    0x000000000000daf6      0xb7e ./Drivers/STM32F4xx_HAL_Driver/Src/stm32f4xx_hal_dcmi.o
 .debug_info    0x000000000000e674      0x6bd ./Drivers/STM32F4xx_HAL_Driver/Src/stm32f4xx_hal_dcmi_ex.o
 .debug_info    0x000000000000ed31      0x9f1 ./Drivers/STM32F4xx_HAL_Driver/Src/stm32f4xx_hal_dma.o
 .debug_info    0x000000000000f722      0x62d ./Drivers/STM32F4xx_HAL_Driver/Src/stm32f4xx_hal_dma_ex.o
 .debug_info    0x000000000000fd4f      0x83e ./Drivers/STM32F4xx_HAL_Driver/Src/stm32f4xx_hal_gpio.o
 .debug_info    0x000000000001058d     0x264d ./Drivers/STM32F4xx_HAL_Driver/Src/stm32f4xx_hal_i2c.o
 .debug_info    0x0000000000012bda      0x996 ./Drivers/STM32F4xx_HAL_Driver/Src/stm32f4xx_hal_rcc.o
 .debug_info    0x0000000000013570     0x17c0 ./Drivers/STM32F4xx_HAL_Driver/Src/stm32f4xx_hal_spi.o
 .debug_info    0x0000000000014d30      0xbab ./Drivers/STM32F4xx_HAL_Driver/Src/stm32f4xx_hal_sram.o
 .debug_info    0x00000000000158db     0x2c22 ./Drivers/STM32F4xx_HAL_Driver/Src/stm32f4xx_hal_tim.o
 .debug_info    0x00000000000184fd     0x15a2 ./Drivers/STM32F4xx_HAL_Driver/Src/stm32f4xx_hal_tim_ex.o
 .debug_info    0x0000000000019a9f      0xb59 ./Drivers/STM32F4xx_HAL_Driver/Src/stm32f4xx_ll_fsmc.o

.debug_abbrev   0x0000000000000000     0x3213
 .debug_abbrev  0x0000000000000000      0x2a1 ./Core/Modules/camera/OV7670.o
 .debug_abbrev  0x00000000000002a1      0x1ea ./Core/Modules/fpga_communication/fpga_comm.o
 .debug_abbrev  0x000000000000048b      0x2ee ./Core/Modules/lcd/ili9341.o
 .debug_abbrev  0x0000000000000779      0x2c5 ./Core/Modules/sensor/hc_sr04.o
 .debug_abbrev  0x0000000000000a3e      0x32f ./Core/Src/main.o
 .debug_abbrev  0x0000000000000d6d      0x2a4 ./Core/Src/stm32f4xx_hal_msp.o
 .debug_abbrev  0x0000000000001011      0x20d ./Core/Src/stm32f4xx_it.o
 .debug_abbrev  0x000000000000121e      0x145 ./Core/Src/system_stm32f4xx.o
 .debug_abbrev  0x0000000000001363       0x12 ./Core/Startup/startup_stm32f407vetx.o
 .debug_abbrev  0x0000000000001375      0x1ed ./Drivers/STM32F4xx_HAL_Driver/Src/stm32f4xx_hal.o
 .debug_abbrev  0x0000000000001562      0x33c ./Drivers/STM32F4xx_HAL_Driver/Src/stm32f4xx_hal_cortex.o
 .debug_abbrev  0x000000000000189e      0x22e ./Drivers/STM32F4xx_HAL_Driver/Src/stm32f4xx_hal_dcmi.o
 .debug_abbrev  0x0000000000001acc      0x15e ./Drivers/STM32F4xx_HAL_Driver/Src/stm32f4xx_hal_dcmi_ex.o
 .debug_abbrev  0x0000000000001c2a      0x259 ./Drivers/STM32F4xx_HAL_Driver/Src/stm32f4xx_hal_dma.o
 .debug_abbrev  0x0000000000001e83      0x1d4 ./Drivers/STM32F4xx_HAL_Driver/Src/stm32f4xx_hal_dma_ex.o
 .debug_abbrev  0x0000000000002057      0x1f1 ./Drivers/STM32F4xx_HAL_Driver/Src/stm32f4xx_hal_gpio.o
 .debug_abbrev  0x0000000000002248      0x282 ./Drivers/STM32F4xx_HAL_Driver/Src/stm32f4xx_hal_i2c.o
 .debug_abbrev  0x00000000000024ca      0x275 ./Drivers/STM32F4xx_HAL_Driver/Src/stm32f4xx_hal_rcc.o
 .debug_abbrev  0x000000000000273f      0x26e ./Drivers/STM32F4xx_HAL_Driver/Src/stm32f4xx_hal_spi.o
 .debug_abbrev  0x00000000000029ad      0x1f4 ./Drivers/STM32F4xx_HAL_Driver/Src/stm32f4xx_hal_sram.o
 .debug_abbrev  0x0000000000002ba1      0x25e ./Drivers/STM32F4xx_HAL_Driver/Src/stm32f4xx_hal_tim.o
 .debug_abbrev  0x0000000000002dff      0x266 ./Drivers/STM32F4xx_HAL_Driver/Src/stm32f4xx_hal_tim_ex.o
 .debug_abbrev  0x0000000000003065      0x1ae ./Drivers/STM32F4xx_HAL_Driver/Src/stm32f4xx_ll_fsmc.o

.debug_aranges  0x0000000000000000     0x12c0
 .debug_aranges
                0x0000000000000000       0x50 ./Core/Modules/camera/OV7670.o
 .debug_aranges
                0x0000000000000050       0x20 ./Core/Modules/fpga_communication/fpga_comm.o
 .debug_aranges
                0x0000000000000070       0x90 ./Core/Modules/lcd/ili9341.o
 .debug_aranges
                0x0000000000000100       0x48 ./Core/Modules/sensor/hc_sr04.o
 .debug_aranges
                0x0000000000000148       0x80 ./Core/Src/main.o
 .debug_aranges
                0x00000000000001c8       0x90 ./Core/Src/stm32f4xx_hal_msp.o
 .debug_aranges
                0x0000000000000258       0x98 ./Core/Src/stm32f4xx_it.o
 .debug_aranges
                0x00000000000002f0       0x28 ./Core/Src/system_stm32f4xx.o
 .debug_aranges
                0x0000000000000318       0x28 ./Core/Startup/startup_stm32f407vetx.o
 .debug_aranges
                0x0000000000000340       0xf0 ./Drivers/STM32F4xx_HAL_Driver/Src/stm32f4xx_hal.o
 .debug_aranges
                0x0000000000000430      0x118 ./Drivers/STM32F4xx_HAL_Driver/Src/stm32f4xx_hal_cortex.o
 .debug_aranges
                0x0000000000000548       0xc0 ./Drivers/STM32F4xx_HAL_Driver/Src/stm32f4xx_hal_dcmi.o
 .debug_aranges
                0x0000000000000608       0x20 ./Drivers/STM32F4xx_HAL_Driver/Src/stm32f4xx_hal_dcmi_ex.o
 .debug_aranges
                0x0000000000000628       0x90 ./Drivers/STM32F4xx_HAL_Driver/Src/stm32f4xx_hal_dma.o
 .debug_aranges
                0x00000000000006b8       0x38 ./Drivers/STM32F4xx_HAL_Driver/Src/stm32f4xx_hal_dma_ex.o
 .debug_aranges
                0x00000000000006f0       0x58 ./Drivers/STM32F4xx_HAL_Driver/Src/stm32f4xx_hal_gpio.o
 .debug_aranges
                0x0000000000000748      0x2a0 ./Drivers/STM32F4xx_HAL_Driver/Src/stm32f4xx_hal_i2c.o
 .debug_aranges
                0x00000000000009e8       0x88 ./Drivers/STM32F4xx_HAL_Driver/Src/stm32f4xx_hal_rcc.o
 .debug_aranges
                0x0000000000000a70      0x1d0 ./Drivers/STM32F4xx_HAL_Driver/Src/stm32f4xx_hal_spi.o
 .debug_aranges
                0x0000000000000c40       0xa0 ./Drivers/STM32F4xx_HAL_Driver/Src/stm32f4xx_hal_sram.o
 .debug_aranges
                0x0000000000000ce0      0x3d0 ./Drivers/STM32F4xx_HAL_Driver/Src/stm32f4xx_hal_tim.o
 .debug_aranges
                0x00000000000010b0      0x168 ./Drivers/STM32F4xx_HAL_Driver/Src/stm32f4xx_hal_tim_ex.o
 .debug_aranges
                0x0000000000001218       0xa8 ./Drivers/STM32F4xx_HAL_Driver/Src/stm32f4xx_ll_fsmc.o

.debug_ranges   0x0000000000000000     0x1180
 .debug_ranges  0x0000000000000000       0x40 ./Core/Modules/camera/OV7670.o
 .debug_ranges  0x0000000000000040       0x10 ./Core/Modules/fpga_communication/fpga_comm.o
 .debug_ranges  0x0000000000000050       0x80 ./Core/Modules/lcd/ili9341.o
 .debug_ranges  0x00000000000000d0       0x38 ./Core/Modules/sensor/hc_sr04.o
 .debug_ranges  0x0000000000000108       0x70 ./Core/Src/main.o
 .debug_ranges  0x0000000000000178       0x80 ./Core/Src/stm32f4xx_hal_msp.o
 .debug_ranges  0x00000000000001f8       0x88 ./Core/Src/stm32f4xx_it.o
 .debug_ranges  0x0000000000000280       0x18 ./Core/Src/system_stm32f4xx.o
 .debug_ranges  0x0000000000000298       0x20 ./Core/Startup/startup_stm32f407vetx.o
 .debug_ranges  0x00000000000002b8       0xe0 ./Drivers/STM32F4xx_HAL_Driver/Src/stm32f4xx_hal.o
 .debug_ranges  0x0000000000000398      0x108 ./Drivers/STM32F4xx_HAL_Driver/Src/stm32f4xx_hal_cortex.o
 .debug_ranges  0x00000000000004a0       0xb0 ./Drivers/STM32F4xx_HAL_Driver/Src/stm32f4xx_hal_dcmi.o
 .debug_ranges  0x0000000000000550       0x10 ./Drivers/STM32F4xx_HAL_Driver/Src/stm32f4xx_hal_dcmi_ex.o
 .debug_ranges  0x0000000000000560       0x80 ./Drivers/STM32F4xx_HAL_Driver/Src/stm32f4xx_hal_dma.o
 .debug_ranges  0x00000000000005e0       0x28 ./Drivers/STM32F4xx_HAL_Driver/Src/stm32f4xx_hal_dma_ex.o
 .debug_ranges  0x0000000000000608       0x48 ./Drivers/STM32F4xx_HAL_Driver/Src/stm32f4xx_hal_gpio.o
 .debug_ranges  0x0000000000000650      0x2b8 ./Drivers/STM32F4xx_HAL_Driver/Src/stm32f4xx_hal_i2c.o
 .debug_ranges  0x0000000000000908       0x78 ./Drivers/STM32F4xx_HAL_Driver/Src/stm32f4xx_hal_rcc.o
 .debug_ranges  0x0000000000000980      0x1c0 ./Drivers/STM32F4xx_HAL_Driver/Src/stm32f4xx_hal_spi.o
 .debug_ranges  0x0000000000000b40       0x90 ./Drivers/STM32F4xx_HAL_Driver/Src/stm32f4xx_hal_sram.o
 .debug_ranges  0x0000000000000bd0      0x3c0 ./Drivers/STM32F4xx_HAL_Driver/Src/stm32f4xx_hal_tim.o
 .debug_ranges  0x0000000000000f90      0x158 ./Drivers/STM32F4xx_HAL_Driver/Src/stm32f4xx_hal_tim_ex.o
 .debug_ranges  0x00000000000010e8       0x98 ./Drivers/STM32F4xx_HAL_Driver/Src/stm32f4xx_ll_fsmc.o

.debug_macro    0x0000000000000000    0x2446f
 .debug_macro   0x0000000000000000      0x414 ./Core/Modules/camera/OV7670.o
 .debug_macro   0x0000000000000414      0xaa8 ./Core/Modules/camera/OV7670.o
 .debug_macro   0x0000000000000ebc       0x22 ./Core/Modules/camera/OV7670.o
 .debug_macro   0x0000000000000ede       0x4c ./Core/Modules/camera/OV7670.o
 .debug_macro   0x0000000000000f2a       0x18 ./Core/Modules/camera/OV7670.o
 .debug_macro   0x0000000000000f42       0x94 ./Core/Modules/camera/OV7670.o
 .debug_macro   0x0000000000000fd6       0x3c ./Core/Modules/camera/OV7670.o
 .debug_macro   0x0000000000001012       0x34 ./Core/Modules/camera/OV7670.o
 .debug_macro   0x0000000000001046       0x16 ./Core/Modules/camera/OV7670.o
 .debug_macro   0x000000000000105c       0x57 ./Core/Modules/camera/OV7670.o
 .debug_macro   0x00000000000010b3       0x97 ./Core/Modules/camera/OV7670.o
 .debug_macro   0x000000000000114a      0x339 ./Core/Modules/camera/OV7670.o
 .debug_macro   0x0000000000001483       0xfd ./Core/Modules/camera/OV7670.o
 .debug_macro   0x0000000000001580       0x10 ./Core/Modules/camera/OV7670.o
 .debug_macro   0x0000000000001590       0x16 ./Core/Modules/camera/OV7670.o
 .debug_macro   0x00000000000015a6       0x43 ./Core/Modules/camera/OV7670.o
 .debug_macro   0x00000000000015e9       0x34 ./Core/Modules/camera/OV7670.o
 .debug_macro   0x000000000000161d       0x10 ./Core/Modules/camera/OV7670.o
 .debug_macro   0x000000000000162d       0x58 ./Core/Modules/camera/OV7670.o
 .debug_macro   0x0000000000001685       0x71 ./Core/Modules/camera/OV7670.o
 .debug_macro   0x00000000000016f6       0x1c ./Core/Modules/camera/OV7670.o
 .debug_macro   0x0000000000001712      0x12a ./Core/Modules/camera/OV7670.o
 .debug_macro   0x000000000000183c       0x10 ./Core/Modules/camera/OV7670.o
 .debug_macro   0x000000000000184c       0x6a ./Core/Modules/camera/OV7670.o
 .debug_macro   0x00000000000018b6       0x1c ./Core/Modules/camera/OV7670.o
 .debug_macro   0x00000000000018d2       0x52 ./Core/Modules/camera/OV7670.o
 .debug_macro   0x0000000000001924       0x22 ./Core/Modules/camera/OV7670.o
 .debug_macro   0x0000000000001946       0x10 ./Core/Modules/camera/OV7670.o
 .debug_macro   0x0000000000001956       0x40 ./Core/Modules/camera/OV7670.o
 .debug_macro   0x0000000000001996       0xd5 ./Core/Modules/camera/OV7670.o
 .debug_macro   0x0000000000001a6b       0x1c ./Core/Modules/camera/OV7670.o
 .debug_macro   0x0000000000001a87       0x3d ./Core/Modules/camera/OV7670.o
 .debug_macro   0x0000000000001ac4       0x16 ./Core/Modules/camera/OV7670.o
 .debug_macro   0x0000000000001ada      0x145 ./Core/Modules/camera/OV7670.o
 .debug_macro   0x0000000000001c1f      0x2ad ./Core/Modules/camera/OV7670.o
 .debug_macro   0x0000000000001ecc       0x2e ./Core/Modules/camera/OV7670.o
 .debug_macro   0x0000000000001efa       0x2f ./Core/Modules/camera/OV7670.o
 .debug_macro   0x0000000000001f29      0x103 ./Core/Modules/camera/OV7670.o
 .debug_macro   0x000000000000202c      0x1df ./Core/Modules/camera/OV7670.o
 .debug_macro   0x000000000000220b       0x1c ./Core/Modules/camera/OV7670.o
 .debug_macro   0x0000000000002227       0x22 ./Core/Modules/camera/OV7670.o
 .debug_macro   0x0000000000002249       0xd9 ./Core/Modules/camera/OV7670.o
 .debug_macro   0x0000000000002322     0x102d ./Core/Modules/camera/OV7670.o
 .debug_macro   0x000000000000334f      0x11f ./Core/Modules/camera/OV7670.o
 .debug_macro   0x000000000000346e    0x15e58 ./Core/Modules/camera/OV7670.o
 .debug_macro   0x00000000000192c6       0x6d ./Core/Modules/camera/OV7670.o
 .debug_macro   0x0000000000019333     0x3666 ./Core/Modules/camera/OV7670.o
 .debug_macro   0x000000000001c999       0x56 ./Core/Modules/camera/OV7670.o
 .debug_macro   0x000000000001c9ef      0x96b ./Core/Modules/camera/OV7670.o
 .debug_macro   0x000000000001d35a      0x9fe ./Core/Modules/camera/OV7670.o
 .debug_macro   0x000000000001dd58      0x116 ./Core/Modules/camera/OV7670.o
 .debug_macro   0x000000000001de6e      0x13e ./Core/Modules/camera/OV7670.o
 .debug_macro   0x000000000001dfac       0xa5 ./Core/Modules/camera/OV7670.o
 .debug_macro   0x000000000001e051      0x174 ./Core/Modules/camera/OV7670.o
 .debug_macro   0x000000000001e1c5      0x287 ./Core/Modules/camera/OV7670.o
 .debug_macro   0x000000000001e44c       0x5f ./Core/Modules/camera/OV7670.o
 .debug_macro   0x000000000001e4ab      0x236 ./Core/Modules/camera/OV7670.o
 .debug_macro   0x000000000001e6e1       0x1f ./Core/Modules/camera/OV7670.o
 .debug_macro   0x000000000001e700      0x1d2 ./Core/Modules/camera/OV7670.o
 .debug_macro   0x000000000001e8d2      0x12c ./Core/Modules/camera/OV7670.o
 .debug_macro   0x000000000001e9fe      0x21e ./Core/Modules/camera/OV7670.o
 .debug_macro   0x000000000001ec1c       0x2e ./Core/Modules/camera/OV7670.o
 .debug_macro   0x000000000001ec4a      0x543 ./Core/Modules/camera/OV7670.o
 .debug_macro   0x000000000001f18d      0x1b5 ./Core/Modules/camera/OV7670.o
 .debug_macro   0x000000000001f342       0xd6 ./Core/Modules/camera/OV7670.o
 .debug_macro   0x000000000001f418      0x11a ./Core/Modules/camera/OV7670.o
 .debug_macro   0x000000000001f532       0x7e ./Core/Modules/camera/OV7670.o
 .debug_macro   0x000000000001f5b0       0x89 ./Core/Modules/camera/OV7670.o
 .debug_macro   0x000000000001f639      0x225 ./Core/Modules/camera/OV7670.o
 .debug_macro   0x000000000001f85e      0x8d1 ./Core/Modules/camera/OV7670.o
 .debug_macro   0x000000000002012f       0x47 ./Core/Modules/camera/OV7670.o
 .debug_macro   0x0000000000020176      0x12d ./Core/Modules/camera/OV7670.o
 .debug_macro   0x00000000000202a3       0x16 ./Core/Modules/camera/OV7670.o
 .debug_macro   0x00000000000202b9       0x35 ./Core/Modules/camera/OV7670.o
 .debug_macro   0x00000000000202ee       0x20 ./Core/Modules/camera/OV7670.o
 .debug_macro   0x000000000002030e       0x2e ./Core/Modules/camera/OV7670.o
 .debug_macro   0x000000000002033c       0x5e ./Core/Modules/camera/OV7670.o
 .debug_macro   0x000000000002039a       0x46 ./Core/Modules/camera/OV7670.o
 .debug_macro   0x00000000000203e0       0x1c ./Core/Modules/camera/OV7670.o
 .debug_macro   0x00000000000203fc       0x10 ./Core/Modules/camera/OV7670.o
 .debug_macro   0x000000000002040c       0x58 ./Core/Modules/camera/OV7670.o
 .debug_macro   0x0000000000020464       0x10 ./Core/Modules/camera/OV7670.o
 .debug_macro   0x0000000000020474      0x405 ./Core/Modules/fpga_communication/fpga_comm.o
 .debug_macro   0x0000000000020879       0x8e ./Core/Modules/fpga_communication/fpga_comm.o
 .debug_macro   0x0000000000020907       0x51 ./Core/Modules/fpga_communication/fpga_comm.o
 .debug_macro   0x0000000000020958       0xdf ./Core/Modules/fpga_communication/fpga_comm.o
 .debug_macro   0x0000000000020a37      0x174 ./Core/Modules/fpga_communication/fpga_comm.o
 .debug_macro   0x0000000000020bab       0x5c ./Core/Modules/fpga_communication/fpga_comm.o
 .debug_macro   0x0000000000020c07       0x52 ./Core/Modules/fpga_communication/fpga_comm.o
 .debug_macro   0x0000000000020c59      0x333 ./Core/Modules/fpga_communication/fpga_comm.o
 .debug_macro   0x0000000000020f8c      0x40b ./Core/Modules/lcd/ili9341.o
 .debug_macro   0x0000000000021397      0x40b ./Core/Modules/sensor/hc_sr04.o
 .debug_macro   0x00000000000217a2       0x16 ./Core/Modules/sensor/hc_sr04.o
 .debug_macro   0x00000000000217b8      0x411 ./Core/Src/main.o
 .debug_macro   0x0000000000021bc9      0x405 ./Core/Src/stm32f4xx_hal_msp.o
 .debug_macro   0x0000000000021fce      0x40f ./Core/Src/stm32f4xx_it.o
 .debug_macro   0x00000000000223dd      0x21c ./Core/Src/system_stm32f4xx.o
 .debug_macro   0x00000000000225f9      0x27c ./Drivers/STM32F4xx_HAL_Driver/Src/stm32f4xx_hal.o
 .debug_macro   0x0000000000022875      0x21c ./Drivers/STM32F4xx_HAL_Driver/Src/stm32f4xx_hal_cortex.o
 .debug_macro   0x0000000000022a91      0x223 ./Drivers/STM32F4xx_HAL_Driver/Src/stm32f4xx_hal_dcmi.o
 .debug_macro   0x0000000000022cb4      0x21c ./Drivers/STM32F4xx_HAL_Driver/Src/stm32f4xx_hal_dcmi_ex.o
 .debug_macro   0x0000000000022ed0      0x222 ./Drivers/STM32F4xx_HAL_Driver/Src/stm32f4xx_hal_dma.o
 .debug_macro   0x00000000000230f2      0x21c ./Drivers/STM32F4xx_HAL_Driver/Src/stm32f4xx_hal_dma_ex.o
 .debug_macro   0x000000000002330e      0x222 ./Drivers/STM32F4xx_HAL_Driver/Src/stm32f4xx_hal_gpio.o
 .debug_macro   0x0000000000023530      0x263 ./Drivers/STM32F4xx_HAL_Driver/Src/stm32f4xx_hal_i2c.o
 .debug_macro   0x0000000000023793      0x240 ./Drivers/STM32F4xx_HAL_Driver/Src/stm32f4xx_hal_rcc.o
 .debug_macro   0x00000000000239d3      0x22b ./Drivers/STM32F4xx_HAL_Driver/Src/stm32f4xx_hal_spi.o
 .debug_macro   0x0000000000023bfe      0x21c ./Drivers/STM32F4xx_HAL_Driver/Src/stm32f4xx_hal_sram.o
 .debug_macro   0x0000000000023e1a      0x21d ./Drivers/STM32F4xx_HAL_Driver/Src/stm32f4xx_hal_tim.o
 .debug_macro   0x0000000000024037      0x21c ./Drivers/STM32F4xx_HAL_Driver/Src/stm32f4xx_hal_tim_ex.o
 .debug_macro   0x0000000000024253      0x21c ./Drivers/STM32F4xx_HAL_Driver/Src/stm32f4xx_ll_fsmc.o

.debug_line     0x0000000000000000    0x18af6
 .debug_line    0x0000000000000000      0xb37 ./Core/Modules/camera/OV7670.o
 .debug_line    0x0000000000000b37      0xa22 ./Core/Modules/fpga_communication/fpga_comm.o
 .debug_line    0x0000000000001559     0x1022 ./Core/Modules/lcd/ili9341.o
 .debug_line    0x000000000000257b      0xc69 ./Core/Modules/sensor/hc_sr04.o
 .debug_line    0x00000000000031e4      0xddd ./Core/Src/main.o
 .debug_line    0x0000000000003fc1      0xce1 ./Core/Src/stm32f4xx_hal_msp.o
 .debug_line    0x0000000000004ca2      0xba2 ./Core/Src/stm32f4xx_it.o
 .debug_line    0x0000000000005844      0x7da ./Core/Src/system_stm32f4xx.o
 .debug_line    0x000000000000601e       0x88 ./Core/Startup/startup_stm32f407vetx.o
 .debug_line    0x00000000000060a6      0xa40 ./Drivers/STM32F4xx_HAL_Driver/Src/stm32f4xx_hal.o
 .debug_line    0x0000000000006ae6      0xcef ./Drivers/STM32F4xx_HAL_Driver/Src/stm32f4xx_hal_cortex.o
 .debug_line    0x00000000000077d5      0xe40 ./Drivers/STM32F4xx_HAL_Driver/Src/stm32f4xx_hal_dcmi.o
 .debug_line    0x0000000000008615      0x7fb ./Drivers/STM32F4xx_HAL_Driver/Src/stm32f4xx_hal_dcmi_ex.o
 .debug_line    0x0000000000008e10      0xfa5 ./Drivers/STM32F4xx_HAL_Driver/Src/stm32f4xx_hal_dma.o
 .debug_line    0x0000000000009db5     0x13d3 ./Drivers/STM32F4xx_HAL_Driver/Src/stm32f4xx_hal_dma_ex.o
 .debug_line    0x000000000000b188      0xbb6 ./Drivers/STM32F4xx_HAL_Driver/Src/stm32f4xx_hal_gpio.o
 .debug_line    0x000000000000bd3e     0x39ec ./Drivers/STM32F4xx_HAL_Driver/Src/stm32f4xx_hal_i2c.o
 .debug_line    0x000000000000f72a      0xdbc ./Drivers/STM32F4xx_HAL_Driver/Src/stm32f4xx_hal_rcc.o
 .debug_line    0x00000000000104e6     0x1cc8 ./Drivers/STM32F4xx_HAL_Driver/Src/stm32f4xx_hal_spi.o
 .debug_line    0x00000000000121ae      0xbe2 ./Drivers/STM32F4xx_HAL_Driver/Src/stm32f4xx_hal_sram.o
 .debug_line    0x0000000000012d90     0x3734 ./Drivers/STM32F4xx_HAL_Driver/Src/stm32f4xx_hal_tim.o
 .debug_line    0x00000000000164c4     0x1a3d ./Drivers/STM32F4xx_HAL_Driver/Src/stm32f4xx_hal_tim_ex.o
 .debug_line    0x0000000000017f01      0xbf5 ./Drivers/STM32F4xx_HAL_Driver/Src/stm32f4xx_ll_fsmc.o

.debug_str      0x0000000000000000    0xd1ec5
 .debug_str     0x0000000000000000    0xcd3ab ./Core/Modules/camera/OV7670.o
                                      0xcd7fb (size before relaxing)
 .debug_str     0x00000000000cd3ab      0x20d ./Core/Modules/fpga_communication/fpga_comm.o
                                      0xcd411 (size before relaxing)
 .debug_str     0x00000000000cd5b8      0x1e3 ./Core/Modules/lcd/ili9341.o
                                      0xcd3d1 (size before relaxing)
 .debug_str     0x00000000000cd79b       0xea ./Core/Modules/sensor/hc_sr04.o
                                      0xcd2d4 (size before relaxing)
 .debug_str     0x00000000000cd885      0xacd ./Core/Src/main.o
                                      0xce3ed (size before relaxing)
 .debug_str     0x00000000000ce352      0x171 ./Core/Src/stm32f4xx_hal_msp.o
                                      0xce164 (size before relaxing)
 .debug_str     0x00000000000ce4c3      0x12e ./Core/Src/stm32f4xx_it.o
                                      0xcd76d (size before relaxing)
 .debug_str     0x00000000000ce5f1       0xaf ./Core/Src/system_stm32f4xx.o
                                      0xc8719 (size before relaxing)
 .debug_str     0x00000000000ce6a0       0x36 ./Core/Startup/startup_stm32f407vetx.o
                                         0x62 (size before relaxing)
 .debug_str     0x00000000000ce6d6      0x571 ./Drivers/STM32F4xx_HAL_Driver/Src/stm32f4xx_hal.o
                                      0xc91fb (size before relaxing)
 .debug_str     0x00000000000cec47      0x392 ./Drivers/STM32F4xx_HAL_Driver/Src/stm32f4xx_hal_cortex.o
                                      0xc8fea (size before relaxing)
 .debug_str     0x00000000000cefd9      0x208 ./Drivers/STM32F4xx_HAL_Driver/Src/stm32f4xx_hal_dcmi.o
                                      0xc8c8f (size before relaxing)
 .debug_str     0x00000000000cf1e1       0x3c ./Drivers/STM32F4xx_HAL_Driver/Src/stm32f4xx_hal_dcmi_ex.o
                                      0xc8a2a (size before relaxing)
 .debug_str     0x00000000000cf21d      0x310 ./Drivers/STM32F4xx_HAL_Driver/Src/stm32f4xx_hal_dma.o
                                      0xc8b43 (size before relaxing)
 .debug_str     0x00000000000cf52d       0xe3 ./Drivers/STM32F4xx_HAL_Driver/Src/stm32f4xx_hal_dma_ex.o
                                      0xc892b (size before relaxing)
 .debug_str     0x00000000000cf610      0x15f ./Drivers/STM32F4xx_HAL_Driver/Src/stm32f4xx_hal_gpio.o
                                      0xc88c0 (size before relaxing)
 .debug_str     0x00000000000cf76f      0xaad ./Drivers/STM32F4xx_HAL_Driver/Src/stm32f4xx_hal_i2c.o
                                      0xc969b (size before relaxing)
 .debug_str     0x00000000000d021c      0x24e ./Drivers/STM32F4xx_HAL_Driver/Src/stm32f4xx_hal_rcc.o
                                      0xc8b1b (size before relaxing)
 .debug_str     0x00000000000d046a      0x55f ./Drivers/STM32F4xx_HAL_Driver/Src/stm32f4xx_hal_spi.o
                                      0xc8fbd (size before relaxing)
 .debug_str     0x00000000000d09c9      0x1ae ./Drivers/STM32F4xx_HAL_Driver/Src/stm32f4xx_hal_sram.o
                                      0xc8c33 (size before relaxing)
 .debug_str     0x00000000000d0b77      0xd5b ./Drivers/STM32F4xx_HAL_Driver/Src/stm32f4xx_hal_tim.o
                                      0xc9a48 (size before relaxing)
 .debug_str     0x00000000000d18d2      0x4ee ./Drivers/STM32F4xx_HAL_Driver/Src/stm32f4xx_hal_tim_ex.o
                                      0xc91f9 (size before relaxing)
 .debug_str     0x00000000000d1dc0      0x105 ./Drivers/STM32F4xx_HAL_Driver/Src/stm32f4xx_ll_fsmc.o
                                      0xc8afa (size before relaxing)

.comment        0x0000000000000000       0x53
 .comment       0x0000000000000000       0x53 ./Core/Modules/camera/OV7670.o
                                         0x54 (size before relaxing)
 .comment       0x0000000000000053       0x54 ./Core/Modules/fpga_communication/fpga_comm.o
 .comment       0x0000000000000053       0x54 ./Core/Modules/lcd/ili9341.o
 .comment       0x0000000000000053       0x54 ./Core/Modules/sensor/hc_sr04.o
 .comment       0x0000000000000053       0x54 ./Core/Src/main.o
 .comment       0x0000000000000053       0x54 ./Core/Src/stm32f4xx_hal_msp.o
 .comment       0x0000000000000053       0x54 ./Core/Src/stm32f4xx_it.o
 .comment       0x0000000000000053       0x54 ./Core/Src/system_stm32f4xx.o
 .comment       0x0000000000000053       0x54 ./Drivers/STM32F4xx_HAL_Driver/Src/stm32f4xx_hal.o
 .comment       0x0000000000000053       0x54 ./Drivers/STM32F4xx_HAL_Driver/Src/stm32f4xx_hal_cortex.o
 .comment       0x0000000000000053       0x54 ./Drivers/STM32F4xx_HAL_Driver/Src/stm32f4xx_hal_dcmi.o
 .comment       0x0000000000000053       0x54 ./Drivers/STM32F4xx_HAL_Driver/Src/stm32f4xx_hal_dcmi_ex.o
 .comment       0x0000000000000053       0x54 ./Drivers/STM32F4xx_HAL_Driver/Src/stm32f4xx_hal_dma.o
 .comment       0x0000000000000053       0x54 ./Drivers/STM32F4xx_HAL_Driver/Src/stm32f4xx_hal_dma_ex.o
 .comment       0x0000000000000053       0x54 ./Drivers/STM32F4xx_HAL_Driver/Src/stm32f4xx_hal_gpio.o
 .comment       0x0000000000000053       0x54 ./Drivers/STM32F4xx_HAL_Driver/Src/stm32f4xx_hal_i2c.o
 .comment       0x0000000000000053       0x54 ./Drivers/STM32F4xx_HAL_Driver/Src/stm32f4xx_hal_rcc.o
 .comment       0x0000000000000053       0x54 ./Drivers/STM32F4xx_HAL_Driver/Src/stm32f4xx_hal_spi.o
 .comment       0x0000000000000053       0x54 ./Drivers/STM32F4xx_HAL_Driver/Src/stm32f4xx_hal_sram.o
 .comment       0x0000000000000053       0x54 ./Drivers/STM32F4xx_HAL_Driver/Src/stm32f4xx_hal_tim.o
 .comment       0x0000000000000053       0x54 ./Drivers/STM32F4xx_HAL_Driver/Src/stm32f4xx_hal_tim_ex.o
 .comment       0x0000000000000053       0x54 ./Drivers/STM32F4xx_HAL_Driver/Src/stm32f4xx_ll_fsmc.o

.debug_frame    0x0000000000000000     0x4edc
 .debug_frame   0x0000000000000000      0x104 ./Core/Modules/camera/OV7670.o
 .debug_frame   0x0000000000000104       0x34 ./Core/Modules/fpga_communication/fpga_comm.o
 .debug_frame   0x0000000000000138      0x254 ./Core/Modules/lcd/ili9341.o
 .debug_frame   0x000000000000038c       0xf0 ./Core/Modules/sensor/hc_sr04.o
 .debug_frame   0x000000000000047c      0x1bc ./Core/Src/main.o
 .debug_frame   0x0000000000000638      0x228 ./Core/Src/stm32f4xx_hal_msp.o
 .debug_frame   0x0000000000000860      0x1c8 ./Core/Src/stm32f4xx_it.o
 .debug_frame   0x0000000000000a28       0x58 ./Core/Src/system_stm32f4xx.o
 .debug_frame   0x0000000000000a80      0x374 ./Drivers/STM32F4xx_HAL_Driver/Src/stm32f4xx_hal.o
 .debug_frame   0x0000000000000df4      0x498 ./Drivers/STM32F4xx_HAL_Driver/Src/stm32f4xx_hal_cortex.o
 .debug_frame   0x000000000000128c      0x340 ./Drivers/STM32F4xx_HAL_Driver/Src/stm32f4xx_hal_dcmi.o
 .debug_frame   0x00000000000015cc       0x34 ./Drivers/STM32F4xx_HAL_Driver/Src/stm32f4xx_hal_dcmi_ex.o
 .debug_frame   0x0000000000001600      0x250 ./Drivers/STM32F4xx_HAL_Driver/Src/stm32f4xx_hal_dma.o
 .debug_frame   0x0000000000001850       0xac ./Drivers/STM32F4xx_HAL_Driver/Src/stm32f4xx_hal_dma_ex.o
 .debug_frame   0x00000000000018fc      0x14c ./Drivers/STM32F4xx_HAL_Driver/Src/stm32f4xx_hal_gpio.o
 .debug_frame   0x0000000000001a48      0xc5c ./Drivers/STM32F4xx_HAL_Driver/Src/stm32f4xx_hal_i2c.o
 .debug_frame   0x00000000000026a4      0x1f0 ./Drivers/STM32F4xx_HAL_Driver/Src/stm32f4xx_hal_rcc.o
 .debug_frame   0x0000000000002894      0x824 ./Drivers/STM32F4xx_HAL_Driver/Src/stm32f4xx_hal_spi.o
 .debug_frame   0x00000000000030b8      0x2a0 ./Drivers/STM32F4xx_HAL_Driver/Src/stm32f4xx_hal_sram.o
 .debug_frame   0x0000000000003358     0x11c4 ./Drivers/STM32F4xx_HAL_Driver/Src/stm32f4xx_hal_tim.o
 .debug_frame   0x000000000000451c      0x638 ./Drivers/STM32F4xx_HAL_Driver/Src/stm32f4xx_hal_tim_ex.o
 .debug_frame   0x0000000000004b54      0x2dc ./Drivers/STM32F4xx_HAL_Driver/Src/stm32f4xx_ll_fsmc.o
 .debug_frame   0x0000000000004e30       0x2c c:/st/stm32cubeide_1.7.0/stm32cubeide/plugins/com.st.stm32cube.ide.mcu.externaltools.gnu-tools-for-stm32.9-2020-q2-update.win32_2.0.0.202105311346/tools/bin/../lib/gcc/arm-none-eabi/9.3.1/../../../../arm-none-eabi/lib/thumb/v7e-m+fp/hard\libc_nano.a(lib_a-init.o)
 .debug_frame   0x0000000000004e5c       0x20 c:/st/stm32cubeide_1.7.0/stm32cubeide/plugins/com.st.stm32cube.ide.mcu.externaltools.gnu-tools-for-stm32.9-2020-q2-update.win32_2.0.0.202105311346/tools/bin/../lib/gcc/arm-none-eabi/9.3.1/../../../../arm-none-eabi/lib/thumb/v7e-m+fp/hard\libc_nano.a(lib_a-memset.o)
 .debug_frame   0x0000000000004e7c       0x2c c:/st/stm32cubeide_1.7.0/stm32cubeide/plugins/com.st.stm32cube.ide.mcu.externaltools.gnu-tools-for-stm32.9-2020-q2-update.win32_2.0.0.202105311346/tools/bin/../lib/gcc/arm-none-eabi/9.3.1/thumb/v7e-m+fp/hard\libgcc.a(_aeabi_uldivmod.o)
 .debug_frame   0x0000000000004ea8       0x34 c:/st/stm32cubeide_1.7.0/stm32cubeide/plugins/com.st.stm32cube.ide.mcu.externaltools.gnu-tools-for-stm32.9-2020-q2-update.win32_2.0.0.202105311346/tools/bin/../lib/gcc/arm-none-eabi/9.3.1/thumb/v7e-m+fp/hard\libgcc.a(_udivmoddi4.o)
