Archive member included to satisfy reference by file (symbol)

c:/st/stm32cubeide_1.7.0/stm32cubeide/plugins/com.st.stm32cube.ide.mcu.externaltools.gnu-tools-for-stm32.9-2020-q2-update.win32_2.0.0.202105311346/tools/bin/../lib/gcc/arm-none-eabi/9.3.1/../../../../arm-none-eabi/lib/thumb/v7e-m+fp/hard\libc_nano.a(lib_a-errno.o)
                              ./Core/Src/syscalls.o (__errno)
c:/st/stm32cubeide_1.7.0/stm32cubeide/plugins/com.st.stm32cube.ide.mcu.externaltools.gnu-tools-for-stm32.9-2020-q2-update.win32_2.0.0.202105311346/tools/bin/../lib/gcc/arm-none-eabi/9.3.1/../../../../arm-none-eabi/lib/thumb/v7e-m+fp/hard\libc_nano.a(lib_a-exit.o)
                              c:/st/stm32cubeide_1.7.0/stm32cubeide/plugins/com.st.stm32cube.ide.mcu.externaltools.gnu-tools-for-stm32.9-2020-q2-update.win32_2.0.0.202105311346/tools/bin/../lib/gcc/arm-none-eabi/9.3.1/../../../../arm-none-eabi/lib/thumb/v7e-m+fp/hard/crt0.o (exit)
c:/st/stm32cubeide_1.7.0/stm32cubeide/plugins/com.st.stm32cube.ide.mcu.externaltools.gnu-tools-for-stm32.9-2020-q2-update.win32_2.0.0.202105311346/tools/bin/../lib/gcc/arm-none-eabi/9.3.1/../../../../arm-none-eabi/lib/thumb/v7e-m+fp/hard\libc_nano.a(lib_a-impure.o)
                              c:/st/stm32cubeide_1.7.0/stm32cubeide/plugins/com.st.stm32cube.ide.mcu.externaltools.gnu-tools-for-stm32.9-2020-q2-update.win32_2.0.0.202105311346/tools/bin/../lib/gcc/arm-none-eabi/9.3.1/../../../../arm-none-eabi/lib/thumb/v7e-m+fp/hard\libc_nano.a(lib_a-exit.o) (_global_impure_ptr)
c:/st/stm32cubeide_1.7.0/stm32cubeide/plugins/com.st.stm32cube.ide.mcu.externaltools.gnu-tools-for-stm32.9-2020-q2-update.win32_2.0.0.202105311346/tools/bin/../lib/gcc/arm-none-eabi/9.3.1/../../../../arm-none-eabi/lib/thumb/v7e-m+fp/hard\libc_nano.a(lib_a-init.o)
                              c:/st/stm32cubeide_1.7.0/stm32cubeide/plugins/com.st.stm32cube.ide.mcu.externaltools.gnu-tools-for-stm32.9-2020-q2-update.win32_2.0.0.202105311346/tools/bin/../lib/gcc/arm-none-eabi/9.3.1/../../../../arm-none-eabi/lib/thumb/v7e-m+fp/hard/crt0.o (__libc_init_array)
c:/st/stm32cubeide_1.7.0/stm32cubeide/plugins/com.st.stm32cube.ide.mcu.externaltools.gnu-tools-for-stm32.9-2020-q2-update.win32_2.0.0.202105311346/tools/bin/../lib/gcc/arm-none-eabi/9.3.1/../../../../arm-none-eabi/lib/thumb/v7e-m+fp/hard\libc_nano.a(lib_a-memset.o)
                              c:/st/stm32cubeide_1.7.0/stm32cubeide/plugins/com.st.stm32cube.ide.mcu.externaltools.gnu-tools-for-stm32.9-2020-q2-update.win32_2.0.0.202105311346/tools/bin/../lib/gcc/arm-none-eabi/9.3.1/../../../../arm-none-eabi/lib/thumb/v7e-m+fp/hard/crt0.o (memset)
c:/st/stm32cubeide_1.7.0/stm32cubeide/plugins/com.st.stm32cube.ide.mcu.externaltools.gnu-tools-for-stm32.9-2020-q2-update.win32_2.0.0.202105311346/tools/bin/../lib/gcc/arm-none-eabi/9.3.1/thumb/v7e-m+fp/hard\libgcc.a(_aeabi_uldivmod.o)
                              ./Drivers/STM32F4xx_HAL_Driver/Src/stm32f4xx_hal_rcc.o (__aeabi_uldivmod)
c:/st/stm32cubeide_1.7.0/stm32cubeide/plugins/com.st.stm32cube.ide.mcu.externaltools.gnu-tools-for-stm32.9-2020-q2-update.win32_2.0.0.202105311346/tools/bin/../lib/gcc/arm-none-eabi/9.3.1/thumb/v7e-m+fp/hard\libgcc.a(_udivmoddi4.o)
                              c:/st/stm32cubeide_1.7.0/stm32cubeide/plugins/com.st.stm32cube.ide.mcu.externaltools.gnu-tools-for-stm32.9-2020-q2-update.win32_2.0.0.202105311346/tools/bin/../lib/gcc/arm-none-eabi/9.3.1/thumb/v7e-m+fp/hard\libgcc.a(_aeabi_uldivmod.o) (__udivmoddi4)
c:/st/stm32cubeide_1.7.0/stm32cubeide/plugins/com.st.stm32cube.ide.mcu.externaltools.gnu-tools-for-stm32.9-2020-q2-update.win32_2.0.0.202105311346/tools/bin/../lib/gcc/arm-none-eabi/9.3.1/thumb/v7e-m+fp/hard\libgcc.a(_dvmd_tls.o)
                              c:/st/stm32cubeide_1.7.0/stm32cubeide/plugins/com.st.stm32cube.ide.mcu.externaltools.gnu-tools-for-stm32.9-2020-q2-update.win32_2.0.0.202105311346/tools/bin/../lib/gcc/arm-none-eabi/9.3.1/thumb/v7e-m+fp/hard\libgcc.a(_aeabi_uldivmod.o) (__aeabi_ldiv0)

Allocating common symbols
Common symbol       size              file

htim8               0x48              ./Core/Src/main.o
hi2c2               0x54              ./Core/Src/main.o
hdma_dcmi           0x60              ./Core/Src/main.o
uwTick              0x4               ./Drivers/STM32F4xx_HAL_Driver/Src/stm32f4xx_hal.o
pFlash              0x20              ./Drivers/STM32F4xx_HAL_Driver/Src/stm32f4xx_hal_flash.o
hsram1              0x50              ./Core/Src/main.o
htim3               0x48              ./Core/Src/main.o
hdcmi               0x40              ./Core/Src/main.o
buf                 0x4b00            ./Core/Src/main.o
htim2               0x48              ./Core/Src/main.o

Discarded input sections

 .text          0x0000000000000000        0x0 c:/st/stm32cubeide_1.7.0/stm32cubeide/plugins/com.st.stm32cube.ide.mcu.externaltools.gnu-tools-for-stm32.9-2020-q2-update.win32_2.0.0.202105311346/tools/bin/../lib/gcc/arm-none-eabi/9.3.1/thumb/v7e-m+fp/hard/crti.o
[...]
Memory Configuration

Name             Origin             Length             Attributes
CCMRAM           0x0000000010000000 0x0000000000010000 xrw
RAM              0x0000000020000000 0x0000000000020000 xrw
FLASH            0x0000000008000000 0x0000000000080000 xr
*default*        0x0000000000000000 0xffffffffffffffff

Linker script and memory map

LOAD c:/st/stm32cubeide_1.7.0/stm32cubeide/plugins/com.st.stm32cube.ide.mcu.externaltools.gnu-tools-for-stm32.9-2020-q2-update.win32_2.0.0.202105311346/tools/bin/../lib/gcc/arm-none-eabi/9.3.1/thumb/v7e-m+fp/hard/crti.o
LOAD c:/st/stm32cubeide_1.7.0/stm32cubeide/plugins/com.st.stm32cube.ide.mcu.externaltools.gnu-tools-for-stm32.9-2020-q2-update.win32_2.0.0.202105311346/tools/bin/../lib/gcc/arm-none-eabi/9.3.1/thumb/v7e-m+fp/hard/crtbegin.o
LOAD c:/st/stm32cubeide_1.7.0/stm32cubeide/plugins/com.st.stm32cube.ide.mcu.externaltools.gnu-tools-for-stm32.9-2020-q2-update.win32_2.0.0.202105311346/tools/bin/../lib/gcc/arm-none-eabi/9.3.1/../../../../arm-none-eabi/lib/thumb/v7e-m+fp/hard/crt0.o
LOAD ./Core/Modules/camera/OV7670.o
LOAD ./Core/Modules/fpga_communication/fpga_comm.o
LOAD ./Core/Modules/lcd/fonts.o
LOAD ./Core/Modules/lcd/ili9341.o
LOAD ./Core/Modules/sensor/hc_sr04.o
LOAD ./Core/Src/main.o
LOAD ./Core/Src/stm32f4xx_hal_msp.o
LOAD ./Core/Src/stm32f4xx_it.o
LOAD ./Core/Src/syscalls.o
LOAD ./Core/Src/sysmem.o
LOAD ./Core/Src/system_stm32f4xx.o
LOAD ./Core/Startup/startup_stm32f407vetx.o
LOAD ./Drivers/STM32F4xx_HAL_Driver/Src/stm32f4xx_hal.o
LOAD ./Drivers/STM32F4xx_HAL_Driver/Src/stm32f4xx_hal_cortex.o
LOAD ./Drivers/STM32F4xx_HAL_Driver/Src/stm32f4xx_hal_dcmi.o
LOAD ./Drivers/STM32F4xx_HAL_Driver/Src/stm32f4xx_hal_dcmi_ex.o
LOAD ./Drivers/STM32F4xx_HAL_Driver/Src/stm32f4xx_hal_dma.o
LOAD ./Drivers/STM32F4xx_HAL_Driver/Src/stm32f4xx_hal_dma_ex.o
LOAD ./Drivers/STM32F4xx_HAL_Driver/Src/stm32f4xx_hal_exti.o
LOAD ./Drivers/STM32F4xx_HAL_Driver/Src/stm32f4xx_hal_flash.o
LOAD ./Drivers/STM32F4xx_HAL_Driver/Src/stm32f4xx_hal_flash_ex.o
LOAD ./Drivers/STM32F4xx_HAL_Driver/Src/stm32f4xx_hal_flash_ramfunc.o
LOAD ./Drivers/STM32F4xx_HAL_Driver/Src/stm32f4xx_hal_gpio.o
LOAD ./Drivers/STM32F4xx_HAL_Driver/Src/stm32f4xx_hal_i2c.o
LOAD ./Drivers/STM32F4xx_HAL_Driver/Src/stm32f4xx_hal_i2c_ex.o
LOAD ./Drivers/STM32F4xx_HAL_Driver/Src/stm32f4xx_hal_pwr.o
LOAD ./Drivers/STM32F4xx_HAL_Driver/Src/stm32f4xx_hal_pwr_ex.o
LOAD ./Drivers/STM32F4xx_HAL_Driver/Src/stm32f4xx_hal_rcc.o
LOAD ./Drivers/STM32F4xx_HAL_Driver/Src/stm32f4xx_hal_rcc_ex.o
LOAD ./Drivers/STM32F4xx_HAL_Driver/Src/stm32f4xx_hal_sram.o
LOAD ./Drivers/STM32F4xx_HAL_Driver/Src/stm32f4xx_hal_tim.o
LOAD ./Drivers/STM32F4xx_HAL_Driver/Src/stm32f4xx_hal_tim_ex.o
LOAD ./Drivers/STM32F4xx_HAL_Driver/Src/stm32f4xx_ll_fsmc.o
START GROUP
LOAD c:/st/stm32cubeide_1.7.0/stm32cubeide/plugins/com.st.stm32cube.ide.mcu.externaltools.gnu-tools-for-stm32.9-2020-q2-update.win32_2.0.0.202105311346/tools/bin/../lib/gcc/arm-none-eabi/9.3.1/../../../../arm-none-eabi/lib/thumb/v7e-m+fp/hard\libc_nano.a
LOAD c:/st/stm32cubeide_1.7.0/stm32cubeide/plugins/com.st.stm32cube.ide.mcu.externaltools.gnu-tools-for-stm32.9-2020-q2-update.win32_2.0.0.202105311346/tools/bin/../lib/gcc/arm-none-eabi/9.3.1/../../../../arm-none-eabi/lib/thumb/v7e-m+fp/hard\libm.a
END GROUP
START GROUP
LOAD c:/st/stm32cubeide_1.7.0/stm32cubeide/plugins/com.st.stm32cube.ide.mcu.externaltools.gnu-tools-for-stm32.9-2020-q2-update.win32_2.0.0.202105311346/tools/bin/../lib/gcc/arm-none-eabi/9.3.1/thumb/v7e-m+fp/hard\libgcc.a
LOAD c:/st/stm32cubeide_1.7.0/stm32cubeide/plugins/com.st.stm32cube.ide.mcu.externaltools.gnu-tools-for-stm32.9-2020-q2-update.win32_2.0.0.202105311346/tools/bin/../lib/gcc/arm-none-eabi/9.3.1/../../../../arm-none-eabi/lib/thumb/v7e-m+fp/hard\libc_nano.a
END GROUP
START GROUP
LOAD c:/st/stm32cubeide_1.7.0/stm32cubeide/plugins/com.st.stm32cube.ide.mcu.externaltools.gnu-tools-for-stm32.9-2020-q2-update.win32_2.0.0.202105311346/tools/bin/../lib/gcc/arm-none-eabi/9.3.1/thumb/v7e-m+fp/hard\libgcc.a
LOAD c:/st/stm32cubeide_1.7.0/stm32cubeide/plugins/com.st.stm32cube.ide.mcu.externaltools.gnu-tools-for-stm32.9-2020-q2-update.win32_2.0.0.202105311346/tools/bin/../lib/gcc/arm-none-eabi/9.3.1/../../../../arm-none-eabi/lib/thumb/v7e-m+fp/hard\libc_nano.a
LOAD c:/st/stm32cubeide_1.7.0/stm32cubeide/plugins/com.st.stm32cube.ide.mcu.externaltools.gnu-tools-for-stm32.9-2020-q2-update.win32_2.0.0.202105311346/tools/bin/../lib/gcc/arm-none-eabi/9.3.1/../../../../arm-none-eabi/lib/thumb/v7e-m+fp/hard\libnosys.a
END GROUP
START GROUP
LOAD c:/st/stm32cubeide_1.7.0/stm32cubeide/plugins/com.st.stm32cube.ide.mcu.externaltools.gnu-tools-for-stm32.9-2020-q2-update.win32_2.0.0.202105311346/tools/bin/../lib/gcc/arm-none-eabi/9.3.1/thumb/v7e-m+fp/hard\libgcc.a
LOAD c:/st/stm32cubeide_1.7.0/stm32cubeide/plugins/com.st.stm32cube.ide.mcu.externaltools.gnu-tools-for-stm32.9-2020-q2-update.win32_2.0.0.202105311346/tools/bin/../lib/gcc/arm-none-eabi/9.3.1/../../../../arm-none-eabi/lib/thumb/v7e-m+fp/hard\libc_nano.a
LOAD c:/st/stm32cubeide_1.7.0/stm32cubeide/plugins/com.st.stm32cube.ide.mcu.externaltools.gnu-tools-for-stm32.9-2020-q2-update.win32_2.0.0.202105311346/tools/bin/../lib/gcc/arm-none-eabi/9.3.1/../../../../arm-none-eabi/lib/thumb/v7e-m+fp/hard\libnosys.a
END GROUP
LOAD c:/st/stm32cubeide_1.7.0/stm32cubeide/plugins/com.st.stm32cube.ide.mcu.externaltools.gnu-tools-for-stm32.9-2020-q2-update.win32_2.0.0.202105311346/tools/bin/../lib/gcc/arm-none-eabi/9.3.1/thumb/v7e-m+fp/hard/crtend.o
LOAD c:/st/stm32cubeide_1.7.0/stm32cubeide/plugins/com.st.stm32cube.ide.mcu.externaltools.gnu-tools-for-stm32.9-2020-q2-update.win32_2.0.0.202105311346/tools/bin/../lib/gcc/arm-none-eabi/9.3.1/thumb/v7e-m+fp/hard/crtn.o
                0x0000000020020000                _estack = (ORIGIN (RAM) + LENGTH (RAM))
                0x0000000000000200                _Min_Heap_Size = 0x200
                0x0000000000000400                _Min_Stack_Size = 0x400

.isr_vector     0x0000000008000000      0x188
                0x0000000008000000                . = ALIGN (0x4)
 *(.isr_vector)
 .isr_vector    0x0000000008000000      0x188 ./Core/Startup/startup_stm32f407vetx.o
                0x0000000008000000                g_pfnVectors
                0x0000000008000188                . = ALIGN (0x4)

.text           0x0000000008000188     0x828c
                0x0000000008000188                . = ALIGN (0x4)
 *(.text)
 .text          0x0000000008000188       0x40 c:/st/stm32cubeide_1.7.0/stm32cubeide/plugins/com.st.stm32cube.ide.mcu.externaltools.gnu-tools-for-stm32.9-2020-q2-update.win32_2.0.0.202105311346/tools/bin/../lib/gcc/arm-none-eabi/9.3.1/thumb/v7e-m+fp/hard/crtbegin.o
 .text          0x00000000080001c8       0x30 c:/st/stm32cubeide_1.7.0/stm32cubeide/plugins/com.st.stm32cube.ide.mcu.externaltools.gnu-tools-for-stm32.9-2020-q2-update.win32_2.0.0.202105311346/tools/bin/../lib/gcc/arm-none-eabi/9.3.1/thumb/v7e-m+fp/hard\libgcc.a(_aeabi_uldivmod.o)
                0x00000000080001c8                __aeabi_uldivmod
 .text          0x00000000080001f8      0x2c4 c:/st/stm32cubeide_1.7.0/stm32cubeide/plugins/com.st.stm32cube.ide.mcu.externaltools.gnu-tools-for-stm32.9-2020-q2-update.win32_2.0.0.202105311346/tools/bin/../lib/gcc/arm-none-eabi/9.3.1/thumb/v7e-m+fp/hard\libgcc.a(_udivmoddi4.o)
                0x00000000080001f8                __udivmoddi4
 .text          0x00000000080004bc        0x4 c:/st/stm32cubeide_1.7.0/stm32cubeide/plugins/com.st.stm32cube.ide.mcu.externaltools.gnu-tools-for-stm32.9-2020-q2-update.win32_2.0.0.202105311346/tools/bin/../lib/gcc/arm-none-eabi/9.3.1/thumb/v7e-m+fp/hard\libgcc.a(_dvmd_tls.o)
                0x00000000080004bc                __aeabi_idiv0
                0x00000000080004bc                __aeabi_ldiv0
 *(.text*)
 .text.ov7670_init
                0x00000000080004c0       0x74 ./Core/Modules/camera/OV7670.o
                0x00000000080004c0                ov7670_init
 .text.ov7670_config
                0x0000000008000534       0x58 ./Core/Modules/camera/OV7670.o
                0x0000000008000534                ov7670_config
 .text.ov7670_startCap
                0x000000000800058c       0x58 ./Core/Modules/camera/OV7670.o
                0x000000000800058c                ov7670_startCap
 .text.ov7670_stopCap
                0x00000000080005e4       0x18 ./Core/Modules/camera/OV7670.o
                0x00000000080005e4                ov7670_stopCap
 .text.HAL_DCMI_FrameEventCallback
                0x00000000080005fc       0x64 ./Core/Modules/camera/OV7670.o
                0x00000000080005fc                HAL_DCMI_FrameEventCallback
 .text.ov7670_write
                0x0000000008000660       0x48 ./Core/Modules/camera/OV7670.o
 .text.lcd_ILI_init
                0x00000000080006a8      0x1bc ./Core/Modules/lcd/ili9341.o
                0x00000000080006a8                lcd_ILI_init
 .text.lcd_ILI_set_write_area
                0x0000000008000864       0x98 ./Core/Modules/lcd/ili9341.o
                0x0000000008000864                lcd_ILI_set_write_area
 .text.lcd_ILI_set_read_area
                0x00000000080008fc       0x9c ./Core/Modules/lcd/ili9341.o
                0x00000000080008fc                lcd_ILI_set_read_area
 .text.lcd_ILI_draw_rect
                0x0000000008000998       0x7c ./Core/Modules/lcd/ili9341.o
                0x0000000008000998                lcd_ILI_draw_rect
 .text.lcd_ILI_get_draw_addr
                0x0000000008000a14       0x1c ./Core/Modules/lcd/ili9341.o
                0x0000000008000a14                lcd_ILI_get_draw_addr
 .text.lcd_ILI_get_subframe_Grey
                0x0000000008000a30      0x11e ./Core/Modules/lcd/ili9341.o
                0x0000000008000a30                lcd_ILI_get_subframe_Grey
 *fill*         0x0000000008000b4e        0x2 
 .text.lcd_ILI_display_frame_Grey
                0x0000000008000b50       0xd0 ./Core/Modules/lcd/ili9341.o
                0x0000000008000b50                lcd_ILI_display_frame_Grey
 .text.write_cmd
                0x0000000008000c20       0x1e ./Core/Modules/lcd/ili9341.o
 *fill*         0x0000000008000c3e        0x2 
 .text.write_data
                0x0000000008000c40       0x20 ./Core/Modules/lcd/ili9341.o
 .text.read_data
                0x0000000008000c60       0x20 ./Core/Modules/lcd/ili9341.o
 .text.HAL_TIM_IC_CaptureCallback
                0x0000000008000c80      0x314 ./Core/Modules/sensor/hc_sr04.o
                0x0000000008000c80                HAL_TIM_IC_CaptureCallback
 .text.delay    0x0000000008000f94       0x34 ./Core/Modules/sensor/hc_sr04.o
                0x0000000008000f94                delay
 .text.HCSR04_GetDis
                0x0000000008000fc8       0xa8 ./Core/Modules/sensor/hc_sr04.o
                0x0000000008000fc8                HCSR04_GetDis
 .text.fsm_hcsr04_reading
                0x0000000008001070       0x44 ./Core/Modules/sensor/hc_sr04.o
                0x0000000008001070                fsm_hcsr04_reading
 .text.is_object_arrived
                0x00000000080010b4       0x3c ./Core/Modules/sensor/hc_sr04.o
                0x00000000080010b4                is_object_arrived
 .text.main     0x00000000080010f0       0xe4 ./Core/Src/main.o
                0x00000000080010f0                main
 .text.SystemClock_Config
                0x00000000080011d4       0xdc ./Core/Src/main.o
                0x00000000080011d4                SystemClock_Config
 .text.MX_DCMI_Init
                0x00000000080012b0       0x50 ./Core/Src/main.o
 .text.MX_I2C2_Init
                0x0000000008001300       0x5c ./Core/Src/main.o
 .text.MX_TIM2_Init
                0x000000000800135c       0x98 ./Core/Src/main.o
 .text.MX_TIM3_Init
                0x00000000080013f4       0x9c ./Core/Src/main.o
 .text.MX_TIM8_Init
                0x0000000008001490       0xac ./Core/Src/main.o
 .text.MX_DMA_Init
                0x000000000800153c       0x40 ./Core/Src/main.o
 .text.MX_GPIO_Init
                0x000000000800157c      0x19c ./Core/Src/main.o
 .text.MX_FSMC_Init
                0x0000000008001718       0xf4 ./Core/Src/main.o
 .text.HAL_TIM_PeriodElapsedCallback
                0x000000000800180c       0x54 ./Core/Src/main.o
                0x000000000800180c                HAL_TIM_PeriodElapsedCallback
 .text.Error_Handler
                0x0000000008001860        0xa ./Core/Src/main.o
                0x0000000008001860                Error_Handler
 *fill*         0x000000000800186a        0x2 
 .text.HAL_MspInit
                0x000000000800186c       0x50 ./Core/Src/stm32f4xx_hal_msp.o
                0x000000000800186c                HAL_MspInit
 .text.HAL_DCMI_MspInit
                0x00000000080018bc      0x18c ./Core/Src/stm32f4xx_hal_msp.o
                0x00000000080018bc                HAL_DCMI_MspInit
 .text.HAL_I2C_MspInit
                0x0000000008001a48       0xb0 ./Core/Src/stm32f4xx_hal_msp.o
                0x0000000008001a48                HAL_I2C_MspInit
 .text.HAL_TIM_Base_MspInit
                0x0000000008001af8       0x88 ./Core/Src/stm32f4xx_hal_msp.o
                0x0000000008001af8                HAL_TIM_Base_MspInit
 .text.HAL_TIM_IC_MspInit
                0x0000000008001b80       0xa0 ./Core/Src/stm32f4xx_hal_msp.o
                0x0000000008001b80                HAL_TIM_IC_MspInit
 .text.HAL_FSMC_MspInit
                0x0000000008001c20       0x98 ./Core/Src/stm32f4xx_hal_msp.o
 .text.HAL_SRAM_MspInit
                0x0000000008001cb8       0x14 ./Core/Src/stm32f4xx_hal_msp.o
                0x0000000008001cb8                HAL_SRAM_MspInit
 .text.NMI_Handler
                0x0000000008001ccc        0x6 ./Core/Src/stm32f4xx_it.o
                0x0000000008001ccc                NMI_Handler
 .text.HardFault_Handler
                0x0000000008001cd2        0x6 ./Core/Src/stm32f4xx_it.o
                0x0000000008001cd2                HardFault_Handler
 .text.MemManage_Handler
                0x0000000008001cd8        0x6 ./Core/Src/stm32f4xx_it.o
                0x0000000008001cd8                MemManage_Handler
 .text.BusFault_Handler
                0x0000000008001cde        0x6 ./Core/Src/stm32f4xx_it.o
                0x0000000008001cde                BusFault_Handler
 .text.UsageFault_Handler
                0x0000000008001ce4        0x6 ./Core/Src/stm32f4xx_it.o
                0x0000000008001ce4                UsageFault_Handler
 .text.SVC_Handler
                0x0000000008001cea        0xe ./Core/Src/stm32f4xx_it.o
                0x0000000008001cea                SVC_Handler
 .text.DebugMon_Handler
                0x0000000008001cf8        0xe ./Core/Src/stm32f4xx_it.o
                0x0000000008001cf8                DebugMon_Handler
 .text.PendSV_Handler
                0x0000000008001d06        0xe ./Core/Src/stm32f4xx_it.o
                0x0000000008001d06                PendSV_Handler
 .text.SysTick_Handler
                0x0000000008001d14        0xc ./Core/Src/stm32f4xx_it.o
                0x0000000008001d14                SysTick_Handler
 .text.TIM2_IRQHandler
                0x0000000008001d20       0x14 ./Core/Src/stm32f4xx_it.o
                0x0000000008001d20                TIM2_IRQHandler
 .text.TIM3_IRQHandler
                0x0000000008001d34       0x14 ./Core/Src/stm32f4xx_it.o
                0x0000000008001d34                TIM3_IRQHandler
 .text.I2C2_EV_IRQHandler
                0x0000000008001d48       0x14 ./Core/Src/stm32f4xx_it.o
                0x0000000008001d48                I2C2_EV_IRQHandler
 .text.I2C2_ER_IRQHandler
                0x0000000008001d5c       0x14 ./Core/Src/stm32f4xx_it.o
                0x0000000008001d5c                I2C2_ER_IRQHandler
 .text.TIM8_CC_IRQHandler
                0x0000000008001d70       0x14 ./Core/Src/stm32f4xx_it.o
                0x0000000008001d70                TIM8_CC_IRQHandler
 .text.DMA2_Stream1_IRQHandler
                0x0000000008001d84       0x14 ./Core/Src/stm32f4xx_it.o
                0x0000000008001d84                DMA2_Stream1_IRQHandler
 .text.DCMI_IRQHandler
                0x0000000008001d98       0x14 ./Core/Src/stm32f4xx_it.o
                0x0000000008001d98                DCMI_IRQHandler
 .text.SystemInit
                0x0000000008001dac       0x24 ./Core/Src/system_stm32f4xx.o
                0x0000000008001dac                SystemInit
 .text.Reset_Handler
                0x0000000008001dd0       0x50 ./Core/Startup/startup_stm32f407vetx.o
                0x0000000008001dd0                Reset_Handler
 .text.Default_Handler
                0x0000000008001e20        0x2 ./Core/Startup/startup_stm32f407vetx.o
                0x0000000008001e20                RTC_Alarm_IRQHandler
                0x0000000008001e20                HASH_RNG_IRQHandler
                0x0000000008001e20                EXTI2_IRQHandler
                0x0000000008001e20                TIM1_CC_IRQHandler
                0x0000000008001e20                DMA2_Stream5_IRQHandler
                0x0000000008001e20                DMA1_Stream5_IRQHandler
                0x0000000008001e20                PVD_IRQHandler
                0x0000000008001e20                SDIO_IRQHandler
                0x0000000008001e20                TAMP_STAMP_IRQHandler
                0x0000000008001e20                CAN2_RX1_IRQHandler
                0x0000000008001e20                EXTI3_IRQHandler
                0x0000000008001e20                TIM8_TRG_COM_TIM14_IRQHandler
                0x0000000008001e20                TIM1_UP_TIM10_IRQHandler
                0x0000000008001e20                TIM8_UP_TIM13_IRQHandler
                0x0000000008001e20                I2C3_ER_IRQHandler
                0x0000000008001e20                EXTI0_IRQHandler
                0x0000000008001e20                DMA1_Stream2_IRQHandler
                0x0000000008001e20                CAN1_RX0_IRQHandler
                0x0000000008001e20                FPU_IRQHandler
                0x0000000008001e20                OTG_HS_WKUP_IRQHandler
                0x0000000008001e20                CAN2_SCE_IRQHandler
                0x0000000008001e20                DMA2_Stream2_IRQHandler
                0x0000000008001e20                SPI1_IRQHandler
                0x0000000008001e20                TIM6_DAC_IRQHandler
                0x0000000008001e20                TIM1_BRK_TIM9_IRQHandler
                0x0000000008001e20                CAN2_RX0_IRQHandler
                0x0000000008001e20                DMA2_Stream3_IRQHandler
                0x0000000008001e20                USART6_IRQHandler
                0x0000000008001e20                USART3_IRQHandler
                0x0000000008001e20                CAN1_RX1_IRQHandler
                0x0000000008001e20                UART5_IRQHandler
                0x0000000008001e20                DMA2_Stream0_IRQHandler
                0x0000000008001e20                TIM4_IRQHandler
                0x0000000008001e20                I2C1_EV_IRQHandler
                0x0000000008001e20                DMA1_Stream6_IRQHandler
                0x0000000008001e20                DMA1_Stream1_IRQHandler
                0x0000000008001e20                UART4_IRQHandler
                0x0000000008001e20                RCC_IRQHandler
                0x0000000008001e20                TIM8_BRK_TIM12_IRQHandler
                0x0000000008001e20                Default_Handler
                0x0000000008001e20                EXTI15_10_IRQHandler
                0x0000000008001e20                ADC_IRQHandler
                0x0000000008001e20                DMA1_Stream7_IRQHandler
                0x0000000008001e20                TIM7_IRQHandler
                0x0000000008001e20                CAN2_TX_IRQHandler
                0x0000000008001e20                TIM5_IRQHandler
                0x0000000008001e20                DMA2_Stream7_IRQHandler
                0x0000000008001e20                I2C3_EV_IRQHandler
                0x0000000008001e20                EXTI9_5_IRQHandler
                0x0000000008001e20                RTC_WKUP_IRQHandler
                0x0000000008001e20                ETH_WKUP_IRQHandler
                0x0000000008001e20                SPI2_IRQHandler
                0x0000000008001e20                OTG_HS_EP1_IN_IRQHandler
                0x0000000008001e20                DMA1_Stream0_IRQHandler
                0x0000000008001e20                CAN1_TX_IRQHandler
                0x0000000008001e20                EXTI4_IRQHandler
                0x0000000008001e20                FSMC_IRQHandler
                0x0000000008001e20                ETH_IRQHandler
                0x0000000008001e20                OTG_HS_EP1_OUT_IRQHandler
                0x0000000008001e20                WWDG_IRQHandler
                0x0000000008001e20                OTG_FS_WKUP_IRQHandler
                0x0000000008001e20                TIM1_TRG_COM_TIM11_IRQHandler
                0x0000000008001e20                OTG_HS_IRQHandler
                0x0000000008001e20                EXTI1_IRQHandler
                0x0000000008001e20                USART2_IRQHandler
                0x0000000008001e20                CAN1_SCE_IRQHandler
                0x0000000008001e20                FLASH_IRQHandler
                0x0000000008001e20                DMA2_Stream4_IRQHandler
                0x0000000008001e20                USART1_IRQHandler
                0x0000000008001e20                OTG_FS_IRQHandler
                0x0000000008001e20                SPI3_IRQHandler
                0x0000000008001e20                DMA1_Stream4_IRQHandler
                0x0000000008001e20                I2C1_ER_IRQHandler
                0x0000000008001e20                DMA2_Stream6_IRQHandler
                0x0000000008001e20                DMA1_Stream3_IRQHandler
 *fill*         0x0000000008001e22        0x2 
 .text.HAL_Init
                0x0000000008001e24       0x44 ./Drivers/STM32F4xx_HAL_Driver/Src/stm32f4xx_hal.o
                0x0000000008001e24                HAL_Init
 .text.HAL_InitTick
                0x0000000008001e68       0x60 ./Drivers/STM32F4xx_HAL_Driver/Src/stm32f4xx_hal.o
                0x0000000008001e68                HAL_InitTick
 .text.HAL_IncTick
                0x0000000008001ec8       0x28 ./Drivers/STM32F4xx_HAL_Driver/Src/stm32f4xx_hal.o
                0x0000000008001ec8                HAL_IncTick
 .text.HAL_GetTick
                0x0000000008001ef0       0x18 ./Drivers/STM32F4xx_HAL_Driver/Src/stm32f4xx_hal.o
                0x0000000008001ef0                HAL_GetTick
 .text.HAL_Delay
                0x0000000008001f08       0x48 ./Drivers/STM32F4xx_HAL_Driver/Src/stm32f4xx_hal.o
                0x0000000008001f08                HAL_Delay
 .text.__NVIC_SetPriorityGrouping
                0x0000000008001f50       0x48 ./Drivers/STM32F4xx_HAL_Driver/Src/stm32f4xx_hal_cortex.o
 .text.__NVIC_GetPriorityGrouping
                0x0000000008001f98       0x1c ./Drivers/STM32F4xx_HAL_Driver/Src/stm32f4xx_hal_cortex.o
 .text.__NVIC_EnableIRQ
                0x0000000008001fb4       0x3c ./Drivers/STM32F4xx_HAL_Driver/Src/stm32f4xx_hal_cortex.o
 .text.__NVIC_SetPriority
                0x0000000008001ff0       0x54 ./Drivers/STM32F4xx_HAL_Driver/Src/stm32f4xx_hal_cortex.o
 .text.NVIC_EncodePriority
                0x0000000008002044       0x66 ./Drivers/STM32F4xx_HAL_Driver/Src/stm32f4xx_hal_cortex.o
 *fill*         0x00000000080020aa        0x2 
 .text.SysTick_Config
                0x00000000080020ac       0x44 ./Drivers/STM32F4xx_HAL_Driver/Src/stm32f4xx_hal_cortex.o
 .text.HAL_NVIC_SetPriorityGrouping
                0x00000000080020f0       0x16 ./Drivers/STM32F4xx_HAL_Driver/Src/stm32f4xx_hal_cortex.o
                0x00000000080020f0                HAL_NVIC_SetPriorityGrouping
 .text.HAL_NVIC_SetPriority
                0x0000000008002106       0x38 ./Drivers/STM32F4xx_HAL_Driver/Src/stm32f4xx_hal_cortex.o
                0x0000000008002106                HAL_NVIC_SetPriority
 .text.HAL_NVIC_EnableIRQ
                0x000000000800213e       0x1c ./Drivers/STM32F4xx_HAL_Driver/Src/stm32f4xx_hal_cortex.o
                0x000000000800213e                HAL_NVIC_EnableIRQ
 .text.HAL_SYSTICK_Config
                0x000000000800215a       0x18 ./Drivers/STM32F4xx_HAL_Driver/Src/stm32f4xx_hal_cortex.o
                0x000000000800215a                HAL_SYSTICK_Config
 *fill*         0x0000000008002172        0x2 
 .text.HAL_DCMI_Start_DMA
                0x0000000008002174      0x140 ./Drivers/STM32F4xx_HAL_Driver/Src/stm32f4xx_hal_dcmi.o
                0x0000000008002174                HAL_DCMI_Start_DMA
 .text.HAL_DCMI_Stop
                0x00000000080022b4       0xb8 ./Drivers/STM32F4xx_HAL_Driver/Src/stm32f4xx_hal_dcmi.o
                0x00000000080022b4                HAL_DCMI_Stop
 .text.HAL_DCMI_IRQHandler
                0x000000000800236c       0xfc ./Drivers/STM32F4xx_HAL_Driver/Src/stm32f4xx_hal_dcmi.o
                0x000000000800236c                HAL_DCMI_IRQHandler
 .text.HAL_DCMI_ErrorCallback
                0x0000000008002468       0x14 ./Drivers/STM32F4xx_HAL_Driver/Src/stm32f4xx_hal_dcmi.o
                0x0000000008002468                HAL_DCMI_ErrorCallback
 .text.HAL_DCMI_LineEventCallback
                0x000000000800247c       0x14 ./Drivers/STM32F4xx_HAL_Driver/Src/stm32f4xx_hal_dcmi.o
                0x000000000800247c                HAL_DCMI_LineEventCallback
 .text.HAL_DCMI_VsyncEventCallback
                0x0000000008002490       0x14 ./Drivers/STM32F4xx_HAL_Driver/Src/stm32f4xx_hal_dcmi.o
                0x0000000008002490                HAL_DCMI_VsyncEventCallback
 .text.DCMI_DMAXferCplt
                0x00000000080024a4      0x12a ./Drivers/STM32F4xx_HAL_Driver/Src/stm32f4xx_hal_dcmi.o
 .text.DCMI_DMAError
                0x00000000080025ce       0x2e ./Drivers/STM32F4xx_HAL_Driver/Src/stm32f4xx_hal_dcmi.o
 .text.HAL_DCMI_Init
                0x00000000080025fc       0xda ./Drivers/STM32F4xx_HAL_Driver/Src/stm32f4xx_hal_dcmi_ex.o
                0x00000000080025fc                HAL_DCMI_Init
 *fill*         0x00000000080026d6        0x2 
 .text.HAL_DMA_Init
                0x00000000080026d8      0x15c ./Drivers/STM32F4xx_HAL_Driver/Src/stm32f4xx_hal_dma.o
                0x00000000080026d8                HAL_DMA_Init
 .text.HAL_DMA_Start_IT
                0x0000000008002834       0xb0 ./Drivers/STM32F4xx_HAL_Driver/Src/stm32f4xx_hal_dma.o
                0x0000000008002834                HAL_DMA_Start_IT
 .text.HAL_DMA_Abort
                0x00000000080028e4       0xe0 ./Drivers/STM32F4xx_HAL_Driver/Src/stm32f4xx_hal_dma.o
                0x00000000080028e4                HAL_DMA_Abort
 .text.HAL_DMA_Abort_IT
                0x00000000080029c4       0x44 ./Drivers/STM32F4xx_HAL_Driver/Src/stm32f4xx_hal_dma.o
                0x00000000080029c4                HAL_DMA_Abort_IT
 .text.HAL_DMA_IRQHandler
                0x0000000008002a08      0x314 ./Drivers/STM32F4xx_HAL_Driver/Src/stm32f4xx_hal_dma.o
                0x0000000008002a08                HAL_DMA_IRQHandler
 .text.HAL_DMA_GetState
                0x0000000008002d1c       0x1c ./Drivers/STM32F4xx_HAL_Driver/Src/stm32f4xx_hal_dma.o
                0x0000000008002d1c                HAL_DMA_GetState
 .text.DMA_SetConfig
                0x0000000008002d38       0x5c ./Drivers/STM32F4xx_HAL_Driver/Src/stm32f4xx_hal_dma.o
 .text.DMA_CalcBaseAndBitshift
                0x0000000008002d94       0x6c ./Drivers/STM32F4xx_HAL_Driver/Src/stm32f4xx_hal_dma.o
 .text.DMA_CheckFifoParam
                0x0000000008002e00       0xf8 ./Drivers/STM32F4xx_HAL_Driver/Src/stm32f4xx_hal_dma.o
 .text.HAL_DMAEx_MultiBufferStart_IT
                0x0000000008002ef8     0x1290 ./Drivers/STM32F4xx_HAL_Driver/Src/stm32f4xx_hal_dma_ex.o
                0x0000000008002ef8                HAL_DMAEx_MultiBufferStart_IT
 .text.HAL_DMAEx_ChangeMemory
                0x0000000008004188       0x34 ./Drivers/STM32F4xx_HAL_Driver/Src/stm32f4xx_hal_dma_ex.o
                0x0000000008004188                HAL_DMAEx_ChangeMemory
 .text.DMA_MultiBufferSetConfig
                0x00000000080041bc       0x4c ./Drivers/STM32F4xx_HAL_Driver/Src/stm32f4xx_hal_dma_ex.o
 .text.HAL_GPIO_Init
                0x0000000008004208      0x338 ./Drivers/STM32F4xx_HAL_Driver/Src/stm32f4xx_hal_gpio.o
                0x0000000008004208                HAL_GPIO_Init
 .text.HAL_GPIO_WritePin
                0x0000000008004540       0x32 ./Drivers/STM32F4xx_HAL_Driver/Src/stm32f4xx_hal_gpio.o
                0x0000000008004540                HAL_GPIO_WritePin
 *fill*         0x0000000008004572        0x2 
 .text.HAL_I2C_Init
                0x0000000008004574      0x288 ./Drivers/STM32F4xx_HAL_Driver/Src/stm32f4xx_hal_i2c.o
                0x0000000008004574                HAL_I2C_Init
 .text.HAL_I2C_Master_Transmit
                0x00000000080047fc      0x1fc ./Drivers/STM32F4xx_HAL_Driver/Src/stm32f4xx_hal_i2c.o
                0x00000000080047fc                HAL_I2C_Master_Transmit
 .text.HAL_I2C_EV_IRQHandler
                0x00000000080049f8      0x2e2 ./Drivers/STM32F4xx_HAL_Driver/Src/stm32f4xx_hal_i2c.o
                0x00000000080049f8                HAL_I2C_EV_IRQHandler
 .text.HAL_I2C_ER_IRQHandler
                0x0000000008004cda      0x14e ./Drivers/STM32F4xx_HAL_Driver/Src/stm32f4xx_hal_i2c.o
                0x0000000008004cda                HAL_I2C_ER_IRQHandler
 .text.HAL_I2C_MasterTxCpltCallback
                0x0000000008004e28       0x14 ./Drivers/STM32F4xx_HAL_Driver/Src/stm32f4xx_hal_i2c.o
                0x0000000008004e28                HAL_I2C_MasterTxCpltCallback
 .text.HAL_I2C_MasterRxCpltCallback
                0x0000000008004e3c       0x14 ./Drivers/STM32F4xx_HAL_Driver/Src/stm32f4xx_hal_i2c.o
                0x0000000008004e3c                HAL_I2C_MasterRxCpltCallback
 .text.HAL_I2C_SlaveTxCpltCallback
                0x0000000008004e50       0x14 ./Drivers/STM32F4xx_HAL_Driver/Src/stm32f4xx_hal_i2c.o
                0x0000000008004e50                HAL_I2C_SlaveTxCpltCallback
 .text.HAL_I2C_SlaveRxCpltCallback
                0x0000000008004e64       0x14 ./Drivers/STM32F4xx_HAL_Driver/Src/stm32f4xx_hal_i2c.o
                0x0000000008004e64                HAL_I2C_SlaveRxCpltCallback
 .text.HAL_I2C_AddrCallback
                0x0000000008004e78       0x1c ./Drivers/STM32F4xx_HAL_Driver/Src/stm32f4xx_hal_i2c.o
                0x0000000008004e78                HAL_I2C_AddrCallback
 .text.HAL_I2C_ListenCpltCallback
                0x0000000008004e94       0x14 ./Drivers/STM32F4xx_HAL_Driver/Src/stm32f4xx_hal_i2c.o
                0x0000000008004e94                HAL_I2C_ListenCpltCallback
 .text.HAL_I2C_MemTxCpltCallback
                0x0000000008004ea8       0x14 ./Drivers/STM32F4xx_HAL_Driver/Src/stm32f4xx_hal_i2c.o
                0x0000000008004ea8                HAL_I2C_MemTxCpltCallback
 .text.HAL_I2C_MemRxCpltCallback
                0x0000000008004ebc       0x14 ./Drivers/STM32F4xx_HAL_Driver/Src/stm32f4xx_hal_i2c.o
                0x0000000008004ebc                HAL_I2C_MemRxCpltCallback
 .text.HAL_I2C_ErrorCallback
                0x0000000008004ed0       0x14 ./Drivers/STM32F4xx_HAL_Driver/Src/stm32f4xx_hal_i2c.o
                0x0000000008004ed0                HAL_I2C_ErrorCallback
 .text.HAL_I2C_AbortCpltCallback
                0x0000000008004ee4       0x14 ./Drivers/STM32F4xx_HAL_Driver/Src/stm32f4xx_hal_i2c.o
                0x0000000008004ee4                HAL_I2C_AbortCpltCallback
 .text.I2C_MasterTransmit_TXE
                0x0000000008004ef8      0x138 ./Drivers/STM32F4xx_HAL_Driver/Src/stm32f4xx_hal_i2c.o
 .text.I2C_MasterTransmit_BTF
                0x0000000008005030       0xec ./Drivers/STM32F4xx_HAL_Driver/Src/stm32f4xx_hal_i2c.o
 .text.I2C_MemoryTransmit_TXE_BTF
                0x000000000800511c      0x128 ./Drivers/STM32F4xx_HAL_Driver/Src/stm32f4xx_hal_i2c.o
 .text.I2C_MasterReceive_RXNE
                0x0000000008005244      0x162 ./Drivers/STM32F4xx_HAL_Driver/Src/stm32f4xx_hal_i2c.o
 .text.I2C_MasterReceive_BTF
                0x00000000080053a6      0x1d4 ./Drivers/STM32F4xx_HAL_Driver/Src/stm32f4xx_hal_i2c.o
 .text.I2C_Master_SB
                0x000000000800557a      0x10c ./Drivers/STM32F4xx_HAL_Driver/Src/stm32f4xx_hal_i2c.o
 .text.I2C_Master_ADD10
                0x0000000008005686       0x54 ./Drivers/STM32F4xx_HAL_Driver/Src/stm32f4xx_hal_i2c.o
 .text.I2C_Master_ADDR
                0x00000000080056da      0x322 ./Drivers/STM32F4xx_HAL_Driver/Src/stm32f4xx_hal_i2c.o
 .text.I2C_SlaveTransmit_TXE
                0x00000000080059fc       0x7a ./Drivers/STM32F4xx_HAL_Driver/Src/stm32f4xx_hal_i2c.o
 .text.I2C_SlaveTransmit_BTF
                0x0000000008005a76       0x42 ./Drivers/STM32F4xx_HAL_Driver/Src/stm32f4xx_hal_i2c.o
 .text.I2C_SlaveReceive_RXNE
                0x0000000008005ab8       0x7c ./Drivers/STM32F4xx_HAL_Driver/Src/stm32f4xx_hal_i2c.o
 .text.I2C_SlaveReceive_BTF
                0x0000000008005b34       0x44 ./Drivers/STM32F4xx_HAL_Driver/Src/stm32f4xx_hal_i2c.o
 .text.I2C_Slave_ADDR
                0x0000000008005b78       0x94 ./Drivers/STM32F4xx_HAL_Driver/Src/stm32f4xx_hal_i2c.o
 .text.I2C_Slave_STOPF
                0x0000000008005c0c      0x260 ./Drivers/STM32F4xx_HAL_Driver/Src/stm32f4xx_hal_i2c.o
 .text.I2C_Slave_AF
                0x0000000008005e6c       0xe0 ./Drivers/STM32F4xx_HAL_Driver/Src/stm32f4xx_hal_i2c.o
 .text.I2C_ITError
                0x0000000008005f4c      0x264 ./Drivers/STM32F4xx_HAL_Driver/Src/stm32f4xx_hal_i2c.o
 .text.I2C_MasterRequestWrite
                0x00000000080061b0      0x104 ./Drivers/STM32F4xx_HAL_Driver/Src/stm32f4xx_hal_i2c.o
 .text.I2C_DMAAbort
                0x00000000080062b4      0x150 ./Drivers/STM32F4xx_HAL_Driver/Src/stm32f4xx_hal_i2c.o
 .text.I2C_WaitOnFlagUntilTimeout
                0x0000000008006404       0xae ./Drivers/STM32F4xx_HAL_Driver/Src/stm32f4xx_hal_i2c.o
 .text.I2C_WaitOnMasterAddressFlagUntilTimeout
                0x00000000080064b2       0xfe ./Drivers/STM32F4xx_HAL_Driver/Src/stm32f4xx_hal_i2c.o
 .text.I2C_WaitOnTXEFlagUntilTimeout
                0x00000000080065b0       0x82 ./Drivers/STM32F4xx_HAL_Driver/Src/stm32f4xx_hal_i2c.o
 .text.I2C_WaitOnBTFFlagUntilTimeout
                0x0000000008006632       0x82 ./Drivers/STM32F4xx_HAL_Driver/Src/stm32f4xx_hal_i2c.o
 .text.I2C_WaitOnSTOPRequestThroughIT
                0x00000000080066b4       0x64 ./Drivers/STM32F4xx_HAL_Driver/Src/stm32f4xx_hal_i2c.o
 .text.I2C_IsAcknowledgeFailed
                0x0000000008006718       0x5e ./Drivers/STM32F4xx_HAL_Driver/Src/stm32f4xx_hal_i2c.o
 .text.I2C_ConvertOtherXferOptions
                0x0000000008006776       0x36 ./Drivers/STM32F4xx_HAL_Driver/Src/stm32f4xx_hal_i2c.o
 .text.HAL_RCC_OscConfig
                0x00000000080067ac      0x4f0 ./Drivers/STM32F4xx_HAL_Driver/Src/stm32f4xx_hal_rcc.o
                0x00000000080067ac                HAL_RCC_OscConfig
 .text.HAL_RCC_ClockConfig
                0x0000000008006c9c      0x1cc ./Drivers/STM32F4xx_HAL_Driver/Src/stm32f4xx_hal_rcc.o
                0x0000000008006c9c                HAL_RCC_ClockConfig
 .text.HAL_RCC_MCOConfig
                0x0000000008006e68       0xd0 ./Drivers/STM32F4xx_HAL_Driver/Src/stm32f4xx_hal_rcc.o
                0x0000000008006e68                HAL_RCC_MCOConfig
 .text.HAL_RCC_GetSysClockFreq
                0x0000000008006f38      0x1c4 ./Drivers/STM32F4xx_HAL_Driver/Src/stm32f4xx_hal_rcc.o
                0x0000000008006f38                HAL_RCC_GetSysClockFreq
 .text.HAL_RCC_GetHCLKFreq
                0x00000000080070fc       0x18 ./Drivers/STM32F4xx_HAL_Driver/Src/stm32f4xx_hal_rcc.o
                0x00000000080070fc                HAL_RCC_GetHCLKFreq
 .text.HAL_RCC_GetPCLK1Freq
                0x0000000008007114       0x28 ./Drivers/STM32F4xx_HAL_Driver/Src/stm32f4xx_hal_rcc.o
                0x0000000008007114                HAL_RCC_GetPCLK1Freq
 .text.HAL_SRAM_Init
                0x000000000800713c       0x88 ./Drivers/STM32F4xx_HAL_Driver/Src/stm32f4xx_hal_sram.o
                0x000000000800713c                HAL_SRAM_Init
 .text.HAL_TIM_Base_Init
                0x00000000080071c4       0x9e ./Drivers/STM32F4xx_HAL_Driver/Src/stm32f4xx_hal_tim.o
                0x00000000080071c4                HAL_TIM_Base_Init
 *fill*         0x0000000008007262        0x2 
 .text.HAL_TIM_Base_Start_IT
                0x0000000008007264       0xe0 ./Drivers/STM32F4xx_HAL_Driver/Src/stm32f4xx_hal_tim.o
                0x0000000008007264                HAL_TIM_Base_Start_IT
 .text.HAL_TIM_IC_Init
                0x0000000008007344       0x9e ./Drivers/STM32F4xx_HAL_Driver/Src/stm32f4xx_hal_tim.o
                0x0000000008007344                HAL_TIM_IC_Init
 *fill*         0x00000000080073e2        0x2 
 .text.HAL_TIM_IC_Start_IT
                0x00000000080073e4      0x250 ./Drivers/STM32F4xx_HAL_Driver/Src/stm32f4xx_hal_tim.o
                0x00000000080073e4                HAL_TIM_IC_Start_IT
 .text.HAL_TIM_IRQHandler
                0x0000000008007634      0x210 ./Drivers/STM32F4xx_HAL_Driver/Src/stm32f4xx_hal_tim.o
                0x0000000008007634                HAL_TIM_IRQHandler
 .text.HAL_TIM_IC_ConfigChannel
                0x0000000008007844      0x138 ./Drivers/STM32F4xx_HAL_Driver/Src/stm32f4xx_hal_tim.o
                0x0000000008007844                HAL_TIM_IC_ConfigChannel
 .text.HAL_TIM_ConfigClockSource
                0x000000000800797c      0x18e ./Drivers/STM32F4xx_HAL_Driver/Src/stm32f4xx_hal_tim.o
                0x000000000800797c                HAL_TIM_ConfigClockSource
 *fill*         0x0000000008007b0a        0x2 
 .text.HAL_TIM_ReadCapturedValue
                0x0000000008007b0c       0x88 ./Drivers/STM32F4xx_HAL_Driver/Src/stm32f4xx_hal_tim.o
                0x0000000008007b0c                HAL_TIM_ReadCapturedValue
 .text.HAL_TIM_OC_DelayElapsedCallback
                0x0000000008007b94       0x14 ./Drivers/STM32F4xx_HAL_Driver/Src/stm32f4xx_hal_tim.o
                0x0000000008007b94                HAL_TIM_OC_DelayElapsedCallback
 .text.HAL_TIM_PWM_PulseFinishedCallback
                0x0000000008007ba8       0x14 ./Drivers/STM32F4xx_HAL_Driver/Src/stm32f4xx_hal_tim.o
                0x0000000008007ba8                HAL_TIM_PWM_PulseFinishedCallback
 .text.HAL_TIM_TriggerCallback
                0x0000000008007bbc       0x14 ./Drivers/STM32F4xx_HAL_Driver/Src/stm32f4xx_hal_tim.o
                0x0000000008007bbc                HAL_TIM_TriggerCallback
 .text.TIM_Base_SetConfig
                0x0000000008007bd0      0x140 ./Drivers/STM32F4xx_HAL_Driver/Src/stm32f4xx_hal_tim.o
                0x0000000008007bd0                TIM_Base_SetConfig
 .text.TIM_TI1_SetConfig
                0x0000000008007d10       0xe8 ./Drivers/STM32F4xx_HAL_Driver/Src/stm32f4xx_hal_tim.o
                0x0000000008007d10                TIM_TI1_SetConfig
 .text.TIM_TI1_ConfigInputStage
                0x0000000008007df8       0x5e ./Drivers/STM32F4xx_HAL_Driver/Src/stm32f4xx_hal_tim.o
 .text.TIM_TI2_SetConfig
                0x0000000008007e56       0x7a ./Drivers/STM32F4xx_HAL_Driver/Src/stm32f4xx_hal_tim.o
 .text.TIM_TI2_ConfigInputStage
                0x0000000008007ed0       0x60 ./Drivers/STM32F4xx_HAL_Driver/Src/stm32f4xx_hal_tim.o
 .text.TIM_TI3_SetConfig
                0x0000000008007f30       0x78 ./Drivers/STM32F4xx_HAL_Driver/Src/stm32f4xx_hal_tim.o
 .text.TIM_TI4_SetConfig
                0x0000000008007fa8       0x7a ./Drivers/STM32F4xx_HAL_Driver/Src/stm32f4xx_hal_tim.o
 .text.TIM_ITRx_SetConfig
                0x0000000008008022       0x36 ./Drivers/STM32F4xx_HAL_Driver/Src/stm32f4xx_hal_tim.o
 .text.TIM_ETR_SetConfig
                0x0000000008008058       0x40 ./Drivers/STM32F4xx_HAL_Driver/Src/stm32f4xx_hal_tim.o
                0x0000000008008058                TIM_ETR_SetConfig
 .text.TIM_CCxChannelCmd
                0x0000000008008098       0x4a ./Drivers/STM32F4xx_HAL_Driver/Src/stm32f4xx_hal_tim.o
                0x0000000008008098                TIM_CCxChannelCmd
 *fill*         0x00000000080080e2        0x2 
 .text.HAL_TIMEx_MasterConfigSynchronization
                0x00000000080080e4       0xf8 ./Drivers/STM32F4xx_HAL_Driver/Src/stm32f4xx_hal_tim_ex.o
                0x00000000080080e4                HAL_TIMEx_MasterConfigSynchronization
 .text.HAL_TIMEx_CommutCallback
                0x00000000080081dc       0x14 ./Drivers/STM32F4xx_HAL_Driver/Src/stm32f4xx_hal_tim_ex.o
                0x00000000080081dc                HAL_TIMEx_CommutCallback
 .text.HAL_TIMEx_BreakCallback
                0x00000000080081f0       0x14 ./Drivers/STM32F4xx_HAL_Driver/Src/stm32f4xx_hal_tim_ex.o
                0x00000000080081f0                HAL_TIMEx_BreakCallback
 .text.FSMC_NORSRAM_Init
                0x0000000008008204       0xa4 ./Drivers/STM32F4xx_HAL_Driver/Src/stm32f4xx_ll_fsmc.o
                0x0000000008008204                FSMC_NORSRAM_Init
 .text.FSMC_NORSRAM_Timing_Init
                0x00000000080082a8       0x7a ./Drivers/STM32F4xx_HAL_Driver/Src/stm32f4xx_ll_fsmc.o
                0x00000000080082a8                FSMC_NORSRAM_Timing_Init
 *fill*         0x0000000008008322        0x2 
 .text.FSMC_NORSRAM_Extended_Timing_Init
                0x0000000008008324       0x80 ./Drivers/STM32F4xx_HAL_Driver/Src/stm32f4xx_ll_fsmc.o
                0x0000000008008324                FSMC_NORSRAM_Extended_Timing_Init
 .text.__libc_init_array
                0x00000000080083a4       0x48 c:/st/stm32cubeide_1.7.0/stm32cubeide/plugins/com.st.stm32cube.ide.mcu.externaltools.gnu-tools-for-stm32.9-2020-q2-update.win32_2.0.0.202105311346/tools/bin/../lib/gcc/arm-none-eabi/9.3.1/../../../../arm-none-eabi/lib/thumb/v7e-m+fp/hard\libc_nano.a(lib_a-init.o)
                0x00000000080083a4                __libc_init_array
 .text.memset   0x00000000080083ec       0x10 c:/st/stm32cubeide_1.7.0/stm32cubeide/plugins/com.st.stm32cube.ide.mcu.externaltools.gnu-tools-for-stm32.9-2020-q2-update.win32_2.0.0.202105311346/tools/bin/../lib/gcc/arm-none-eabi/9.3.1/../../../../arm-none-eabi/lib/thumb/v7e-m+fp/hard\libc_nano.a(lib_a-memset.o)
                0x00000000080083ec                memset
 *(.glue_7)
 .glue_7        0x00000000080083fc        0x0 linker stubs
 *(.glue_7t)
 .glue_7t       0x00000000080083fc        0x0 linker stubs
 *(.eh_frame)
 .eh_frame      0x00000000080083fc        0x0 c:/st/stm32cubeide_1.7.0/stm32cubeide/plugins/com.st.stm32cube.ide.mcu.externaltools.gnu-tools-for-stm32.9-2020-q2-update.win32_2.0.0.202105311346/tools/bin/../lib/gcc/arm-none-eabi/9.3.1/thumb/v7e-m+fp/hard/crtbegin.o
 *(.init)
 .init          0x00000000080083fc        0x4 c:/st/stm32cubeide_1.7.0/stm32cubeide/plugins/com.st.stm32cube.ide.mcu.externaltools.gnu-tools-for-stm32.9-2020-q2-update.win32_2.0.0.202105311346/tools/bin/../lib/gcc/arm-none-eabi/9.3.1/thumb/v7e-m+fp/hard/crti.o
                0x00000000080083fc                _init
 .init          0x0000000008008400        0x8 c:/st/stm32cubeide_1.7.0/stm32cubeide/plugins/com.st.stm32cube.ide.mcu.externaltools.gnu-tools-for-stm32.9-2020-q2-update.win32_2.0.0.202105311346/tools/bin/../lib/gcc/arm-none-eabi/9.3.1/thumb/v7e-m+fp/hard/crtn.o
 *(.fini)
 .fini          0x0000000008008408        0x4 c:/st/stm32cubeide_1.7.0/stm32cubeide/plugins/com.st.stm32cube.ide.mcu.externaltools.gnu-tools-for-stm32.9-2020-q2-update.win32_2.0.0.202105311346/tools/bin/../lib/gcc/arm-none-eabi/9.3.1/thumb/v7e-m+fp/hard/crti.o
                0x0000000008008408                _fini
 .fini          0x000000000800840c        0x8 c:/st/stm32cubeide_1.7.0/stm32cubeide/plugins/com.st.stm32cube.ide.mcu.externaltools.gnu-tools-for-stm32.9-2020-q2-update.win32_2.0.0.202105311346/tools/bin/../lib/gcc/arm-none-eabi/9.3.1/thumb/v7e-m+fp/hard/crtn.o
                0x0000000008008414                . = ALIGN (0x4)
                0x0000000008008414                _etext = .

.vfp11_veneer   0x0000000008008414        0x0
 .vfp11_veneer  0x0000000008008414        0x0 linker stubs

.v4_bx          0x0000000008008414        0x0
 .v4_bx         0x0000000008008414        0x0 linker stubs

.iplt           0x0000000008008414        0x0
 .iplt          0x0000000008008414        0x0 c:/st/stm32cubeide_1.7.0/stm32cubeide/plugins/com.st.stm32cube.ide.mcu.externaltools.gnu-tools-for-stm32.9-2020-q2-update.win32_2.0.0.202105311346/tools/bin/../lib/gcc/arm-none-eabi/9.3.1/thumb/v7e-m+fp/hard/crtbegin.o

.rodata         0x0000000008008414       0x7c
                0x0000000008008414                . = ALIGN (0x4)
 *(.rodata)
 *(.rodata*)
 .rodata.OV7670_reg
                0x0000000008008414       0x5c ./Core/Modules/camera/OV7670.o
                0x0000000008008414                OV7670_reg
 .rodata.AHBPrescTable
                0x0000000008008470       0x10 ./Core/Src/system_stm32f4xx.o
                0x0000000008008470                AHBPrescTable
 .rodata.APBPrescTable
                0x0000000008008480        0x8 ./Core/Src/system_stm32f4xx.o
                0x0000000008008480                APBPrescTable
 .rodata.flagBitshiftOffset.8677
                0x0000000008008488        0x8 ./Drivers/STM32F4xx_HAL_Driver/Src/stm32f4xx_hal_dma.o
                0x0000000008008490                . = ALIGN (0x4)

.ARM.extab      0x0000000008008490        0x0
                0x0000000008008490                . = ALIGN (0x4)
 *(.ARM.extab* .gnu.linkonce.armextab.*)
                0x0000000008008490                . = ALIGN (0x4)

.ARM            0x0000000008008490        0x8
                0x0000000008008490                . = ALIGN (0x4)
                0x0000000008008490                __exidx_start = .
 *(.ARM.exidx*)
 .ARM.exidx     0x0000000008008490        0x8 c:/st/stm32cubeide_1.7.0/stm32cubeide/plugins/com.st.stm32cube.ide.mcu.externaltools.gnu-tools-for-stm32.9-2020-q2-update.win32_2.0.0.202105311346/tools/bin/../lib/gcc/arm-none-eabi/9.3.1/thumb/v7e-m+fp/hard\libgcc.a(_udivmoddi4.o)
                0x0000000008008498                __exidx_end = .
                0x0000000008008498                . = ALIGN (0x4)

.rel.dyn        0x0000000008008498        0x0
 .rel.iplt      0x0000000008008498        0x0 c:/st/stm32cubeide_1.7.0/stm32cubeide/plugins/com.st.stm32cube.ide.mcu.externaltools.gnu-tools-for-stm32.9-2020-q2-update.win32_2.0.0.202105311346/tools/bin/../lib/gcc/arm-none-eabi/9.3.1/thumb/v7e-m+fp/hard/crtbegin.o

.preinit_array  0x0000000008008498        0x0
                0x0000000008008498                . = ALIGN (0x4)
                0x0000000008008498                PROVIDE (__preinit_array_start = .)
 *(.preinit_array*)
                0x0000000008008498                PROVIDE (__preinit_array_end = .)
                0x0000000008008498                . = ALIGN (0x4)

.init_array     0x0000000008008498        0x4
                0x0000000008008498                . = ALIGN (0x4)
                0x0000000008008498                PROVIDE (__init_array_start = .)
 *(SORT_BY_NAME(.init_array.*))
 *(.init_array*)
 .init_array    0x0000000008008498        0x4 c:/st/stm32cubeide_1.7.0/stm32cubeide/plugins/com.st.stm32cube.ide.mcu.externaltools.gnu-tools-for-stm32.9-2020-q2-update.win32_2.0.0.202105311346/tools/bin/../lib/gcc/arm-none-eabi/9.3.1/thumb/v7e-m+fp/hard/crtbegin.o
                0x000000000800849c                PROVIDE (__init_array_end = .)
                0x000000000800849c                . = ALIGN (0x4)

.fini_array     0x000000000800849c        0x4
                0x000000000800849c                . = ALIGN (0x4)
                [!provide]                        PROVIDE (__fini_array_start = .)
 *(SORT_BY_NAME(.fini_array.*))
 *(.fini_array*)
 .fini_array    0x000000000800849c        0x4 c:/st/stm32cubeide_1.7.0/stm32cubeide/plugins/com.st.stm32cube.ide.mcu.externaltools.gnu-tools-for-stm32.9-2020-q2-update.win32_2.0.0.202105311346/tools/bin/../lib/gcc/arm-none-eabi/9.3.1/thumb/v7e-m+fp/hard/crtbegin.o
                [!provide]                        PROVIDE (__fini_array_end = .)
                0x00000000080084a0                . = ALIGN (0x4)
                0x00000000080084a0                _sidata = LOADADDR (.data)

.data           0x0000000020000000       0x30 load address 0x00000000080084a0
                0x0000000020000000                . = ALIGN (0x4)
                0x0000000020000000                _sdata = .
 *(.data)
 *(.data*)
 .data.sensors  0x0000000020000000       0x24 ./Core/Modules/sensor/hc_sr04.o
                0x0000000020000000                sensors
 .data.SystemCoreClock
                0x0000000020000024        0x4 ./Core/Src/system_stm32f4xx.o
                0x0000000020000024                SystemCoreClock
 .data.uwTickPrio
                0x0000000020000028        0x4 ./Drivers/STM32F4xx_HAL_Driver/Src/stm32f4xx_hal.o
                0x0000000020000028                uwTickPrio
 .data.uwTickFreq
                0x000000002000002c        0x1 ./Drivers/STM32F4xx_HAL_Driver/Src/stm32f4xx_hal.o
                0x000000002000002c                uwTickFreq
 *(.RamFunc)
 *(.RamFunc*)
                0x0000000020000030                . = ALIGN (0x4)
 *fill*         0x000000002000002d        0x3 
                0x0000000020000030                _edata = .
                0x00000000080084d0                _siccmram = LOADADDR (.ccmram)

.igot.plt       0x0000000020000030        0x0 load address 0x00000000080084d0
 .igot.plt      0x0000000020000030        0x0 c:/st/stm32cubeide_1.7.0/stm32cubeide/plugins/com.st.stm32cube.ide.mcu.externaltools.gnu-tools-for-stm32.9-2020-q2-update.win32_2.0.0.202105311346/tools/bin/../lib/gcc/arm-none-eabi/9.3.1/thumb/v7e-m+fp/hard/crtbegin.o

.ccmram         0x0000000010000000        0x0 load address 0x00000000080084d0
                0x0000000010000000                . = ALIGN (0x4)
                0x0000000010000000                _sccmram = .
 *(.ccmram)
 *(.ccmram*)
                0x0000000010000000                . = ALIGN (0x4)
                0x0000000010000000                _eccmram = .
                0x0000000010000000                . = ALIGN (0x4)

.bss            0x0000000020000030     0x4d6c
                0x0000000020000030                _sbss = .
                0x0000000020000030                __bss_start__ = _sbss
 *(.bss)
 .bss           0x0000000020000030       0x1c c:/st/stm32cubeide_1.7.0/stm32cubeide/plugins/com.st.stm32cube.ide.mcu.externaltools.gnu-tools-for-stm32.9-2020-q2-update.win32_2.0.0.202105311346/tools/bin/../lib/gcc/arm-none-eabi/9.3.1/thumb/v7e-m+fp/hard/crtbegin.o
 *(.bss*)
 .bss.sp_hdcmi  0x000000002000004c        0x4 ./Core/Modules/camera/OV7670.o
 .bss.sp_hdma_dcmi
                0x0000000020000050        0x4 ./Core/Modules/camera/OV7670.o
 .bss.sp_hi2c   0x0000000020000054        0x4 ./Core/Modules/camera/OV7670.o
 .bss.s_destAddressForContiuousMode
                0x0000000020000058        0x4 ./Core/Modules/camera/OV7670.o
 .bss.s_currentH
                0x000000002000005c        0x4 ./Core/Modules/camera/OV7670.o
 .bss.s_currentV
                0x0000000020000060        0x4 ./Core/Modules/camera/OV7670.o
 .bss.obj_state
                0x0000000020000064        0x1 ./Core/Modules/sensor/hc_sr04.o
 .bss.last_obj_state
                0x0000000020000065        0x1 ./Core/Modules/sensor/hc_sr04.o
 .bss.last_distance
                0x0000000020000066        0x1 ./Core/Modules/sensor/hc_sr04.o
 *fill*         0x0000000020000067        0x1 
 .bss.frame_captured
                0x0000000020000068        0x4 ./Core/Src/main.o
                0x0000000020000068                frame_captured
 .bss.cam_busy  0x000000002000006c        0x4 ./Core/Src/main.o
                0x000000002000006c                cam_busy
 .bss.count     0x0000000020000070        0x4 ./Core/Src/main.o
 .bss.dis       0x0000000020000074        0x4 ./Core/Src/main.o
                0x0000000020000074                dis
 .bss.FSMC_Initialized
                0x0000000020000078        0x4 ./Core/Src/stm32f4xx_hal_msp.o
 *(COMMON)
 COMMON         0x000000002000007c     0x4d1c ./Core/Src/main.o
                0x000000002000007c                htim8
                0x00000000200000c4                hi2c2
                0x0000000020000118                hdma_dcmi
                0x0000000020000178                hsram1
                0x00000000200001c8                htim3
                0x0000000020000210                hdcmi
                0x0000000020000250                buf
                0x0000000020004d50                htim2
 COMMON         0x0000000020004d98        0x4 ./Drivers/STM32F4xx_HAL_Driver/Src/stm32f4xx_hal.o
                0x0000000020004d98                uwTick
                0x0000000020004d9c                . = ALIGN (0x4)
                0x0000000020004d9c                _ebss = .
                0x0000000020004d9c                __bss_end__ = _ebss

._user_heap_stack
                0x0000000020004d9c      0x604
                0x0000000020004da0                . = ALIGN (0x8)
 *fill*         0x0000000020004d9c        0x4 
                [!provide]                        PROVIDE (end = .)
                0x0000000020004da0                PROVIDE (_end = .)
                0x0000000020004fa0                . = (. + _Min_Heap_Size)
 *fill*         0x0000000020004da0      0x200 
                0x00000000200053a0                . = (. + _Min_Stack_Size)
 *fill*         0x0000000020004fa0      0x400 
                0x00000000200053a0                . = ALIGN (0x8)

/DISCARD/
 libc.a(*)
 libm.a(*)
 libgcc.a(*)

.ARM.attributes
                0x0000000000000000       0x30
 *(.ARM.attributes)
 .ARM.attributes
                0x0000000000000000       0x1e c:/st/stm32cubeide_1.7.0/stm32cubeide/plugins/com.st.stm32cube.ide.mcu.externaltools.gnu-tools-for-stm32.9-2020-q2-update.win32_2.0.0.202105311346/tools/bin/../lib/gcc/arm-none-eabi/9.3.1/thumb/v7e-m+fp/hard/crti.o
 .ARM.attributes
                0x000000000000001e       0x34 c:/st/stm32cubeide_1.7.0/stm32cubeide/plugins/com.st.stm32cube.ide.mcu.externaltools.gnu-tools-for-stm32.9-2020-q2-update.win32_2.0.0.202105311346/tools/bin/../lib/gcc/arm-none-eabi/9.3.1/thumb/v7e-m+fp/hard/crtbegin.o
 .ARM.attributes
                0x0000000000000052       0x34 ./Core/Modules/camera/OV7670.o
 .ARM.attributes
                0x0000000000000086       0x34 ./Core/Modules/lcd/ili9341.o
 .ARM.attributes
                0x00000000000000ba       0x34 ./Core/Modules/sensor/hc_sr04.o
 .ARM.attributes
                0x00000000000000ee       0x34 ./Core/Src/main.o
 .ARM.attributes
                0x0000000000000122       0x34 ./Core/Src/stm32f4xx_hal_msp.o
 .ARM.attributes
                0x0000000000000156       0x34 ./Core/Src/stm32f4xx_it.o
 .ARM.attributes
                0x000000000000018a       0x34 ./Core/Src/system_stm32f4xx.o
 .ARM.attributes
                0x00000000000001be       0x21 ./Core/Startup/startup_stm32f407vetx.o
 .ARM.attributes
                0x00000000000001df       0x34 ./Drivers/STM32F4xx_HAL_Driver/Src/stm32f4xx_hal.o
 .ARM.attributes
                0x0000000000000213       0x34 ./Drivers/STM32F4xx_HAL_Driver/Src/stm32f4xx_hal_cortex.o
 .ARM.attributes
                0x0000000000000247       0x34 ./Drivers/STM32F4xx_HAL_Driver/Src/stm32f4xx_hal_dcmi.o
 .ARM.attributes
                0x000000000000027b       0x34 ./Drivers/STM32F4xx_HAL_Driver/Src/stm32f4xx_hal_dcmi_ex.o
 .ARM.attributes
                0x00000000000002af       0x34 ./Drivers/STM32F4xx_HAL_Driver/Src/stm32f4xx_hal_dma.o
 .ARM.attributes
                0x00000000000002e3       0x34 ./Drivers/STM32F4xx_HAL_Driver/Src/stm32f4xx_hal_dma_ex.o
 .ARM.attributes
                0x0000000000000317       0x34 ./Drivers/STM32F4xx_HAL_Driver/Src/stm32f4xx_hal_gpio.o
 .ARM.attributes
                0x000000000000034b       0x34 ./Drivers/STM32F4xx_HAL_Driver/Src/stm32f4xx_hal_i2c.o
 .ARM.attributes
                0x000000000000037f       0x34 ./Drivers/STM32F4xx_HAL_Driver/Src/stm32f4xx_hal_rcc.o
 .ARM.attributes
                0x00000000000003b3       0x34 ./Drivers/STM32F4xx_HAL_Driver/Src/stm32f4xx_hal_sram.o
 .ARM.attributes
                0x00000000000003e7       0x34 ./Drivers/STM32F4xx_HAL_Driver/Src/stm32f4xx_hal_tim.o
 .ARM.attributes
                0x000000000000041b       0x34 ./Drivers/STM32F4xx_HAL_Driver/Src/stm32f4xx_hal_tim_ex.o
 .ARM.attributes
                0x000000000000044f       0x34 ./Drivers/STM32F4xx_HAL_Driver/Src/stm32f4xx_ll_fsmc.o
 .ARM.attributes
                0x0000000000000483       0x34 c:/st/stm32cubeide_1.7.0/stm32cubeide/plugins/com.st.stm32cube.ide.mcu.externaltools.gnu-tools-for-stm32.9-2020-q2-update.win32_2.0.0.202105311346/tools/bin/../lib/gcc/arm-none-eabi/9.3.1/../../../../arm-none-eabi/lib/thumb/v7e-m+fp/hard\libc_nano.a(lib_a-init.o)
 .ARM.attributes
                0x00000000000004b7       0x34 c:/st/stm32cubeide_1.7.0/stm32cubeide/plugins/com.st.stm32cube.ide.mcu.externaltools.gnu-tools-for-stm32.9-2020-q2-update.win32_2.0.0.202105311346/tools/bin/../lib/gcc/arm-none-eabi/9.3.1/../../../../arm-none-eabi/lib/thumb/v7e-m+fp/hard\libc_nano.a(lib_a-memset.o)
 .ARM.attributes
                0x00000000000004eb       0x1e c:/st/stm32cubeide_1.7.0/stm32cubeide/plugins/com.st.stm32cube.ide.mcu.externaltools.gnu-tools-for-stm32.9-2020-q2-update.win32_2.0.0.202105311346/tools/bin/../lib/gcc/arm-none-eabi/9.3.1/thumb/v7e-m+fp/hard\libgcc.a(_aeabi_uldivmod.o)
 .ARM.attributes
                0x0000000000000509       0x34 c:/st/stm32cubeide_1.7.0/stm32cubeide/plugins/com.st.stm32cube.ide.mcu.externaltools.gnu-tools-for-stm32.9-2020-q2-update.win32_2.0.0.202105311346/tools/bin/../lib/gcc/arm-none-eabi/9.3.1/thumb/v7e-m+fp/hard\libgcc.a(_udivmoddi4.o)
 .ARM.attributes
                0x000000000000053d       0x1e c:/st/stm32cubeide_1.7.0/stm32cubeide/plugins/com.st.stm32cube.ide.mcu.externaltools.gnu-tools-for-stm32.9-2020-q2-update.win32_2.0.0.202105311346/tools/bin/../lib/gcc/arm-none-eabi/9.3.1/thumb/v7e-m+fp/hard\libgcc.a(_dvmd_tls.o)
 .ARM.attributes
                0x000000000000055b       0x1e c:/st/stm32cubeide_1.7.0/stm32cubeide/plugins/com.st.stm32cube.ide.mcu.externaltools.gnu-tools-for-stm32.9-2020-q2-update.win32_2.0.0.202105311346/tools/bin/../lib/gcc/arm-none-eabi/9.3.1/thumb/v7e-m+fp/hard/crtn.o
OUTPUT(CAMERA_OV7670_F407VE.elf elf32-littlearm)
LOAD linker stubs
LOAD c:/st/stm32cubeide_1.7.0/stm32cubeide/plugins/com.st.stm32cube.ide.mcu.externaltools.gnu-tools-for-stm32.9-2020-q2-update.win32_2.0.0.202105311346/tools/bin/../lib/gcc/arm-none-eabi/9.3.1/../../../../arm-none-eabi/lib/thumb/v7e-m+fp/hard\libc.a
LOAD c:/st/stm32cubeide_1.7.0/stm32cubeide/plugins/com.st.stm32cube.ide.mcu.externaltools.gnu-tools-for-stm32.9-2020-q2-update.win32_2.0.0.202105311346/tools/bin/../lib/gcc/arm-none-eabi/9.3.1/../../../../arm-none-eabi/lib/thumb/v7e-m+fp/hard\libm.a
LOAD c:/st/stm32cubeide_1.7.0/stm32cubeide/plugins/com.st.stm32cube.ide.mcu.externaltools.gnu-tools-for-stm32.9-2020-q2-update.win32_2.0.0.202105311346/tools/bin/../lib/gcc/arm-none-eabi/9.3.1/thumb/v7e-m+fp/hard\libgcc.a

.debug_info     0x0000000000000000    0x14ccb
 .debug_info    0x0000000000000000     0x14fb ./Core/Modules/camera/OV7670.o
 .debug_info    0x00000000000014fb     0x12e0 ./Core/Modules/lcd/ili9341.o
 .debug_info    0x00000000000027db      0xaa1 ./Core/Modules/sensor/hc_sr04.o
 .debug_info    0x000000000000327c     0x23ac ./Core/Src/main.o
 .debug_info    0x0000000000005628     0x1740 ./Core/Src/stm32f4xx_hal_msp.o
 .debug_info    0x0000000000006d68      0xdd2 ./Core/Src/stm32f4xx_it.o
 .debug_info    0x0000000000007b3a      0x5a4 ./Core/Src/system_stm32f4xx.o
 .debug_info    0x00000000000080de       0x22 ./Core/Startup/startup_stm32f407vetx.o
 .debug_info    0x0000000000008100      0x9b2 ./Drivers/STM32F4xx_HAL_Driver/Src/stm32f4xx_hal.o
 .debug_info    0x0000000000008ab2      0xed7 ./Drivers/STM32F4xx_HAL_Driver/Src/stm32f4xx_hal_cortex.o
 .debug_info    0x0000000000009989      0xb7e ./Drivers/STM32F4xx_HAL_Driver/Src/stm32f4xx_hal_dcmi.o
 .debug_info    0x000000000000a507      0x6bd ./Drivers/STM32F4xx_HAL_Driver/Src/stm32f4xx_hal_dcmi_ex.o
 .debug_info    0x000000000000abc4      0x9f1 ./Drivers/STM32F4xx_HAL_Driver/Src/stm32f4xx_hal_dma.o
 .debug_info    0x000000000000b5b5      0x62d ./Drivers/STM32F4xx_HAL_Driver/Src/stm32f4xx_hal_dma_ex.o
 .debug_info    0x000000000000bbe2      0x83e ./Drivers/STM32F4xx_HAL_Driver/Src/stm32f4xx_hal_gpio.o
 .debug_info    0x000000000000c420     0x264d ./Drivers/STM32F4xx_HAL_Driver/Src/stm32f4xx_hal_i2c.o
 .debug_info    0x000000000000ea6d      0x996 ./Drivers/STM32F4xx_HAL_Driver/Src/stm32f4xx_hal_rcc.o
 .debug_info    0x000000000000f403      0xbab ./Drivers/STM32F4xx_HAL_Driver/Src/stm32f4xx_hal_sram.o
 .debug_info    0x000000000000ffae     0x2c22 ./Drivers/STM32F4xx_HAL_Driver/Src/stm32f4xx_hal_tim.o
 .debug_info    0x0000000000012bd0     0x15a2 ./Drivers/STM32F4xx_HAL_Driver/Src/stm32f4xx_hal_tim_ex.o
 .debug_info    0x0000000000014172      0xb59 ./Drivers/STM32F4xx_HAL_Driver/Src/stm32f4xx_ll_fsmc.o

.debug_abbrev   0x0000000000000000     0x2c2f
 .debug_abbrev  0x0000000000000000      0x28e ./Core/Modules/camera/OV7670.o
 .debug_abbrev  0x000000000000028e      0x2db ./Core/Modules/lcd/ili9341.o
 .debug_abbrev  0x0000000000000569      0x248 ./Core/Modules/sensor/hc_sr04.o
 .debug_abbrev  0x00000000000007b1      0x32f ./Core/Src/main.o
 .debug_abbrev  0x0000000000000ae0      0x238 ./Core/Src/stm32f4xx_hal_msp.o
 .debug_abbrev  0x0000000000000d18      0x190 ./Core/Src/stm32f4xx_it.o
 .debug_abbrev  0x0000000000000ea8      0x145 ./Core/Src/system_stm32f4xx.o
 .debug_abbrev  0x0000000000000fed       0x12 ./Core/Startup/startup_stm32f407vetx.o
 .debug_abbrev  0x0000000000000fff      0x1ed ./Drivers/STM32F4xx_HAL_Driver/Src/stm32f4xx_hal.o
 .debug_abbrev  0x00000000000011ec      0x33c ./Drivers/STM32F4xx_HAL_Driver/Src/stm32f4xx_hal_cortex.o
 .debug_abbrev  0x0000000000001528      0x22e ./Drivers/STM32F4xx_HAL_Driver/Src/stm32f4xx_hal_dcmi.o
 .debug_abbrev  0x0000000000001756      0x15e ./Drivers/STM32F4xx_HAL_Driver/Src/stm32f4xx_hal_dcmi_ex.o
 .debug_abbrev  0x00000000000018b4      0x259 ./Drivers/STM32F4xx_HAL_Driver/Src/stm32f4xx_hal_dma.o
 .debug_abbrev  0x0000000000001b0d      0x1d4 ./Drivers/STM32F4xx_HAL_Driver/Src/stm32f4xx_hal_dma_ex.o
 .debug_abbrev  0x0000000000001ce1      0x1f1 ./Drivers/STM32F4xx_HAL_Driver/Src/stm32f4xx_hal_gpio.o
 .debug_abbrev  0x0000000000001ed2      0x282 ./Drivers/STM32F4xx_HAL_Driver/Src/stm32f4xx_hal_i2c.o
 .debug_abbrev  0x0000000000002154      0x275 ./Drivers/STM32F4xx_HAL_Driver/Src/stm32f4xx_hal_rcc.o
 .debug_abbrev  0x00000000000023c9      0x1f4 ./Drivers/STM32F4xx_HAL_Driver/Src/stm32f4xx_hal_sram.o
 .debug_abbrev  0x00000000000025bd      0x25e ./Drivers/STM32F4xx_HAL_Driver/Src/stm32f4xx_hal_tim.o
 .debug_abbrev  0x000000000000281b      0x266 ./Drivers/STM32F4xx_HAL_Driver/Src/stm32f4xx_hal_tim_ex.o
 .debug_abbrev  0x0000000000002a81      0x1ae ./Drivers/STM32F4xx_HAL_Driver/Src/stm32f4xx_ll_fsmc.o

.debug_aranges  0x0000000000000000     0x10b8
 .debug_aranges
                0x0000000000000000       0x50 ./Core/Modules/camera/OV7670.o
 .debug_aranges
                0x0000000000000050       0x90 ./Core/Modules/lcd/ili9341.o
 .debug_aranges
                0x00000000000000e0       0x48 ./Core/Modules/sensor/hc_sr04.o
 .debug_aranges
                0x0000000000000128       0x78 ./Core/Src/main.o
 .debug_aranges
                0x00000000000001a0       0x80 ./Core/Src/stm32f4xx_hal_msp.o
 .debug_aranges
                0x0000000000000220       0x98 ./Core/Src/stm32f4xx_it.o
 .debug_aranges
                0x00000000000002b8       0x28 ./Core/Src/system_stm32f4xx.o
 .debug_aranges
                0x00000000000002e0       0x28 ./Core/Startup/startup_stm32f407vetx.o
 .debug_aranges
                0x0000000000000308       0xf0 ./Drivers/STM32F4xx_HAL_Driver/Src/stm32f4xx_hal.o
 .debug_aranges
                0x00000000000003f8      0x118 ./Drivers/STM32F4xx_HAL_Driver/Src/stm32f4xx_hal_cortex.o
 .debug_aranges
                0x0000000000000510       0xc0 ./Drivers/STM32F4xx_HAL_Driver/Src/stm32f4xx_hal_dcmi.o
 .debug_aranges
                0x00000000000005d0       0x20 ./Drivers/STM32F4xx_HAL_Driver/Src/stm32f4xx_hal_dcmi_ex.o
 .debug_aranges
                0x00000000000005f0       0x90 ./Drivers/STM32F4xx_HAL_Driver/Src/stm32f4xx_hal_dma.o
 .debug_aranges
                0x0000000000000680       0x38 ./Drivers/STM32F4xx_HAL_Driver/Src/stm32f4xx_hal_dma_ex.o
 .debug_aranges
                0x00000000000006b8       0x58 ./Drivers/STM32F4xx_HAL_Driver/Src/stm32f4xx_hal_gpio.o
 .debug_aranges
                0x0000000000000710      0x2a0 ./Drivers/STM32F4xx_HAL_Driver/Src/stm32f4xx_hal_i2c.o
 .debug_aranges
                0x00000000000009b0       0x88 ./Drivers/STM32F4xx_HAL_Driver/Src/stm32f4xx_hal_rcc.o
 .debug_aranges
                0x0000000000000a38       0xa0 ./Drivers/STM32F4xx_HAL_Driver/Src/stm32f4xx_hal_sram.o
 .debug_aranges
                0x0000000000000ad8      0x3d0 ./Drivers/STM32F4xx_HAL_Driver/Src/stm32f4xx_hal_tim.o
 .debug_aranges
                0x0000000000000ea8      0x168 ./Drivers/STM32F4xx_HAL_Driver/Src/stm32f4xx_hal_tim_ex.o
 .debug_aranges
                0x0000000000001010       0xa8 ./Drivers/STM32F4xx_HAL_Driver/Src/stm32f4xx_ll_fsmc.o

.debug_ranges   0x0000000000000000      0xf98
 .debug_ranges  0x0000000000000000       0x40 ./Core/Modules/camera/OV7670.o
 .debug_ranges  0x0000000000000040       0x80 ./Core/Modules/lcd/ili9341.o
 .debug_ranges  0x00000000000000c0       0x38 ./Core/Modules/sensor/hc_sr04.o
 .debug_ranges  0x00000000000000f8       0x68 ./Core/Src/main.o
 .debug_ranges  0x0000000000000160       0x70 ./Core/Src/stm32f4xx_hal_msp.o
 .debug_ranges  0x00000000000001d0       0x88 ./Core/Src/stm32f4xx_it.o
 .debug_ranges  0x0000000000000258       0x18 ./Core/Src/system_stm32f4xx.o
 .debug_ranges  0x0000000000000270       0x20 ./Core/Startup/startup_stm32f407vetx.o
 .debug_ranges  0x0000000000000290       0xe0 ./Drivers/STM32F4xx_HAL_Driver/Src/stm32f4xx_hal.o
 .debug_ranges  0x0000000000000370      0x108 ./Drivers/STM32F4xx_HAL_Driver/Src/stm32f4xx_hal_cortex.o
 .debug_ranges  0x0000000000000478       0xb0 ./Drivers/STM32F4xx_HAL_Driver/Src/stm32f4xx_hal_dcmi.o
 .debug_ranges  0x0000000000000528       0x10 ./Drivers/STM32F4xx_HAL_Driver/Src/stm32f4xx_hal_dcmi_ex.o
 .debug_ranges  0x0000000000000538       0x80 ./Drivers/STM32F4xx_HAL_Driver/Src/stm32f4xx_hal_dma.o
 .debug_ranges  0x00000000000005b8       0x28 ./Drivers/STM32F4xx_HAL_Driver/Src/stm32f4xx_hal_dma_ex.o
 .debug_ranges  0x00000000000005e0       0x48 ./Drivers/STM32F4xx_HAL_Driver/Src/stm32f4xx_hal_gpio.o
 .debug_ranges  0x0000000000000628      0x2b8 ./Drivers/STM32F4xx_HAL_Driver/Src/stm32f4xx_hal_i2c.o
 .debug_ranges  0x00000000000008e0       0x78 ./Drivers/STM32F4xx_HAL_Driver/Src/stm32f4xx_hal_rcc.o
 .debug_ranges  0x0000000000000958       0x90 ./Drivers/STM32F4xx_HAL_Driver/Src/stm32f4xx_hal_sram.o
 .debug_ranges  0x00000000000009e8      0x3c0 ./Drivers/STM32F4xx_HAL_Driver/Src/stm32f4xx_hal_tim.o
 .debug_ranges  0x0000000000000da8      0x158 ./Drivers/STM32F4xx_HAL_Driver/Src/stm32f4xx_hal_tim_ex.o
 .debug_ranges  0x0000000000000f00       0x98 ./Drivers/STM32F4xx_HAL_Driver/Src/stm32f4xx_ll_fsmc.o

.debug_macro    0x0000000000000000    0x23439
 .debug_macro   0x0000000000000000      0x3b5 ./Core/Modules/camera/OV7670.o
 .debug_macro   0x00000000000003b5      0xaa8 ./Core/Modules/camera/OV7670.o
 .debug_macro   0x0000000000000e5d       0x22 ./Core/Modules/camera/OV7670.o
 .debug_macro   0x0000000000000e7f       0x4c ./Core/Modules/camera/OV7670.o
 .debug_macro   0x0000000000000ecb       0x18 ./Core/Modules/camera/OV7670.o
 .debug_macro   0x0000000000000ee3       0x94 ./Core/Modules/camera/OV7670.o
 .debug_macro   0x0000000000000f77       0x3c ./Core/Modules/camera/OV7670.o
 .debug_macro   0x0000000000000fb3       0x34 ./Core/Modules/camera/OV7670.o
 .debug_macro   0x0000000000000fe7       0x16 ./Core/Modules/camera/OV7670.o
 .debug_macro   0x0000000000000ffd       0x57 ./Core/Modules/camera/OV7670.o
 .debug_macro   0x0000000000001054       0x97 ./Core/Modules/camera/OV7670.o
 .debug_macro   0x00000000000010eb      0x339 ./Core/Modules/camera/OV7670.o
 .debug_macro   0x0000000000001424       0xfd ./Core/Modules/camera/OV7670.o
 .debug_macro   0x0000000000001521       0x10 ./Core/Modules/camera/OV7670.o
 .debug_macro   0x0000000000001531       0x16 ./Core/Modules/camera/OV7670.o
 .debug_macro   0x0000000000001547       0x43 ./Core/Modules/camera/OV7670.o
 .debug_macro   0x000000000000158a       0x34 ./Core/Modules/camera/OV7670.o
 .debug_macro   0x00000000000015be       0x10 ./Core/Modules/camera/OV7670.o
 .debug_macro   0x00000000000015ce       0x58 ./Core/Modules/camera/OV7670.o
 .debug_macro   0x0000000000001626       0x71 ./Core/Modules/camera/OV7670.o
 .debug_macro   0x0000000000001697       0x1c ./Core/Modules/camera/OV7670.o
 .debug_macro   0x00000000000016b3      0x12a ./Core/Modules/camera/OV7670.o
 .debug_macro   0x00000000000017dd       0x10 ./Core/Modules/camera/OV7670.o
 .debug_macro   0x00000000000017ed       0x6a ./Core/Modules/camera/OV7670.o
 .debug_macro   0x0000000000001857       0x1c ./Core/Modules/camera/OV7670.o
 .debug_macro   0x0000000000001873       0x52 ./Core/Modules/camera/OV7670.o
 .debug_macro   0x00000000000018c5       0x22 ./Core/Modules/camera/OV7670.o
 .debug_macro   0x00000000000018e7       0x10 ./Core/Modules/camera/OV7670.o
 .debug_macro   0x00000000000018f7       0x40 ./Core/Modules/camera/OV7670.o
 .debug_macro   0x0000000000001937       0xd5 ./Core/Modules/camera/OV7670.o
 .debug_macro   0x0000000000001a0c       0x1c ./Core/Modules/camera/OV7670.o
 .debug_macro   0x0000000000001a28       0x3d ./Core/Modules/camera/OV7670.o
 .debug_macro   0x0000000000001a65       0x16 ./Core/Modules/camera/OV7670.o
 .debug_macro   0x0000000000001a7b      0x145 ./Core/Modules/camera/OV7670.o
 .debug_macro   0x0000000000001bc0      0x2a7 ./Core/Modules/camera/OV7670.o
 .debug_macro   0x0000000000001e67       0x2e ./Core/Modules/camera/OV7670.o
 .debug_macro   0x0000000000001e95       0x2f ./Core/Modules/camera/OV7670.o
 .debug_macro   0x0000000000001ec4      0x103 ./Core/Modules/camera/OV7670.o
 .debug_macro   0x0000000000001fc7      0x1df ./Core/Modules/camera/OV7670.o
 .debug_macro   0x00000000000021a6       0x1c ./Core/Modules/camera/OV7670.o
 .debug_macro   0x00000000000021c2       0x22 ./Core/Modules/camera/OV7670.o
 .debug_macro   0x00000000000021e4       0xd9 ./Core/Modules/camera/OV7670.o
 .debug_macro   0x00000000000022bd     0x102d ./Core/Modules/camera/OV7670.o
 .debug_macro   0x00000000000032ea      0x11f ./Core/Modules/camera/OV7670.o
 .debug_macro   0x0000000000003409    0x15e58 ./Core/Modules/camera/OV7670.o
 .debug_macro   0x0000000000019261       0x6d ./Core/Modules/camera/OV7670.o
 .debug_macro   0x00000000000192ce     0x3666 ./Core/Modules/camera/OV7670.o
 .debug_macro   0x000000000001c934       0x56 ./Core/Modules/camera/OV7670.o
 .debug_macro   0x000000000001c98a      0x96b ./Core/Modules/camera/OV7670.o
 .debug_macro   0x000000000001d2f5      0x9fe ./Core/Modules/camera/OV7670.o
 .debug_macro   0x000000000001dcf3      0x116 ./Core/Modules/camera/OV7670.o
 .debug_macro   0x000000000001de09      0x13e ./Core/Modules/camera/OV7670.o
 .debug_macro   0x000000000001df47       0xa5 ./Core/Modules/camera/OV7670.o
 .debug_macro   0x000000000001dfec      0x174 ./Core/Modules/camera/OV7670.o
 .debug_macro   0x000000000001e160      0x287 ./Core/Modules/camera/OV7670.o
 .debug_macro   0x000000000001e3e7       0x5f ./Core/Modules/camera/OV7670.o
 .debug_macro   0x000000000001e446      0x236 ./Core/Modules/camera/OV7670.o
 .debug_macro   0x000000000001e67c       0x1f ./Core/Modules/camera/OV7670.o
 .debug_macro   0x000000000001e69b      0x1d2 ./Core/Modules/camera/OV7670.o
 .debug_macro   0x000000000001e86d      0x12c ./Core/Modules/camera/OV7670.o
 .debug_macro   0x000000000001e999      0x21e ./Core/Modules/camera/OV7670.o
 .debug_macro   0x000000000001ebb7       0x2e ./Core/Modules/camera/OV7670.o
 .debug_macro   0x000000000001ebe5      0x543 ./Core/Modules/camera/OV7670.o
 .debug_macro   0x000000000001f128      0x1b5 ./Core/Modules/camera/OV7670.o
 .debug_macro   0x000000000001f2dd       0xd6 ./Core/Modules/camera/OV7670.o
 .debug_macro   0x000000000001f3b3      0x11a ./Core/Modules/camera/OV7670.o
 .debug_macro   0x000000000001f4cd       0x7e ./Core/Modules/camera/OV7670.o
 .debug_macro   0x000000000001f54b       0x89 ./Core/Modules/camera/OV7670.o
 .debug_macro   0x000000000001f5d4      0x8d1 ./Core/Modules/camera/OV7670.o
 .debug_macro   0x000000000001fea5       0x47 ./Core/Modules/camera/OV7670.o
 .debug_macro   0x000000000001feec      0x12d ./Core/Modules/camera/OV7670.o
 .debug_macro   0x0000000000020019       0x40 ./Core/Modules/camera/OV7670.o
 .debug_macro   0x0000000000020059       0x5e ./Core/Modules/camera/OV7670.o
 .debug_macro   0x00000000000200b7       0x2e ./Core/Modules/camera/OV7670.o
 .debug_macro   0x00000000000200e5       0x10 ./Core/Modules/camera/OV7670.o
 .debug_macro   0x00000000000200f5      0x3a2 ./Core/Modules/lcd/ili9341.o
 .debug_macro   0x0000000000020497       0x52 ./Core/Modules/lcd/ili9341.o
 .debug_macro   0x00000000000204e9      0x22a ./Core/Modules/sensor/hc_sr04.o
 .debug_macro   0x0000000000020713       0xdf ./Core/Modules/sensor/hc_sr04.o
 .debug_macro   0x00000000000207f2      0x174 ./Core/Modules/sensor/hc_sr04.o
 .debug_macro   0x0000000000020966       0x5c ./Core/Modules/sensor/hc_sr04.o
 .debug_macro   0x00000000000209c2       0x16 ./Core/Modules/sensor/hc_sr04.o
 .debug_macro   0x00000000000209d8       0x46 ./Core/Modules/sensor/hc_sr04.o
 .debug_macro   0x0000000000020a1e      0x3f4 ./Core/Src/main.o
 .debug_macro   0x0000000000020e12       0x35 ./Core/Src/main.o
 .debug_macro   0x0000000000020e47      0x333 ./Core/Src/main.o
 .debug_macro   0x000000000002117a       0x16 ./Core/Src/main.o
 .debug_macro   0x0000000000021190       0x20 ./Core/Src/main.o
 .debug_macro   0x00000000000211b0       0x46 ./Core/Src/main.o
 .debug_macro   0x00000000000211f6       0x1c ./Core/Src/main.o
 .debug_macro   0x0000000000021212      0x221 ./Core/Src/stm32f4xx_hal_msp.o
 .debug_macro   0x0000000000021433      0x22b ./Core/Src/stm32f4xx_it.o
 .debug_macro   0x000000000002165e      0x212 ./Core/Src/system_stm32f4xx.o
 .debug_macro   0x0000000000021870      0x272 ./Drivers/STM32F4xx_HAL_Driver/Src/stm32f4xx_hal.o
 .debug_macro   0x0000000000021ae2      0x212 ./Drivers/STM32F4xx_HAL_Driver/Src/stm32f4xx_hal_cortex.o
 .debug_macro   0x0000000000021cf4      0x219 ./Drivers/STM32F4xx_HAL_Driver/Src/stm32f4xx_hal_dcmi.o
 .debug_macro   0x0000000000021f0d      0x212 ./Drivers/STM32F4xx_HAL_Driver/Src/stm32f4xx_hal_dcmi_ex.o
 .debug_macro   0x000000000002211f      0x218 ./Drivers/STM32F4xx_HAL_Driver/Src/stm32f4xx_hal_dma.o
 .debug_macro   0x0000000000022337      0x212 ./Drivers/STM32F4xx_HAL_Driver/Src/stm32f4xx_hal_dma_ex.o
 .debug_macro   0x0000000000022549      0x218 ./Drivers/STM32F4xx_HAL_Driver/Src/stm32f4xx_hal_gpio.o
 .debug_macro   0x0000000000022761      0x259 ./Drivers/STM32F4xx_HAL_Driver/Src/stm32f4xx_hal_i2c.o
 .debug_macro   0x00000000000229ba      0x236 ./Drivers/STM32F4xx_HAL_Driver/Src/stm32f4xx_hal_rcc.o
 .debug_macro   0x0000000000022bf0      0x212 ./Drivers/STM32F4xx_HAL_Driver/Src/stm32f4xx_hal_sram.o
 .debug_macro   0x0000000000022e02      0x213 ./Drivers/STM32F4xx_HAL_Driver/Src/stm32f4xx_hal_tim.o
 .debug_macro   0x0000000000023015      0x212 ./Drivers/STM32F4xx_HAL_Driver/Src/stm32f4xx_hal_tim_ex.o
 .debug_macro   0x0000000000023227      0x212 ./Drivers/STM32F4xx_HAL_Driver/Src/stm32f4xx_ll_fsmc.o

.debug_line     0x0000000000000000    0x159f0
 .debug_line    0x0000000000000000      0xb44 ./Core/Modules/camera/OV7670.o
 .debug_line    0x0000000000000b44      0xfb1 ./Core/Modules/lcd/ili9341.o
 .debug_line    0x0000000000001af5      0x9fe ./Core/Modules/sensor/hc_sr04.o
 .debug_line    0x00000000000024f3      0xe1d ./Core/Src/main.o
 .debug_line    0x0000000000003310      0x98c ./Core/Src/stm32f4xx_hal_msp.o
 .debug_line    0x0000000000003c9c      0x8ac ./Core/Src/stm32f4xx_it.o
 .debug_line    0x0000000000004548      0x7c3 ./Core/Src/system_stm32f4xx.o
 .debug_line    0x0000000000004d0b       0x88 ./Core/Startup/startup_stm32f407vetx.o
 .debug_line    0x0000000000004d93      0xa29 ./Drivers/STM32F4xx_HAL_Driver/Src/stm32f4xx_hal.o
 .debug_line    0x00000000000057bc      0xcd8 ./Drivers/STM32F4xx_HAL_Driver/Src/stm32f4xx_hal_cortex.o
 .debug_line    0x0000000000006494      0xe29 ./Drivers/STM32F4xx_HAL_Driver/Src/stm32f4xx_hal_dcmi.o
 .debug_line    0x00000000000072bd      0x7e4 ./Drivers/STM32F4xx_HAL_Driver/Src/stm32f4xx_hal_dcmi_ex.o
 .debug_line    0x0000000000007aa1      0xf8e ./Drivers/STM32F4xx_HAL_Driver/Src/stm32f4xx_hal_dma.o
 .debug_line    0x0000000000008a2f     0x13bc ./Drivers/STM32F4xx_HAL_Driver/Src/stm32f4xx_hal_dma_ex.o
 .debug_line    0x0000000000009deb      0xb9f ./Drivers/STM32F4xx_HAL_Driver/Src/stm32f4xx_hal_gpio.o
 .debug_line    0x000000000000a98a     0x39d5 ./Drivers/STM32F4xx_HAL_Driver/Src/stm32f4xx_hal_i2c.o
 .debug_line    0x000000000000e35f      0xda5 ./Drivers/STM32F4xx_HAL_Driver/Src/stm32f4xx_hal_rcc.o
 .debug_line    0x000000000000f104      0xbcb ./Drivers/STM32F4xx_HAL_Driver/Src/stm32f4xx_hal_sram.o
 .debug_line    0x000000000000fccf     0x371d ./Drivers/STM32F4xx_HAL_Driver/Src/stm32f4xx_hal_tim.o
 .debug_line    0x00000000000133ec     0x1a26 ./Drivers/STM32F4xx_HAL_Driver/Src/stm32f4xx_hal_tim_ex.o
 .debug_line    0x0000000000014e12      0xbde ./Drivers/STM32F4xx_HAL_Driver/Src/stm32f4xx_ll_fsmc.o

.debug_str      0x0000000000000000    0xd01b2
 .debug_str     0x0000000000000000    0xcb992 ./Core/Modules/camera/OV7670.o
                                      0xcbd5c (size before relaxing)
 .debug_str     0x00000000000cb992      0x2c4 ./Core/Modules/lcd/ili9341.o
                                      0xcb719 (size before relaxing)
 .debug_str     0x00000000000cbc56      0x424 ./Core/Modules/sensor/hc_sr04.o
                                      0xc78b1 (size before relaxing)
 .debug_str     0x00000000000cc07a      0xb39 ./Core/Src/main.o
                                      0xccc58 (size before relaxing)
 .debug_str     0x00000000000ccbb3      0x14a ./Core/Src/stm32f4xx_hal_msp.o
                                      0xc8490 (size before relaxing)
 .debug_str     0x00000000000cccfd      0x12e ./Core/Src/stm32f4xx_it.o
                                      0xc7c5c (size before relaxing)
 .debug_str     0x00000000000cce2b       0xaf ./Core/Src/system_stm32f4xx.o
                                      0xc721c (size before relaxing)
 .debug_str     0x00000000000cceda       0x36 ./Core/Startup/startup_stm32f407vetx.o
                                         0x8f (size before relaxing)
 .debug_str     0x00000000000ccf10      0x57b ./Drivers/STM32F4xx_HAL_Driver/Src/stm32f4xx_hal.o
                                      0xc7cfe (size before relaxing)
 .debug_str     0x00000000000cd48b      0x392 ./Drivers/STM32F4xx_HAL_Driver/Src/stm32f4xx_hal_cortex.o
                                      0xc7aed (size before relaxing)
 .debug_str     0x00000000000cd81d      0x208 ./Drivers/STM32F4xx_HAL_Driver/Src/stm32f4xx_hal_dcmi.o
                                      0xc7792 (size before relaxing)
 .debug_str     0x00000000000cda25       0x3c ./Drivers/STM32F4xx_HAL_Driver/Src/stm32f4xx_hal_dcmi_ex.o
                                      0xc752d (size before relaxing)
 .debug_str     0x00000000000cda61      0x318 ./Drivers/STM32F4xx_HAL_Driver/Src/stm32f4xx_hal_dma.o
                                      0xc7646 (size before relaxing)
 .debug_str     0x00000000000cdd79       0xe3 ./Drivers/STM32F4xx_HAL_Driver/Src/stm32f4xx_hal_dma_ex.o
                                      0xc742e (size before relaxing)
 .debug_str     0x00000000000cde5c      0x15f ./Drivers/STM32F4xx_HAL_Driver/Src/stm32f4xx_hal_gpio.o
                                      0xc73c3 (size before relaxing)
 .debug_str     0x00000000000cdfbb      0xaad ./Drivers/STM32F4xx_HAL_Driver/Src/stm32f4xx_hal_i2c.o
                                      0xc819e (size before relaxing)
 .debug_str     0x00000000000cea68      0x24e ./Drivers/STM32F4xx_HAL_Driver/Src/stm32f4xx_hal_rcc.o
                                      0xc761e (size before relaxing)
 .debug_str     0x00000000000cecb6      0x1ae ./Drivers/STM32F4xx_HAL_Driver/Src/stm32f4xx_hal_sram.o
                                      0xc7736 (size before relaxing)
 .debug_str     0x00000000000cee64      0xd5b ./Drivers/STM32F4xx_HAL_Driver/Src/stm32f4xx_hal_tim.o
                                      0xc854b (size before relaxing)
 .debug_str     0x00000000000cfbbf      0x4ee ./Drivers/STM32F4xx_HAL_Driver/Src/stm32f4xx_hal_tim_ex.o
                                      0xc7cfc (size before relaxing)
 .debug_str     0x00000000000d00ad      0x105 ./Drivers/STM32F4xx_HAL_Driver/Src/stm32f4xx_ll_fsmc.o
                                      0xc75fd (size before relaxing)

.comment        0x0000000000000000       0x53
 .comment       0x0000000000000000       0x53 ./Core/Modules/camera/OV7670.o
                                         0x54 (size before relaxing)
 .comment       0x0000000000000053       0x54 ./Core/Modules/lcd/ili9341.o
 .comment       0x0000000000000053       0x54 ./Core/Modules/sensor/hc_sr04.o
 .comment       0x0000000000000053       0x54 ./Core/Src/main.o
 .comment       0x0000000000000053       0x54 ./Core/Src/stm32f4xx_hal_msp.o
 .comment       0x0000000000000053       0x54 ./Core/Src/stm32f4xx_it.o
 .comment       0x0000000000000053       0x54 ./Core/Src/system_stm32f4xx.o
 .comment       0x0000000000000053       0x54 ./Drivers/STM32F4xx_HAL_Driver/Src/stm32f4xx_hal.o
 .comment       0x0000000000000053       0x54 ./Drivers/STM32F4xx_HAL_Driver/Src/stm32f4xx_hal_cortex.o
 .comment       0x0000000000000053       0x54 ./Drivers/STM32F4xx_HAL_Driver/Src/stm32f4xx_hal_dcmi.o
 .comment       0x0000000000000053       0x54 ./Drivers/STM32F4xx_HAL_Driver/Src/stm32f4xx_hal_dcmi_ex.o
 .comment       0x0000000000000053       0x54 ./Drivers/STM32F4xx_HAL_Driver/Src/stm32f4xx_hal_dma.o
 .comment       0x0000000000000053       0x54 ./Drivers/STM32F4xx_HAL_Driver/Src/stm32f4xx_hal_dma_ex.o
 .comment       0x0000000000000053       0x54 ./Drivers/STM32F4xx_HAL_Driver/Src/stm32f4xx_hal_gpio.o
 .comment       0x0000000000000053       0x54 ./Drivers/STM32F4xx_HAL_Driver/Src/stm32f4xx_hal_i2c.o
 .comment       0x0000000000000053       0x54 ./Drivers/STM32F4xx_HAL_Driver/Src/stm32f4xx_hal_rcc.o
 .comment       0x0000000000000053       0x54 ./Drivers/STM32F4xx_HAL_Driver/Src/stm32f4xx_hal_sram.o
 .comment       0x0000000000000053       0x54 ./Drivers/STM32F4xx_HAL_Driver/Src/stm32f4xx_hal_tim.o
 .comment       0x0000000000000053       0x54 ./Drivers/STM32F4xx_HAL_Driver/Src/stm32f4xx_hal_tim_ex.o
 .comment       0x0000000000000053       0x54 ./Drivers/STM32F4xx_HAL_Driver/Src/stm32f4xx_ll_fsmc.o

.debug_frame    0x0000000000000000     0x4620
 .debug_frame   0x0000000000000000      0x104 ./Core/Modules/camera/OV7670.o
 .debug_frame   0x0000000000000104      0x254 ./Core/Modules/lcd/ili9341.o
 .debug_frame   0x0000000000000358       0xf0 ./Core/Modules/sensor/hc_sr04.o
 .debug_frame   0x0000000000000448      0x1a0 ./Core/Src/main.o
 .debug_frame   0x00000000000005e8      0x1e0 ./Core/Src/stm32f4xx_hal_msp.o
 .debug_frame   0x00000000000007c8      0x1c8 ./Core/Src/stm32f4xx_it.o
 .debug_frame   0x0000000000000990       0x58 ./Core/Src/system_stm32f4xx.o
 .debug_frame   0x00000000000009e8      0x374 ./Drivers/STM32F4xx_HAL_Driver/Src/stm32f4xx_hal.o
 .debug_frame   0x0000000000000d5c      0x498 ./Drivers/STM32F4xx_HAL_Driver/Src/stm32f4xx_hal_cortex.o
 .debug_frame   0x00000000000011f4      0x340 ./Drivers/STM32F4xx_HAL_Driver/Src/stm32f4xx_hal_dcmi.o
 .debug_frame   0x0000000000001534       0x34 ./Drivers/STM32F4xx_HAL_Driver/Src/stm32f4xx_hal_dcmi_ex.o
 .debug_frame   0x0000000000001568      0x250 ./Drivers/STM32F4xx_HAL_Driver/Src/stm32f4xx_hal_dma.o
 .debug_frame   0x00000000000017b8       0xac ./Drivers/STM32F4xx_HAL_Driver/Src/stm32f4xx_hal_dma_ex.o
 .debug_frame   0x0000000000001864      0x14c ./Drivers/STM32F4xx_HAL_Driver/Src/stm32f4xx_hal_gpio.o
 .debug_frame   0x00000000000019b0      0xc5c ./Drivers/STM32F4xx_HAL_Driver/Src/stm32f4xx_hal_i2c.o
 .debug_frame   0x000000000000260c      0x1f0 ./Drivers/STM32F4xx_HAL_Driver/Src/stm32f4xx_hal_rcc.o
 .debug_frame   0x00000000000027fc      0x2a0 ./Drivers/STM32F4xx_HAL_Driver/Src/stm32f4xx_hal_sram.o
 .debug_frame   0x0000000000002a9c     0x11c4 ./Drivers/STM32F4xx_HAL_Driver/Src/stm32f4xx_hal_tim.o
 .debug_frame   0x0000000000003c60      0x638 ./Drivers/STM32F4xx_HAL_Driver/Src/stm32f4xx_hal_tim_ex.o
 .debug_frame   0x0000000000004298      0x2dc ./Drivers/STM32F4xx_HAL_Driver/Src/stm32f4xx_ll_fsmc.o
 .debug_frame   0x0000000000004574       0x2c c:/st/stm32cubeide_1.7.0/stm32cubeide/plugins/com.st.stm32cube.ide.mcu.externaltools.gnu-tools-for-stm32.9-2020-q2-update.win32_2.0.0.202105311346/tools/bin/../lib/gcc/arm-none-eabi/9.3.1/../../../../arm-none-eabi/lib/thumb/v7e-m+fp/hard\libc_nano.a(lib_a-init.o)
 .debug_frame   0x00000000000045a0       0x20 c:/st/stm32cubeide_1.7.0/stm32cubeide/plugins/com.st.stm32cube.ide.mcu.externaltools.gnu-tools-for-stm32.9-2020-q2-update.win32_2.0.0.202105311346/tools/bin/../lib/gcc/arm-none-eabi/9.3.1/../../../../arm-none-eabi/lib/thumb/v7e-m+fp/hard\libc_nano.a(lib_a-memset.o)
 .debug_frame   0x00000000000045c0       0x2c c:/st/stm32cubeide_1.7.0/stm32cubeide/plugins/com.st.stm32cube.ide.mcu.externaltools.gnu-tools-for-stm32.9-2020-q2-update.win32_2.0.0.202105311346/tools/bin/../lib/gcc/arm-none-eabi/9.3.1/thumb/v7e-m+fp/hard\libgcc.a(_aeabi_uldivmod.o)
 .debug_frame   0x00000000000045ec       0x34 c:/st/stm32cubeide_1.7.0/stm32cubeide/plugins/com.st.stm32cube.ide.mcu.externaltools.gnu-tools-for-stm32.9-2020-q2-update.win32_2.0.0.202105311346/tools/bin/../lib/gcc/arm-none-eabi/9.3.1/thumb/v7e-m+fp/hard\libgcc.a(_udivmoddi4.o)
