main.c:90:5:main	24	static
main.c:182:6:SystemClock_Config	88	static
main.c:228:13:MX_DCMI_Init	8	static
main.c:261:13:MX_I2C2_Init	8	static
main.c:295:13:MX_SPI2_Init	8	static
main.c:333:13:MX_TIM2_Init	32	static
main.c:378:13:MX_TIM3_Init	32	static
main.c:423:13:MX_TIM8_Init	32	static
main.c:470:13:MX_DMA_Init	16	static
main.c:488:13:MX_GPIO_Init	56	static
main.c:557:13:MX_FSMC_Init	64	static
main.c:620:6:HAL_TIM_PeriodElapsedCallback	16	static
main.c:638:6:Error_Handler	4	static,ignoring_inline_asm
