stm32f4xx_hal_msp.c:65:6:HAL_MspInit	16	static
stm32f4xx_hal_msp.c:87:6:HAL_DCMI_MspInit	56	static
stm32f4xx_hal_msp.c:170:6:HAL_DCMI_MspDeInit	16	static
stm32f4xx_hal_msp.c:217:6:HAL_I2C_MspInit	48	static
stm32f4xx_hal_msp.c:258:6:HAL_I2C_MspDeInit	16	static
stm32f4xx_hal_msp.c:292:6:HAL_TIM_Base_MspInit	24	static
stm32f4xx_hal_msp.c:317:6:HAL_TIM_IC_MspInit	48	static
stm32f4xx_hal_msp.c:355:6:HAL_TIM_Base_MspDeInit	16	static
stm32f4xx_hal_msp.c:380:6:HAL_TIM_IC_MspDeInit	16	static
stm32f4xx_hal_msp.c:406:13:HAL_FSMC_MspInit	32	static
stm32f4xx_hal_msp.c:464:6:HAL_SRAM_MspInit	16	static
stm32f4xx_hal_msp.c:476:13:HAL_FSMC_MspDeInit	8	static
stm32f4xx_hal_msp.c:522:6:HAL_SRAM_MspDeInit	16	static
