ili9341.c:23:6:lcd_ILI_init	16	static
ili9341.c:102:6:lcd_ILI_set_write_area	24	static
ili9341.c:119:6:lcd_ILI_set_read_area	24	static
ili9341.c:139:6:lcd_ILI_draw_rect	32	static
ili9341.c:153:6:lcd_ILI_draw_char	32	static
ili9341.c:175:6:lcd_ILI_draw_string	48	static
ili9341.c:203:11:lcd_ILI_get_draw_addr	8	static
ili9341.c:212:6:lcd_ILI_get_subframe_RGB565	48	static
ili9341.c:254:6:lcd_ILI_get_subframe_Grey	56	static
ili9341.c:293:6:lcd_ILI_display_frame_RGB565	32	static,ignoring_inline_asm
ili9341.c:315:6:lcd_ILI_display_frame_Grey	40	static
ili9341.c:347:6:lcd_ILI_display_frame_RGB565_from_u32	48	static
ili9341.c:376:20:write_cmd	16	static
ili9341.c:381:20:write_data	16	static
ili9341.c:386:24:read_data	16	static
