ili9341.c:21:6:lcd_ILI_init	16	static
ili9341.c:100:6:lcd_ILI_set_write_area	24	static
ili9341.c:117:6:lcd_ILI_set_read_area	24	static
ili9341.c:137:6:lcd_ILI_draw_rect	32	static
ili9341.c:151:6:lcd_ILI_draw_char	32	static
ili9341.c:173:6:lcd_ILI_draw_string	48	static
ili9341.c:204:6:lcd_ILI_display_frame	32	static
ili9341.c:224:11:lcd_ILI_get_draw_addr	8	static
ili9341.c:230:6:lcd_ILI_get_subframe_RGB565	48	static
ili9341.c:272:6:lcd_ILI_get_subframe_GreyScale	56	static
ili9341.c:319:20:write_cmd	16	static
ili9341.c:324:20:write_data	16	static
ili9341.c:329:24:read_data	16	static
